Archive member included to satisfy reference by file (symbol)

d:/study_stm32/environment/gcc-arm-none-eabi-9-2019-q4-major-win32 (1)/bin/../lib/gcc/arm-none-eabi/9.2.1/thumb/v7e-m/nofp\libgcc.a(_aeabi_uldivmod.o)
                              CMakeFiles/demo8.elf.dir/Drivers/STM32F4xx_HAL_Driver/Src/stm32f4xx_hal_rcc.c.obj (__aeabi_uldivmod)
d:/study_stm32/environment/gcc-arm-none-eabi-9-2019-q4-major-win32 (1)/bin/../lib/gcc/arm-none-eabi/9.2.1/thumb/v7e-m/nofp\libgcc.a(_udivmoddi4.o)
                              d:/study_stm32/environment/gcc-arm-none-eabi-9-2019-q4-major-win32 (1)/bin/../lib/gcc/arm-none-eabi/9.2.1/thumb/v7e-m/nofp\libgcc.a(_aeabi_uldivmod.o) (__udivmoddi4)
d:/study_stm32/environment/gcc-arm-none-eabi-9-2019-q4-major-win32 (1)/bin/../lib/gcc/arm-none-eabi/9.2.1/thumb/v7e-m/nofp\libgcc.a(_dvmd_tls.o)
                              d:/study_stm32/environment/gcc-arm-none-eabi-9-2019-q4-major-win32 (1)/bin/../lib/gcc/arm-none-eabi/9.2.1/thumb/v7e-m/nofp\libgcc.a(_aeabi_uldivmod.o) (__aeabi_ldiv0)
d:/study_stm32/environment/gcc-arm-none-eabi-9-2019-q4-major-win32 (1)/bin/../lib/gcc/arm-none-eabi/9.2.1/../../../../arm-none-eabi/lib/thumb/v7e-m/nofp\libg.a(lib_a-errno.o)
                              CMakeFiles/demo8.elf.dir/Core/Src/syscalls.c.obj (__errno)
d:/study_stm32/environment/gcc-arm-none-eabi-9-2019-q4-major-win32 (1)/bin/../lib/gcc/arm-none-eabi/9.2.1/../../../../arm-none-eabi/lib/thumb/v7e-m/nofp\libg.a(lib_a-exit.o)
                              d:/study_stm32/environment/gcc-arm-none-eabi-9-2019-q4-major-win32 (1)/bin/../lib/gcc/arm-none-eabi/9.2.1/../../../../arm-none-eabi/lib/thumb/v7e-m/nofp/crt0.o (exit)
d:/study_stm32/environment/gcc-arm-none-eabi-9-2019-q4-major-win32 (1)/bin/../lib/gcc/arm-none-eabi/9.2.1/../../../../arm-none-eabi/lib/thumb/v7e-m/nofp\libg.a(lib_a-impure.o)
                              d:/study_stm32/environment/gcc-arm-none-eabi-9-2019-q4-major-win32 (1)/bin/../lib/gcc/arm-none-eabi/9.2.1/../../../../arm-none-eabi/lib/thumb/v7e-m/nofp\libg.a(lib_a-exit.o) (_global_impure_ptr)
d:/study_stm32/environment/gcc-arm-none-eabi-9-2019-q4-major-win32 (1)/bin/../lib/gcc/arm-none-eabi/9.2.1/../../../../arm-none-eabi/lib/thumb/v7e-m/nofp\libg.a(lib_a-init.o)
                              d:/study_stm32/environment/gcc-arm-none-eabi-9-2019-q4-major-win32 (1)/bin/../lib/gcc/arm-none-eabi/9.2.1/../../../../arm-none-eabi/lib/thumb/v7e-m/nofp/crt0.o (__libc_init_array)
d:/study_stm32/environment/gcc-arm-none-eabi-9-2019-q4-major-win32 (1)/bin/../lib/gcc/arm-none-eabi/9.2.1/../../../../arm-none-eabi/lib/thumb/v7e-m/nofp\libg.a(lib_a-memset.o)
                              d:/study_stm32/environment/gcc-arm-none-eabi-9-2019-q4-major-win32 (1)/bin/../lib/gcc/arm-none-eabi/9.2.1/../../../../arm-none-eabi/lib/thumb/v7e-m/nofp/crt0.o (memset)
d:/study_stm32/environment/gcc-arm-none-eabi-9-2019-q4-major-win32 (1)/bin/../lib/gcc/arm-none-eabi/9.2.1/../../../../arm-none-eabi/lib/thumb/v7e-m/nofp\libg.a(lib_a-puts.o)
                              CMakeFiles/demo8.elf.dir/Core/Src/main.c.obj (puts)
d:/study_stm32/environment/gcc-arm-none-eabi-9-2019-q4-major-win32 (1)/bin/../lib/gcc/arm-none-eabi/9.2.1/../../../../arm-none-eabi/lib/thumb/v7e-m/nofp\libg.a(lib_a-strlen.o)
                              d:/study_stm32/environment/gcc-arm-none-eabi-9-2019-q4-major-win32 (1)/bin/../lib/gcc/arm-none-eabi/9.2.1/../../../../arm-none-eabi/lib/thumb/v7e-m/nofp\libg.a(lib_a-puts.o) (strlen)
d:/study_stm32/environment/gcc-arm-none-eabi-9-2019-q4-major-win32 (1)/bin/../lib/gcc/arm-none-eabi/9.2.1/../../../../arm-none-eabi/lib/thumb/v7e-m/nofp\libg.a(lib_a-__call_atexit.o)
                              d:/study_stm32/environment/gcc-arm-none-eabi-9-2019-q4-major-win32 (1)/bin/../lib/gcc/arm-none-eabi/9.2.1/../../../../arm-none-eabi/lib/thumb/v7e-m/nofp\libg.a(lib_a-exit.o) (__call_exitprocs)
d:/study_stm32/environment/gcc-arm-none-eabi-9-2019-q4-major-win32 (1)/bin/../lib/gcc/arm-none-eabi/9.2.1/../../../../arm-none-eabi/lib/thumb/v7e-m/nofp\libg.a(lib_a-atexit.o)
                              d:/study_stm32/environment/gcc-arm-none-eabi-9-2019-q4-major-win32 (1)/bin/../lib/gcc/arm-none-eabi/9.2.1/../../../../arm-none-eabi/lib/thumb/v7e-m/nofp\libg.a(lib_a-__call_atexit.o) (atexit)
d:/study_stm32/environment/gcc-arm-none-eabi-9-2019-q4-major-win32 (1)/bin/../lib/gcc/arm-none-eabi/9.2.1/../../../../arm-none-eabi/lib/thumb/v7e-m/nofp\libg.a(lib_a-findfp.o)
                              d:/study_stm32/environment/gcc-arm-none-eabi-9-2019-q4-major-win32 (1)/bin/../lib/gcc/arm-none-eabi/9.2.1/../../../../arm-none-eabi/lib/thumb/v7e-m/nofp\libg.a(lib_a-puts.o) (__sinit)
d:/study_stm32/environment/gcc-arm-none-eabi-9-2019-q4-major-win32 (1)/bin/../lib/gcc/arm-none-eabi/9.2.1/../../../../arm-none-eabi/lib/thumb/v7e-m/nofp\libg.a(lib_a-fini.o)
[...]
Memory Configuration

Name             Origin             Length             Attributes
RAM              0x20000000         0x00020000         xrw
CCMRAM           0x10000000         0x00010000         xrw
FLASH            0x08000000         0x00100000         xr
*default*        0x00000000         0xffffffff

Linker script and memory map

LOAD d:/study_stm32/environment/gcc-arm-none-eabi-9-2019-q4-major-win32 (1)/bin/../lib/gcc/arm-none-eabi/9.2.1/thumb/v7e-m/nofp/crti.o
LOAD d:/study_stm32/environment/gcc-arm-none-eabi-9-2019-q4-major-win32 (1)/bin/../lib/gcc/arm-none-eabi/9.2.1/thumb/v7e-m/nofp/crtbegin.o
LOAD d:/study_stm32/environment/gcc-arm-none-eabi-9-2019-q4-major-win32 (1)/bin/../lib/gcc/arm-none-eabi/9.2.1/../../../../arm-none-eabi/lib/thumb/v7e-m/nofp/crt0.o
LOAD CMakeFiles/demo8.elf.dir/Core/Src/gpio.c.obj
LOAD CMakeFiles/demo8.elf.dir/Core/Src/main.c.obj
LOAD CMakeFiles/demo8.elf.dir/Core/Src/stm32f4xx_hal_msp.c.obj
LOAD CMakeFiles/demo8.elf.dir/Core/Src/stm32f4xx_it.c.obj
LOAD CMakeFiles/demo8.elf.dir/Core/Src/syscalls.c.obj
LOAD CMakeFiles/demo8.elf.dir/Core/Src/system_stm32f4xx.c.obj
LOAD CMakeFiles/demo8.elf.dir/Core/Src/usart.c.obj
LOAD CMakeFiles/demo8.elf.dir/Drivers/STM32F4xx_HAL_Driver/Src/stm32f4xx_hal.c.obj
LOAD CMakeFiles/demo8.elf.dir/Drivers/STM32F4xx_HAL_Driver/Src/stm32f4xx_hal_cortex.c.obj
LOAD CMakeFiles/demo8.elf.dir/Drivers/STM32F4xx_HAL_Driver/Src/stm32f4xx_hal_dma.c.obj
LOAD CMakeFiles/demo8.elf.dir/Drivers/STM32F4xx_HAL_Driver/Src/stm32f4xx_hal_dma_ex.c.obj
LOAD CMakeFiles/demo8.elf.dir/Drivers/STM32F4xx_HAL_Driver/Src/stm32f4xx_hal_exti.c.obj
LOAD CMakeFiles/demo8.elf.dir/Drivers/STM32F4xx_HAL_Driver/Src/stm32f4xx_hal_flash.c.obj
LOAD CMakeFiles/demo8.elf.dir/Drivers/STM32F4xx_HAL_Driver/Src/stm32f4xx_hal_flash_ex.c.obj
LOAD CMakeFiles/demo8.elf.dir/Drivers/STM32F4xx_HAL_Driver/Src/stm32f4xx_hal_flash_ramfunc.c.obj
LOAD CMakeFiles/demo8.elf.dir/Drivers/STM32F4xx_HAL_Driver/Src/stm32f4xx_hal_gpio.c.obj
LOAD CMakeFiles/demo8.elf.dir/Drivers/STM32F4xx_HAL_Driver/Src/stm32f4xx_hal_pwr.c.obj
LOAD CMakeFiles/demo8.elf.dir/Drivers/STM32F4xx_HAL_Driver/Src/stm32f4xx_hal_pwr_ex.c.obj
LOAD CMakeFiles/demo8.elf.dir/Drivers/STM32F4xx_HAL_Driver/Src/stm32f4xx_hal_rcc.c.obj
LOAD CMakeFiles/demo8.elf.dir/Drivers/STM32F4xx_HAL_Driver/Src/stm32f4xx_hal_rcc_ex.c.obj
LOAD CMakeFiles/demo8.elf.dir/Drivers/STM32F4xx_HAL_Driver/Src/stm32f4xx_hal_tim.c.obj
LOAD CMakeFiles/demo8.elf.dir/Drivers/STM32F4xx_HAL_Driver/Src/stm32f4xx_hal_tim_ex.c.obj
LOAD CMakeFiles/demo8.elf.dir/Drivers/STM32F4xx_HAL_Driver/Src/stm32f4xx_hal_uart.c.obj
LOAD CMakeFiles/demo8.elf.dir/startup/startup_stm32f407xx.s.obj
START GROUP
LOAD d:/study_stm32/environment/gcc-arm-none-eabi-9-2019-q4-major-win32 (1)/bin/../lib/gcc/arm-none-eabi/9.2.1/thumb/v7e-m/nofp\libgcc.a
LOAD d:/study_stm32/environment/gcc-arm-none-eabi-9-2019-q4-major-win32 (1)/bin/../lib/gcc/arm-none-eabi/9.2.1/../../../../arm-none-eabi/lib/thumb/v7e-m/nofp\libg.a
LOAD d:/study_stm32/environment/gcc-arm-none-eabi-9-2019-q4-major-win32 (1)/bin/../lib/gcc/arm-none-eabi/9.2.1/../../../../arm-none-eabi/lib/thumb/v7e-m/nofp\libc.a
END GROUP
LOAD d:/study_stm32/environment/gcc-arm-none-eabi-9-2019-q4-major-win32 (1)/bin/../lib/gcc/arm-none-eabi/9.2.1/thumb/v7e-m/nofp/crtend.o
LOAD d:/study_stm32/environment/gcc-arm-none-eabi-9-2019-q4-major-win32 (1)/bin/../lib/gcc/arm-none-eabi/9.2.1/thumb/v7e-m/nofp/crtn.o
                0x20020000                _estack = 0x20020000
                0x00000200                _Min_Heap_Size = 0x200
                0x00000400                _Min_Stack_Size = 0x400

.isr_vector     0x08000000      0x188
                0x08000000                . = ALIGN (0x4)
 *(.isr_vector)
 .isr_vector    0x08000000      0x188 CMakeFiles/demo8.elf.dir/startup/startup_stm32f407xx.s.obj
                0x08000000                g_pfnVectors
                0x08000188                . = ALIGN (0x4)

.text           0x080001c0     0x3550
                0x080001c0                . = ALIGN (0x4)
 *(.text)
 .text          0x080001c0       0x40 d:/study_stm32/environment/gcc-arm-none-eabi-9-2019-q4-major-win32 (1)/bin/../lib/gcc/arm-none-eabi/9.2.1/thumb/v7e-m/nofp/crtbegin.o
 .text          0x08000200       0x30 d:/study_stm32/environment/gcc-arm-none-eabi-9-2019-q4-major-win32 (1)/bin/../lib/gcc/arm-none-eabi/9.2.1/thumb/v7e-m/nofp\libgcc.a(_aeabi_uldivmod.o)
                0x08000200                __aeabi_uldivmod
 .text          0x08000230      0x2c0 d:/study_stm32/environment/gcc-arm-none-eabi-9-2019-q4-major-win32 (1)/bin/../lib/gcc/arm-none-eabi/9.2.1/thumb/v7e-m/nofp\libgcc.a(_udivmoddi4.o)
                0x08000230                __udivmoddi4
 .text          0x080004f0        0x4 d:/study_stm32/environment/gcc-arm-none-eabi-9-2019-q4-major-win32 (1)/bin/../lib/gcc/arm-none-eabi/9.2.1/thumb/v7e-m/nofp\libgcc.a(_dvmd_tls.o)
                0x080004f0                __aeabi_idiv0
                0x080004f0                __aeabi_ldiv0
 *fill*         0x080004f4        0xc 
 .text          0x08000500       0xdc d:/study_stm32/environment/gcc-arm-none-eabi-9-2019-q4-major-win32 (1)/bin/../lib/gcc/arm-none-eabi/9.2.1/../../../../arm-none-eabi/lib/thumb/v7e-m/nofp\libg.a(lib_a-strlen.o)
                0x08000500                strlen
 *fill*         0x080005dc        0x4 
 .text          0x080005e0       0xa0 d:/study_stm32/environment/gcc-arm-none-eabi-9-2019-q4-major-win32 (1)/bin/../lib/gcc/arm-none-eabi/9.2.1/../../../../arm-none-eabi/lib/thumb/v7e-m/nofp\libg.a(lib_a-memchr.o)
                0x080005e0                memchr
 .text          0x08000680      0x134 d:/study_stm32/environment/gcc-arm-none-eabi-9-2019-q4-major-win32 (1)/bin/../lib/gcc/arm-none-eabi/9.2.1/../../../../arm-none-eabi/lib/thumb/v7e-m/nofp\libg.a(lib_a-memcpy.o)
                0x08000680                memcpy
 *(.text*)
 .text.MX_GPIO_Init
                0x080007b4       0x80 CMakeFiles/demo8.elf.dir/Core/Src/gpio.c.obj
                0x080007b4                MX_GPIO_Init
 .text.__io_putchar
                0x08000834       0x20 CMakeFiles/demo8.elf.dir/Core/Src/main.c.obj
                0x08000834                __io_putchar
 .text.Error_Handler
                0x08000854        0x4 CMakeFiles/demo8.elf.dir/Core/Src/main.c.obj
                0x08000854                Error_Handler
 .text.SystemClock_Config
                0x08000858       0xac CMakeFiles/demo8.elf.dir/Core/Src/main.c.obj
                0x08000858                SystemClock_Config
 .text.main     0x08000904       0x4c CMakeFiles/demo8.elf.dir/Core/Src/main.c.obj
                0x08000904                main
 .text.HAL_MspInit
                0x08000950       0x40 CMakeFiles/demo8.elf.dir/Core/Src/stm32f4xx_hal_msp.c.obj
                0x08000950                HAL_MspInit
 .text.NMI_Handler
                0x08000990        0x2 CMakeFiles/demo8.elf.dir/Core/Src/stm32f4xx_it.c.obj
                0x08000990                NMI_Handler
 .text.HardFault_Handler
                0x08000992        0x2 CMakeFiles/demo8.elf.dir/Core/Src/stm32f4xx_it.c.obj
                0x08000992                HardFault_Handler
 .text.MemManage_Handler
                0x08000994        0x2 CMakeFiles/demo8.elf.dir/Core/Src/stm32f4xx_it.c.obj
                0x08000994                MemManage_Handler
 .text.BusFault_Handler
                0x08000996        0x2 CMakeFiles/demo8.elf.dir/Core/Src/stm32f4xx_it.c.obj
                0x08000996                BusFault_Handler
 .text.UsageFault_Handler
                0x08000998        0x2 CMakeFiles/demo8.elf.dir/Core/Src/stm32f4xx_it.c.obj
                0x08000998                UsageFault_Handler
 .text.SVC_Handler
                0x0800099a        0x2 CMakeFiles/demo8.elf.dir/Core/Src/stm32f4xx_it.c.obj
                0x0800099a                SVC_Handler
 .text.DebugMon_Handler
                0x0800099c        0x2 CMakeFiles/demo8.elf.dir/Core/Src/stm32f4xx_it.c.obj
                0x0800099c                DebugMon_Handler
 .text.PendSV_Handler
                0x0800099e        0x2 CMakeFiles/demo8.elf.dir/Core/Src/stm32f4xx_it.c.obj
                0x0800099e                PendSV_Handler
 .text.SysTick_Handler
                0x080009a0        0x8 CMakeFiles/demo8.elf.dir/Core/Src/stm32f4xx_it.c.obj
                0x080009a0                SysTick_Handler
 .text.USART1_IRQHandler
                0x080009a8       0x10 CMakeFiles/demo8.elf.dir/Core/Src/stm32f4xx_it.c.obj
                0x080009a8                USART1_IRQHandler
 .text._read    0x080009b8       0x20 CMakeFiles/demo8.elf.dir/Core/Src/syscalls.c.obj
                0x080009b8                _read
 .text._write   0x080009d8       0x1c CMakeFiles/demo8.elf.dir/Core/Src/syscalls.c.obj
                0x080009d8                _write
 .text._sbrk    0x080009f4       0x3c CMakeFiles/demo8.elf.dir/Core/Src/syscalls.c.obj
                0x080009f4                _sbrk
 .text._close   0x08000a30        0x6 CMakeFiles/demo8.elf.dir/Core/Src/syscalls.c.obj
                0x08000a30                _close
 .text._fstat   0x08000a36        0xa CMakeFiles/demo8.elf.dir/Core/Src/syscalls.c.obj
                0x08000a36                _fstat
 .text._isatty  0x08000a40        0x4 CMakeFiles/demo8.elf.dir/Core/Src/syscalls.c.obj
                0x08000a40                _isatty
 .text._lseek   0x08000a44        0x4 CMakeFiles/demo8.elf.dir/Core/Src/syscalls.c.obj
                0x08000a44                _lseek
 .text.SystemInit
                0x08000a48        0x2 CMakeFiles/demo8.elf.dir/Core/Src/system_stm32f4xx.c.obj
                0x08000a48                SystemInit
 *fill*         0x08000a4a        0x2 
 .text.MX_USART1_UART_Init
                0x08000a4c       0x44 CMakeFiles/demo8.elf.dir/Core/Src/usart.c.obj
                0x08000a4c                MX_USART1_UART_Init
 .text.HAL_UART_MspInit
                0x08000a90       0x84 CMakeFiles/demo8.elf.dir/Core/Src/usart.c.obj
                0x08000a90                HAL_UART_MspInit
 .text.HAL_UART_RxCpltCallback
                0x08000b14       0x28 CMakeFiles/demo8.elf.dir/Core/Src/usart.c.obj
                0x08000b14                HAL_UART_RxCpltCallback
 .text.HAL_InitTick
                0x08000b3c       0x4c CMakeFiles/demo8.elf.dir/Drivers/STM32F4xx_HAL_Driver/Src/stm32f4xx_hal.c.obj
                0x08000b3c                HAL_InitTick
 .text.HAL_Init
                0x08000b88       0x34 CMakeFiles/demo8.elf.dir/Drivers/STM32F4xx_HAL_Driver/Src/stm32f4xx_hal.c.obj
                0x08000b88                HAL_Init
 .text.HAL_IncTick
                0x08000bbc       0x18 CMakeFiles/demo8.elf.dir/Drivers/STM32F4xx_HAL_Driver/Src/stm32f4xx_hal.c.obj
                0x08000bbc                HAL_IncTick
 .text.HAL_GetTick
                0x08000bd4        0xc CMakeFiles/demo8.elf.dir/Drivers/STM32F4xx_HAL_Driver/Src/stm32f4xx_hal.c.obj
                0x08000bd4                HAL_GetTick
 .text.HAL_Delay
                0x08000be0       0x28 CMakeFiles/demo8.elf.dir/Drivers/STM32F4xx_HAL_Driver/Src/stm32f4xx_hal.c.obj
                0x08000be0                HAL_Delay
 .text.HAL_NVIC_SetPriorityGrouping
                0x08000c08       0x24 CMakeFiles/demo8.elf.dir/Drivers/STM32F4xx_HAL_Driver/Src/stm32f4xx_hal_cortex.c.obj
                0x08000c08                HAL_NVIC_SetPriorityGrouping
 .text.HAL_NVIC_SetPriority
                0x08000c2c       0x68 CMakeFiles/demo8.elf.dir/Drivers/STM32F4xx_HAL_Driver/Src/stm32f4xx_hal_cortex.c.obj
                0x08000c2c                HAL_NVIC_SetPriority
 .text.HAL_NVIC_EnableIRQ
                0x08000c94       0x1c CMakeFiles/demo8.elf.dir/Drivers/STM32F4xx_HAL_Driver/Src/stm32f4xx_hal_cortex.c.obj
                0x08000c94                HAL_NVIC_EnableIRQ
 .text.HAL_SYSTICK_Config
                0x08000cb0       0x2c CMakeFiles/demo8.elf.dir/Drivers/STM32F4xx_HAL_Driver/Src/stm32f4xx_hal_cortex.c.obj
                0x08000cb0                HAL_SYSTICK_Config
 .text.HAL_DMA_Abort
                0x08000cdc       0x94 CMakeFiles/demo8.elf.dir/Drivers/STM32F4xx_HAL_Driver/Src/stm32f4xx_hal_dma.c.obj
                0x08000cdc                HAL_DMA_Abort
 .text.HAL_DMA_Abort_IT
                0x08000d70       0x26 CMakeFiles/demo8.elf.dir/Drivers/STM32F4xx_HAL_Driver/Src/stm32f4xx_hal_dma.c.obj
                0x08000d70                HAL_DMA_Abort_IT
 *fill*         0x08000d96        0x2 
 .text.HAL_GPIO_Init
                0x08000d98      0x1d4 CMakeFiles/demo8.elf.dir/Drivers/STM32F4xx_HAL_Driver/Src/stm32f4xx_hal_gpio.c.obj
                0x08000d98                HAL_GPIO_Init
 .text.HAL_GPIO_WritePin
                0x08000f6c        0xc CMakeFiles/demo8.elf.dir/Drivers/STM32F4xx_HAL_Driver/Src/stm32f4xx_hal_gpio.c.obj
                0x08000f6c                HAL_GPIO_WritePin
 .text.HAL_RCC_OscConfig
                0x08000f78      0x3f8 CMakeFiles/demo8.elf.dir/Drivers/STM32F4xx_HAL_Driver/Src/stm32f4xx_hal_rcc.c.obj
                0x08000f78                HAL_RCC_OscConfig
 .text.HAL_RCC_GetSysClockFreq
                0x08001370       0xcc CMakeFiles/demo8.elf.dir/Drivers/STM32F4xx_HAL_Driver/Src/stm32f4xx_hal_rcc.c.obj
                0x08001370                HAL_RCC_GetSysClockFreq
 .text.HAL_RCC_ClockConfig
                0x0800143c      0x160 CMakeFiles/demo8.elf.dir/Drivers/STM32F4xx_HAL_Driver/Src/stm32f4xx_hal_rcc.c.obj
                0x0800143c                HAL_RCC_ClockConfig
 .text.HAL_RCC_GetHCLKFreq
                0x0800159c        0xc CMakeFiles/demo8.elf.dir/Drivers/STM32F4xx_HAL_Driver/Src/stm32f4xx_hal_rcc.c.obj
                0x0800159c                HAL_RCC_GetHCLKFreq
 .text.HAL_RCC_GetPCLK1Freq
                0x080015a8       0x20 CMakeFiles/demo8.elf.dir/Drivers/STM32F4xx_HAL_Driver/Src/stm32f4xx_hal_rcc.c.obj
                0x080015a8                HAL_RCC_GetPCLK1Freq
 .text.HAL_RCC_GetPCLK2Freq
                0x080015c8       0x20 CMakeFiles/demo8.elf.dir/Drivers/STM32F4xx_HAL_Driver/Src/stm32f4xx_hal_rcc.c.obj
                0x080015c8                HAL_RCC_GetPCLK2Freq
 .text.UART_EndRxTransfer
                0x080015e8       0x5c CMakeFiles/demo8.elf.dir/Drivers/STM32F4xx_HAL_Driver/Src/stm32f4xx_hal_uart.c.obj
 .text.UART_Transmit_IT
                0x08001644       0x60 CMakeFiles/demo8.elf.dir/Drivers/STM32F4xx_HAL_Driver/Src/stm32f4xx_hal_uart.c.obj
 .text.UART_SetConfig
                0x080016a4      0x11c CMakeFiles/demo8.elf.dir/Drivers/STM32F4xx_HAL_Driver/Src/stm32f4xx_hal_uart.c.obj
 .text.UART_WaitOnFlagUntilTimeout
                0x080017c0       0x84 CMakeFiles/demo8.elf.dir/Drivers/STM32F4xx_HAL_Driver/Src/stm32f4xx_hal_uart.c.obj
 .text.HAL_UART_Init
                0x08001844       0x5e CMakeFiles/demo8.elf.dir/Drivers/STM32F4xx_HAL_Driver/Src/stm32f4xx_hal_uart.c.obj
                0x08001844                HAL_UART_Init
 .text.HAL_UART_Transmit
                0x080018a2       0xd8 CMakeFiles/demo8.elf.dir/Drivers/STM32F4xx_HAL_Driver/Src/stm32f4xx_hal_uart.c.obj
                0x080018a2                HAL_UART_Transmit
 .text.HAL_UART_TxCpltCallback
                0x0800197a        0x2 CMakeFiles/demo8.elf.dir/Drivers/STM32F4xx_HAL_Driver/Src/stm32f4xx_hal_uart.c.obj
                0x0800197a                HAL_UART_TxCpltCallback
 .text.UART_EndTransmit_IT
                0x0800197c       0x1a CMakeFiles/demo8.elf.dir/Drivers/STM32F4xx_HAL_Driver/Src/stm32f4xx_hal_uart.c.obj
 .text.HAL_UART_ErrorCallback
                0x08001996        0x2 CMakeFiles/demo8.elf.dir/Drivers/STM32F4xx_HAL_Driver/Src/stm32f4xx_hal_uart.c.obj
                0x08001996                HAL_UART_ErrorCallback
 .text.UART_DMAAbortOnError
                0x08001998       0x10 CMakeFiles/demo8.elf.dir/Drivers/STM32F4xx_HAL_Driver/Src/stm32f4xx_hal_uart.c.obj
 .text.HAL_UARTEx_RxEventCallback
                0x080019a8        0x2 CMakeFiles/demo8.elf.dir/Drivers/STM32F4xx_HAL_Driver/Src/stm32f4xx_hal_uart.c.obj
                0x080019a8                HAL_UARTEx_RxEventCallback
 .text.UART_Receive_IT
                0x080019aa       0xe2 CMakeFiles/demo8.elf.dir/Drivers/STM32F4xx_HAL_Driver/Src/stm32f4xx_hal_uart.c.obj
 .text.HAL_UART_IRQHandler
                0x08001a8c      0x280 CMakeFiles/demo8.elf.dir/Drivers/STM32F4xx_HAL_Driver/Src/stm32f4xx_hal_uart.c.obj
                0x08001a8c                HAL_UART_IRQHandler
 .text.UART_Start_Receive_IT
                0x08001d0c       0x36 CMakeFiles/demo8.elf.dir/Drivers/STM32F4xx_HAL_Driver/Src/stm32f4xx_hal_uart.c.obj
                0x08001d0c                UART_Start_Receive_IT
 .text.HAL_UART_Receive_IT
                0x08001d42       0x38 CMakeFiles/demo8.elf.dir/Drivers/STM32F4xx_HAL_Driver/Src/stm32f4xx_hal_uart.c.obj
                0x08001d42                HAL_UART_Receive_IT
 *fill*         0x08001d7a        0x2 
 .text.Reset_Handler
                0x08001d7c       0x50 CMakeFiles/demo8.elf.dir/startup/startup_stm32f407xx.s.obj
                0x08001d7c                Reset_Handler
 .text.Default_Handler
                0x08001dcc        0x2 CMakeFiles/demo8.elf.dir/startup/startup_stm32f407xx.s.obj
                0x08001dcc                RTC_Alarm_IRQHandler
                0x08001dcc                HASH_RNG_IRQHandler
                0x08001dcc                EXTI2_IRQHandler
                0x08001dcc                TIM8_CC_IRQHandler
                0x08001dcc                TIM1_CC_IRQHandler
                0x08001dcc                DMA2_Stream5_IRQHandler
                0x08001dcc                DMA1_Stream5_IRQHandler
                0x08001dcc                PVD_IRQHandler
                0x08001dcc                SDIO_IRQHandler
                0x08001dcc                TAMP_STAMP_IRQHandler
                0x08001dcc                CAN2_RX1_IRQHandler
                0x08001dcc                EXTI3_IRQHandler
                0x08001dcc                TIM8_TRG_COM_TIM14_IRQHandler
                0x08001dcc                TIM1_UP_TIM10_IRQHandler
                0x08001dcc                TIM8_UP_TIM13_IRQHandler
                0x08001dcc                I2C3_ER_IRQHandler
                0x08001dcc                EXTI0_IRQHandler
                0x08001dcc                I2C2_EV_IRQHandler
                0x08001dcc                DMA1_Stream2_IRQHandler
                0x08001dcc                CAN1_RX0_IRQHandler
                0x08001dcc                FPU_IRQHandler
                0x08001dcc                OTG_HS_WKUP_IRQHandler
                0x08001dcc                CAN2_SCE_IRQHandler
                0x08001dcc                DMA2_Stream2_IRQHandler
                0x08001dcc                SPI1_IRQHandler
                0x08001dcc                TIM6_DAC_IRQHandler
                0x08001dcc                TIM1_BRK_TIM9_IRQHandler
                0x08001dcc                DCMI_IRQHandler
                0x08001dcc                CAN2_RX0_IRQHandler
                0x08001dcc                DMA2_Stream3_IRQHandler
                0x08001dcc                USART6_IRQHandler
                0x08001dcc                USART3_IRQHandler
                0x08001dcc                CAN1_RX1_IRQHandler
                0x08001dcc                UART5_IRQHandler
                0x08001dcc                DMA2_Stream0_IRQHandler
                0x08001dcc                TIM4_IRQHandler
                0x08001dcc                I2C1_EV_IRQHandler
                0x08001dcc                DMA1_Stream6_IRQHandler
                0x08001dcc                DMA1_Stream1_IRQHandler
                0x08001dcc                UART4_IRQHandler
                0x08001dcc                TIM3_IRQHandler
                0x08001dcc                RCC_IRQHandler
                0x08001dcc                TIM8_BRK_TIM12_IRQHandler
                0x08001dcc                Default_Handler
                0x08001dcc                EXTI15_10_IRQHandler
                0x08001dcc                ADC_IRQHandler
                0x08001dcc                DMA1_Stream7_IRQHandler
                0x08001dcc                TIM7_IRQHandler
                0x08001dcc                CAN2_TX_IRQHandler
                0x08001dcc                TIM5_IRQHandler
                0x08001dcc                DMA2_Stream7_IRQHandler
                0x08001dcc                I2C3_EV_IRQHandler
                0x08001dcc                EXTI9_5_IRQHandler
                0x08001dcc                RTC_WKUP_IRQHandler
                0x08001dcc                ETH_WKUP_IRQHandler
                0x08001dcc                SPI2_IRQHandler
                0x08001dcc                OTG_HS_EP1_IN_IRQHandler
                0x08001dcc                DMA1_Stream0_IRQHandler
                0x08001dcc                CAN1_TX_IRQHandler
                0x08001dcc                EXTI4_IRQHandler
                0x08001dcc                FSMC_IRQHandler
                0x08001dcc                ETH_IRQHandler
                0x08001dcc                OTG_HS_EP1_OUT_IRQHandler
                0x08001dcc                WWDG_IRQHandler
                0x08001dcc                TIM2_IRQHandler
                0x08001dcc                OTG_FS_WKUP_IRQHandler
                0x08001dcc                TIM1_TRG_COM_TIM11_IRQHandler
                0x08001dcc                OTG_HS_IRQHandler
                0x08001dcc                EXTI1_IRQHandler
                0x08001dcc                USART2_IRQHandler
                0x08001dcc                I2C2_ER_IRQHandler
                0x08001dcc                DMA2_Stream1_IRQHandler
                0x08001dcc                CAN1_SCE_IRQHandler
                0x08001dcc                FLASH_IRQHandler
                0x08001dcc                DMA2_Stream4_IRQHandler
                0x08001dcc                OTG_FS_IRQHandler
                0x08001dcc                SPI3_IRQHandler
                0x08001dcc                DMA1_Stream4_IRQHandler
                0x08001dcc                I2C1_ER_IRQHandler
                0x08001dcc                DMA2_Stream6_IRQHandler
                0x08001dcc                DMA1_Stream3_IRQHandler
 *fill*         0x08001dce        0x2 
 .text.__errno  0x08001dd0        0xc d:/study_stm32/environment/gcc-arm-none-eabi-9-2019-q4-major-win32 (1)/bin/../lib/gcc/arm-none-eabi/9.2.1/../../../../arm-none-eabi/lib/thumb/v7e-m/nofp\libg.a(lib_a-errno.o)
                0x08001dd0                __errno
 .text.__libc_init_array
                0x08001ddc       0x48 d:/study_stm32/environment/gcc-arm-none-eabi-9-2019-q4-major-win32 (1)/bin/../lib/gcc/arm-none-eabi/9.2.1/../../../../arm-none-eabi/lib/thumb/v7e-m/nofp\libg.a(lib_a-init.o)
                0x08001ddc                __libc_init_array
 .text.memset   0x08001e24       0xa0 d:/study_stm32/environment/gcc-arm-none-eabi-9-2019-q4-major-win32 (1)/bin/../lib/gcc/arm-none-eabi/9.2.1/../../../../arm-none-eabi/lib/thumb/v7e-m/nofp\libg.a(lib_a-memset.o)
                0x08001e24                memset
 .text._puts_r  0x08001ec4       0x9c d:/study_stm32/environment/gcc-arm-none-eabi-9-2019-q4-major-win32 (1)/bin/../lib/gcc/arm-none-eabi/9.2.1/../../../../arm-none-eabi/lib/thumb/v7e-m/nofp\libg.a(lib_a-puts.o)
                0x08001ec4                _puts_r
 .text.puts     0x08001f60       0x10 d:/study_stm32/environment/gcc-arm-none-eabi-9-2019-q4-major-win32 (1)/bin/../lib/gcc/arm-none-eabi/9.2.1/../../../../arm-none-eabi/lib/thumb/v7e-m/nofp\libg.a(lib_a-puts.o)
                0x08001f60                puts
 .text.startup.register_fini
                0x08001f70       0x14 d:/study_stm32/environment/gcc-arm-none-eabi-9-2019-q4-major-win32 (1)/bin/../lib/gcc/arm-none-eabi/9.2.1/../../../../arm-none-eabi/lib/thumb/v7e-m/nofp\libg.a(lib_a-__call_atexit.o)
 .text.atexit   0x08001f84        0xc d:/study_stm32/environment/gcc-arm-none-eabi-9-2019-q4-major-win32 (1)/bin/../lib/gcc/arm-none-eabi/9.2.1/../../../../arm-none-eabi/lib/thumb/v7e-m/nofp\libg.a(lib_a-atexit.o)
                0x08001f84                atexit
 .text.std      0x08001f90       0x50 d:/study_stm32/environment/gcc-arm-none-eabi-9-2019-q4-major-win32 (1)/bin/../lib/gcc/arm-none-eabi/9.2.1/../../../../arm-none-eabi/lib/thumb/v7e-m/nofp\libg.a(lib_a-findfp.o)
 .text._cleanup_r
                0x08001fe0        0xc d:/study_stm32/environment/gcc-arm-none-eabi-9-2019-q4-major-win32 (1)/bin/../lib/gcc/arm-none-eabi/9.2.1/../../../../arm-none-eabi/lib/thumb/v7e-m/nofp\libg.a(lib_a-findfp.o)
                0x08001fe0                _cleanup_r
 .text.__sinit  0x08001fec       0x54 d:/study_stm32/environment/gcc-arm-none-eabi-9-2019-q4-major-win32 (1)/bin/../lib/gcc/arm-none-eabi/9.2.1/../../../../arm-none-eabi/lib/thumb/v7e-m/nofp\libg.a(lib_a-findfp.o)
                0x08001fec                __sinit
 .text.__sfp_lock_acquire
                0x08002040        0xc d:/study_stm32/environment/gcc-arm-none-eabi-9-2019-q4-major-win32 (1)/bin/../lib/gcc/arm-none-eabi/9.2.1/../../../../arm-none-eabi/lib/thumb/v7e-m/nofp\libg.a(lib_a-findfp.o)
                0x08002040                __sfp_lock_acquire
 .text.__sfp_lock_release
                0x0800204c        0xc d:/study_stm32/environment/gcc-arm-none-eabi-9-2019-q4-major-win32 (1)/bin/../lib/gcc/arm-none-eabi/9.2.1/../../../../arm-none-eabi/lib/thumb/v7e-m/nofp\libg.a(lib_a-findfp.o)
                0x0800204c                __sfp_lock_release
 .text.__libc_fini_array
                0x08002058       0x2c d:/study_stm32/environment/gcc-arm-none-eabi-9-2019-q4-major-win32 (1)/bin/../lib/gcc/arm-none-eabi/9.2.1/../../../../arm-none-eabi/lib/thumb/v7e-m/nofp\libg.a(lib_a-fini.o)
                0x08002058                __libc_fini_array
 .text.__sfvwrite_r
                0x08002084      0x2e0 d:/study_stm32/environment/gcc-arm-none-eabi-9-2019-q4-major-win32 (1)/bin/../lib/gcc/arm-none-eabi/9.2.1/../../../../arm-none-eabi/lib/thumb/v7e-m/nofp\libg.a(lib_a-fvwrite.o)
                0x08002084                __sfvwrite_r
 .text._fwalk_reent
                0x08002364       0x48 d:/study_stm32/environment/gcc-arm-none-eabi-9-2019-q4-major-win32 (1)/bin/../lib/gcc/arm-none-eabi/9.2.1/../../../../arm-none-eabi/lib/thumb/v7e-m/nofp\libg.a(lib_a-fwalk.o)
                0x08002364                _fwalk_reent
 .text.__retarget_lock_init_recursive
                0x080023ac        0x4 d:/study_stm32/environment/gcc-arm-none-eabi-9-2019-q4-major-win32 (1)/bin/../lib/gcc/arm-none-eabi/9.2.1/../../../../arm-none-eabi/lib/thumb/v7e-m/nofp\libg.a(lib_a-lock.o)
                0x080023ac                __retarget_lock_init_recursive
 .text.__retarget_lock_close_recursive
                0x080023b0        0x4 d:/study_stm32/environment/gcc-arm-none-eabi-9-2019-q4-major-win32 (1)/bin/../lib/gcc/arm-none-eabi/9.2.1/../../../../arm-none-eabi/lib/thumb/v7e-m/nofp\libg.a(lib_a-lock.o)
                0x080023b0                __retarget_lock_close_recursive
 .text.__retarget_lock_acquire_recursive
                0x080023b4        0x4 d:/study_stm32/environment/gcc-arm-none-eabi-9-2019-q4-major-win32 (1)/bin/../lib/gcc/arm-none-eabi/9.2.1/../../../../arm-none-eabi/lib/thumb/v7e-m/nofp\libg.a(lib_a-lock.o)
                0x080023b4                __retarget_lock_acquire_recursive
 .text.__retarget_lock_release_recursive
                0x080023b8        0x4 d:/study_stm32/environment/gcc-arm-none-eabi-9-2019-q4-major-win32 (1)/bin/../lib/gcc/arm-none-eabi/9.2.1/../../../../arm-none-eabi/lib/thumb/v7e-m/nofp\libg.a(lib_a-lock.o)
                0x080023b8                __retarget_lock_release_recursive
 .text._malloc_r
                0x080023bc      0x574 d:/study_stm32/environment/gcc-arm-none-eabi-9-2019-q4-major-win32 (1)/bin/../lib/gcc/arm-none-eabi/9.2.1/../../../../arm-none-eabi/lib/thumb/v7e-m/nofp\libg.a(lib_a-mallocr.o)
                0x080023bc                _malloc_r
 .text.memmove  0x08002930       0xd8 d:/study_stm32/environment/gcc-arm-none-eabi-9-2019-q4-major-win32 (1)/bin/../lib/gcc/arm-none-eabi/9.2.1/../../../../arm-none-eabi/lib/thumb/v7e-m/nofp\libg.a(lib_a-memmove.o)
                0x08002930                memmove
 .text.__malloc_lock
                0x08002a08        0xc d:/study_stm32/environment/gcc-arm-none-eabi-9-2019-q4-major-win32 (1)/bin/../lib/gcc/arm-none-eabi/9.2.1/../../../../arm-none-eabi/lib/thumb/v7e-m/nofp\libg.a(lib_a-mlock.o)
                0x08002a08                __malloc_lock
 .text.__malloc_unlock
                0x08002a14        0xc d:/study_stm32/environment/gcc-arm-none-eabi-9-2019-q4-major-win32 (1)/bin/../lib/gcc/arm-none-eabi/9.2.1/../../../../arm-none-eabi/lib/thumb/v7e-m/nofp\libg.a(lib_a-mlock.o)
                0x08002a14                __malloc_unlock
 .text._realloc_r
                0x08002a20      0x3e0 d:/study_stm32/environment/gcc-arm-none-eabi-9-2019-q4-major-win32 (1)/bin/../lib/gcc/arm-none-eabi/9.2.1/../../../../arm-none-eabi/lib/thumb/v7e-m/nofp\libg.a(lib_a-reallocr.o)
                0x08002a20                _realloc_r
 .text._sbrk_r  0x08002e00       0x24 d:/study_stm32/environment/gcc-arm-none-eabi-9-2019-q4-major-win32 (1)/bin/../lib/gcc/arm-none-eabi/9.2.1/../../../../arm-none-eabi/lib/thumb/v7e-m/nofp\libg.a(lib_a-sbrkr.o)
                0x08002e00                _sbrk_r
 .text.__sread  0x08002e24       0x24 d:/study_stm32/environment/gcc-arm-none-eabi-9-2019-q4-major-win32 (1)/bin/../lib/gcc/arm-none-eabi/9.2.1/../../../../arm-none-eabi/lib/thumb/v7e-m/nofp\libg.a(lib_a-stdio.o)
                0x08002e24                __sread
 .text.__swrite
                0x08002e48       0x40 d:/study_stm32/environment/gcc-arm-none-eabi-9-2019-q4-major-win32 (1)/bin/../lib/gcc/arm-none-eabi/9.2.1/../../../../arm-none-eabi/lib/thumb/v7e-m/nofp\libg.a(lib_a-stdio.o)
                0x08002e48                __swrite
 .text.__sseek  0x08002e88       0x20 d:/study_stm32/environment/gcc-arm-none-eabi-9-2019-q4-major-win32 (1)/bin/../lib/gcc/arm-none-eabi/9.2.1/../../../../arm-none-eabi/lib/thumb/v7e-m/nofp\libg.a(lib_a-stdio.o)
                0x08002e88                __sseek
 .text.__sclose
                0x08002ea8        0x8 d:/study_stm32/environment/gcc-arm-none-eabi-9-2019-q4-major-win32 (1)/bin/../lib/gcc/arm-none-eabi/9.2.1/../../../../arm-none-eabi/lib/thumb/v7e-m/nofp\libg.a(lib_a-stdio.o)
                0x08002ea8                __sclose
 .text._write_r
                0x08002eb0       0x2c d:/study_stm32/environment/gcc-arm-none-eabi-9-2019-q4-major-win32 (1)/bin/../lib/gcc/arm-none-eabi/9.2.1/../../../../arm-none-eabi/lib/thumb/v7e-m/nofp\libg.a(lib_a-writer.o)
                0x08002eb0                _write_r
 .text.__swsetup_r
                0x08002edc       0xd0 d:/study_stm32/environment/gcc-arm-none-eabi-9-2019-q4-major-win32 (1)/bin/../lib/gcc/arm-none-eabi/9.2.1/../../../../arm-none-eabi/lib/thumb/v7e-m/nofp\libg.a(lib_a-wsetup.o)
                0x08002edc                __swsetup_r
 .text.__register_exitproc
                0x08002fac       0x8c d:/study_stm32/environment/gcc-arm-none-eabi-9-2019-q4-major-win32 (1)/bin/../lib/gcc/arm-none-eabi/9.2.1/../../../../arm-none-eabi/lib/thumb/v7e-m/nofp\libg.a(lib_a-__atexit.o)
                0x08002fac                __register_exitproc
 .text._close_r
                0x08003038       0x24 d:/study_stm32/environment/gcc-arm-none-eabi-9-2019-q4-major-win32 (1)/bin/../lib/gcc/arm-none-eabi/9.2.1/../../../../arm-none-eabi/lib/thumb/v7e-m/nofp\libg.a(lib_a-closer.o)
                0x08003038                _close_r
 .text._fclose_r
                0x0800305c       0xcc d:/study_stm32/environment/gcc-arm-none-eabi-9-2019-q4-major-win32 (1)/bin/../lib/gcc/arm-none-eabi/9.2.1/../../../../arm-none-eabi/lib/thumb/v7e-m/nofp\libg.a(lib_a-fclose.o)
                0x0800305c                _fclose_r
 .text.__sflush_r
                0x08003128      0x130 d:/study_stm32/environment/gcc-arm-none-eabi-9-2019-q4-major-win32 (1)/bin/../lib/gcc/arm-none-eabi/9.2.1/../../../../arm-none-eabi/lib/thumb/v7e-m/nofp\libg.a(lib_a-fflush.o)
                0x08003128                __sflush_r
 .text._fflush_r
                0x08003258       0x5c d:/study_stm32/environment/gcc-arm-none-eabi-9-2019-q4-major-win32 (1)/bin/../lib/gcc/arm-none-eabi/9.2.1/../../../../arm-none-eabi/lib/thumb/v7e-m/nofp\libg.a(lib_a-fflush.o)
                0x08003258                _fflush_r
 .text._malloc_trim_r
                0x080032b4       0xa0 d:/study_stm32/environment/gcc-arm-none-eabi-9-2019-q4-major-win32 (1)/bin/../lib/gcc/arm-none-eabi/9.2.1/../../../../arm-none-eabi/lib/thumb/v7e-m/nofp\libg.a(lib_a-freer.o)
                0x080032b4                _malloc_trim_r
 .text._free_r  0x08003354      0x208 d:/study_stm32/environment/gcc-arm-none-eabi-9-2019-q4-major-win32 (1)/bin/../lib/gcc/arm-none-eabi/9.2.1/../../../../arm-none-eabi/lib/thumb/v7e-m/nofp\libg.a(lib_a-freer.o)
                0x08003354                _free_r
 .text._lseek_r
                0x0800355c       0x2c d:/study_stm32/environment/gcc-arm-none-eabi-9-2019-q4-major-win32 (1)/bin/../lib/gcc/arm-none-eabi/9.2.1/../../../../arm-none-eabi/lib/thumb/v7e-m/nofp\libg.a(lib_a-lseekr.o)
                0x0800355c                _lseek_r
 .text.__swhatbuf_r
                0x08003588       0x5c d:/study_stm32/environment/gcc-arm-none-eabi-9-2019-q4-major-win32 (1)/bin/../lib/gcc/arm-none-eabi/9.2.1/../../../../arm-none-eabi/lib/thumb/v7e-m/nofp\libg.a(lib_a-makebuf.o)
                0x08003588                __swhatbuf_r
 .text.__smakebuf_r
                0x080035e4       0x98 d:/study_stm32/environment/gcc-arm-none-eabi-9-2019-q4-major-win32 (1)/bin/../lib/gcc/arm-none-eabi/9.2.1/../../../../arm-none-eabi/lib/thumb/v7e-m/nofp\libg.a(lib_a-makebuf.o)
                0x080035e4                __smakebuf_r
 .text._read_r  0x0800367c       0x2c d:/study_stm32/environment/gcc-arm-none-eabi-9-2019-q4-major-win32 (1)/bin/../lib/gcc/arm-none-eabi/9.2.1/../../../../arm-none-eabi/lib/thumb/v7e-m/nofp\libg.a(lib_a-readr.o)
                0x0800367c                _read_r
 .text._fstat_r
                0x080036a8       0x2c d:/study_stm32/environment/gcc-arm-none-eabi-9-2019-q4-major-win32 (1)/bin/../lib/gcc/arm-none-eabi/9.2.1/../../../../arm-none-eabi/lib/thumb/v7e-m/nofp\libg.a(lib_a-fstatr.o)
                0x080036a8                _fstat_r
 .text._isatty_r
                0x080036d4       0x24 d:/study_stm32/environment/gcc-arm-none-eabi-9-2019-q4-major-win32 (1)/bin/../lib/gcc/arm-none-eabi/9.2.1/../../../../arm-none-eabi/lib/thumb/v7e-m/nofp\libg.a(lib_a-isattyr.o)
                0x080036d4                _isatty_r
 *(.glue_7)
 .glue_7        0x080036f8        0x0 linker stubs
 *(.glue_7t)
 .glue_7t       0x080036f8        0x0 linker stubs
 *(.eh_frame)
 .eh_frame      0x080036f8        0x0 d:/study_stm32/environment/gcc-arm-none-eabi-9-2019-q4-major-win32 (1)/bin/../lib/gcc/arm-none-eabi/9.2.1/thumb/v7e-m/nofp/crtbegin.o
 *(.init)
 .init          0x080036f8        0x4 d:/study_stm32/environment/gcc-arm-none-eabi-9-2019-q4-major-win32 (1)/bin/../lib/gcc/arm-none-eabi/9.2.1/thumb/v7e-m/nofp/crti.o
                0x080036f8                _init
 .init          0x080036fc        0x8 d:/study_stm32/environment/gcc-arm-none-eabi-9-2019-q4-major-win32 (1)/bin/../lib/gcc/arm-none-eabi/9.2.1/thumb/v7e-m/nofp/crtn.o
 *(.fini)
 .fini          0x08003704        0x4 d:/study_stm32/environment/gcc-arm-none-eabi-9-2019-q4-major-win32 (1)/bin/../lib/gcc/arm-none-eabi/9.2.1/thumb/v7e-m/nofp/crti.o
                0x08003704                _fini
 .fini          0x08003708        0x8 d:/study_stm32/environment/gcc-arm-none-eabi-9-2019-q4-major-win32 (1)/bin/../lib/gcc/arm-none-eabi/9.2.1/thumb/v7e-m/nofp/crtn.o
                0x08003710                . = ALIGN (0x4)
                0x08003710                _etext = .

.vfp11_veneer   0x08003710        0x0
 .vfp11_veneer  0x08003710        0x0 linker stubs

.v4_bx          0x08003710        0x0
 .v4_bx         0x08003710        0x0 linker stubs

.iplt           0x08003710        0x0
 .iplt          0x08003710        0x0 d:/study_stm32/environment/gcc-arm-none-eabi-9-2019-q4-major-win32 (1)/bin/../lib/gcc/arm-none-eabi/9.2.1/thumb/v7e-m/nofp/crtbegin.o

.rodata         0x08003710       0x28
                0x08003710                . = ALIGN (0x4)
 *(.rodata)
 *(.rodata*)
 .rodata.main.str1.4
                0x08003710        0x7 CMakeFiles/demo8.elf.dir/Core/Src/main.c.obj
 *fill*         0x08003717        0x1 
 .rodata.AHBPrescTable
                0x08003718       0x10 CMakeFiles/demo8.elf.dir/Core/Src/system_stm32f4xx.c.obj
                0x08003718                AHBPrescTable
 .rodata.APBPrescTable
                0x08003728        0x8 CMakeFiles/demo8.elf.dir/Core/Src/system_stm32f4xx.c.obj
                0x08003728                APBPrescTable
 .rodata._global_impure_ptr
                0x08003730        0x4 d:/study_stm32/environment/gcc-arm-none-eabi-9-2019-q4-major-win32 (1)/bin/../lib/gcc/arm-none-eabi/9.2.1/../../../../arm-none-eabi/lib/thumb/v7e-m/nofp\libg.a(lib_a-impure.o)
                0x08003730                _global_impure_ptr
 .rodata._puts_r.str1.4
                0x08003734        0x2 d:/study_stm32/environment/gcc-arm-none-eabi-9-2019-q4-major-win32 (1)/bin/../lib/gcc/arm-none-eabi/9.2.1/../../../../arm-none-eabi/lib/thumb/v7e-m/nofp\libg.a(lib_a-puts.o)
                0x08003738                . = ALIGN (0x4)
 *fill*         0x08003736        0x2 

.ARM.extab
 *(.ARM.extab* .gnu.linkonce.armextab.*)

.ARM            0x08003738        0x8
                0x08003738                __exidx_start = .
 *(.ARM.exidx*)
 .ARM.exidx     0x08003738        0x8 d:/study_stm32/environment/gcc-arm-none-eabi-9-2019-q4-major-win32 (1)/bin/../lib/gcc/arm-none-eabi/9.2.1/thumb/v7e-m/nofp\libgcc.a(_udivmoddi4.o)
                0x08003740                __exidx_end = .

.rel.dyn        0x08003740        0x0
 .rel.iplt      0x08003740        0x0 d:/study_stm32/environment/gcc-arm-none-eabi-9-2019-q4-major-win32 (1)/bin/../lib/gcc/arm-none-eabi/9.2.1/thumb/v7e-m/nofp/crtbegin.o

.preinit_array  0x08003740        0x0
                0x08003740                PROVIDE (__preinit_array_start = .)
 *(.preinit_array*)
                0x08003740                PROVIDE (__preinit_array_end = .)

.init_array     0x08003740        0x8
                0x08003740                PROVIDE (__init_array_start = .)
 *(SORT_BY_NAME(.init_array.*))
 .init_array.00000
                0x08003740        0x4 d:/study_stm32/environment/gcc-arm-none-eabi-9-2019-q4-major-win32 (1)/bin/../lib/gcc/arm-none-eabi/9.2.1/../../../../arm-none-eabi/lib/thumb/v7e-m/nofp\libg.a(lib_a-__call_atexit.o)
 *(.init_array*)
 .init_array    0x08003744        0x4 d:/study_stm32/environment/gcc-arm-none-eabi-9-2019-q4-major-win32 (1)/bin/../lib/gcc/arm-none-eabi/9.2.1/thumb/v7e-m/nofp/crtbegin.o
                0x08003748                PROVIDE (__init_array_end = .)

.fini_array     0x08003748        0x4
                0x08003748                PROVIDE (__fini_array_start = .)
 *(SORT_BY_NAME(.fini_array.*))
 *(.fini_array*)
 .fini_array    0x08003748        0x4 d:/study_stm32/environment/gcc-arm-none-eabi-9-2019-q4-major-win32 (1)/bin/../lib/gcc/arm-none-eabi/9.2.1/thumb/v7e-m/nofp/crtbegin.o
                0x0800374c                PROVIDE (__fini_array_end = .)
                0x0800374c                _sidata = LOADADDR (.data)

.data           0x20000000      0x84c load address 0x0800374c
                0x20000000                . = ALIGN (0x4)
                0x20000000                _sdata = .
 *(.data)
 *(.data*)
 .data.SystemCoreClock
                0x20000000        0x4 CMakeFiles/demo8.elf.dir/Core/Src/system_stm32f4xx.c.obj
                0x20000000                SystemCoreClock
 .data.uwTickFreq
                0x20000004        0x1 CMakeFiles/demo8.elf.dir/Drivers/STM32F4xx_HAL_Driver/Src/stm32f4xx_hal.c.obj
                0x20000004                uwTickFreq
 *fill*         0x20000005        0x3 
 .data.uwTickPrio
                0x20000008        0x4 CMakeFiles/demo8.elf.dir/Drivers/STM32F4xx_HAL_Driver/Src/stm32f4xx_hal.c.obj
                0x20000008                uwTickPrio
 .data._impure_ptr
                0x2000000c        0x4 d:/study_stm32/environment/gcc-arm-none-eabi-9-2019-q4-major-win32 (1)/bin/../lib/gcc/arm-none-eabi/9.2.1/../../../../arm-none-eabi/lib/thumb/v7e-m/nofp\libg.a(lib_a-impure.o)
                0x2000000c                _impure_ptr
 .data.impure_data
                0x20000010      0x428 d:/study_stm32/environment/gcc-arm-none-eabi-9-2019-q4-major-win32 (1)/bin/../lib/gcc/arm-none-eabi/9.2.1/../../../../arm-none-eabi/lib/thumb/v7e-m/nofp\libg.a(lib_a-impure.o)
 .data.__atexit_recursive_mutex
                0x20000438        0x4 d:/study_stm32/environment/gcc-arm-none-eabi-9-2019-q4-major-win32 (1)/bin/../lib/gcc/arm-none-eabi/9.2.1/../../../../arm-none-eabi/lib/thumb/v7e-m/nofp\libg.a(lib_a-__call_atexit.o)
                0x20000438                __atexit_recursive_mutex
 .data.__malloc_av_
                0x2000043c      0x408 d:/study_stm32/environment/gcc-arm-none-eabi-9-2019-q4-major-win32 (1)/bin/../lib/gcc/arm-none-eabi/9.2.1/../../../../arm-none-eabi/lib/thumb/v7e-m/nofp\libg.a(lib_a-mallocr.o)
                0x2000043c                __malloc_av_
 .data.__malloc_sbrk_base
                0x20000844        0x4 d:/study_stm32/environment/gcc-arm-none-eabi-9-2019-q4-major-win32 (1)/bin/../lib/gcc/arm-none-eabi/9.2.1/../../../../arm-none-eabi/lib/thumb/v7e-m/nofp\libg.a(lib_a-mallocr.o)
                0x20000844                __malloc_sbrk_base
 .data.__malloc_trim_threshold
                0x20000848        0x4 d:/study_stm32/environment/gcc-arm-none-eabi-9-2019-q4-major-win32 (1)/bin/../lib/gcc/arm-none-eabi/9.2.1/../../../../arm-none-eabi/lib/thumb/v7e-m/nofp\libg.a(lib_a-mallocr.o)
                0x20000848                __malloc_trim_threshold
                0x2000084c                . = ALIGN (0x4)
                0x2000084c                _edata = .
                0x08003f98                _siccmram = LOADADDR (.ccmram)

.igot.plt       0x2000084c        0x0 load address 0x08003f98
 .igot.plt      0x2000084c        0x0 d:/study_stm32/environment/gcc-arm-none-eabi-9-2019-q4-major-win32 (1)/bin/../lib/gcc/arm-none-eabi/9.2.1/thumb/v7e-m/nofp/crtbegin.o

.ccmram         0x10000000        0x0 load address 0x08003f98
                0x10000000                . = ALIGN (0x4)
                0x10000000                _sccmram = .
 *(.ccmram)
 *(.ccmram*)
                0x10000000                . = ALIGN (0x4)
                0x10000000                _eccmram = .
                0x10000000                . = ALIGN (0x4)

.bss            0x2000084c       0xc8
                0x2000084c                _sbss = .
                0x2000084c                __bss_start__ = _sbss
 *(.bss)
 .bss           0x2000084c       0x1c d:/study_stm32/environment/gcc-arm-none-eabi-9-2019-q4-major-win32 (1)/bin/../lib/gcc/arm-none-eabi/9.2.1/thumb/v7e-m/nofp/crtbegin.o
 *(.bss*)
 .bss.heap_end.6023
                0x20000868        0x4 CMakeFiles/demo8.elf.dir/Core/Src/syscalls.c.obj
 .bss.huart1    0x2000086c       0x44 CMakeFiles/demo8.elf.dir/Core/Src/usart.c.obj
                0x2000086c                huart1
 .bss.res_buf   0x200008b0        0x1 CMakeFiles/demo8.elf.dir/Core/Src/usart.c.obj
                0x200008b0                res_buf
 *fill*         0x200008b1        0x3 
 .bss.uwTick    0x200008b4        0x4 CMakeFiles/demo8.elf.dir/Drivers/STM32F4xx_HAL_Driver/Src/stm32f4xx_hal.c.obj
                0x200008b4                uwTick
 .bss.__malloc_current_mallinfo
                0x200008b8       0x28 d:/study_stm32/environment/gcc-arm-none-eabi-9-2019-q4-major-win32 (1)/bin/../lib/gcc/arm-none-eabi/9.2.1/../../../../arm-none-eabi/lib/thumb/v7e-m/nofp\libg.a(lib_a-mallocr.o)
                0x200008b8                __malloc_current_mallinfo
 .bss.__malloc_max_sbrked_mem
                0x200008e0        0x4 d:/study_stm32/environment/gcc-arm-none-eabi-9-2019-q4-major-win32 (1)/bin/../lib/gcc/arm-none-eabi/9.2.1/../../../../arm-none-eabi/lib/thumb/v7e-m/nofp\libg.a(lib_a-mallocr.o)
                0x200008e0                __malloc_max_sbrked_mem
 .bss.__malloc_max_total_mem
                0x200008e4        0x4 d:/study_stm32/environment/gcc-arm-none-eabi-9-2019-q4-major-win32 (1)/bin/../lib/gcc/arm-none-eabi/9.2.1/../../../../arm-none-eabi/lib/thumb/v7e-m/nofp\libg.a(lib_a-mallocr.o)
                0x200008e4                __malloc_max_total_mem
 .bss.__malloc_top_pad
                0x200008e8        0x4 d:/study_stm32/environment/gcc-arm-none-eabi-9-2019-q4-major-win32 (1)/bin/../lib/gcc/arm-none-eabi/9.2.1/../../../../arm-none-eabi/lib/thumb/v7e-m/nofp\libg.a(lib_a-mallocr.o)
                0x200008e8                __malloc_top_pad
 *(COMMON)
 COMMON         0x200008ec       0x21 d:/study_stm32/environment/gcc-arm-none-eabi-9-2019-q4-major-win32 (1)/bin/../lib/gcc/arm-none-eabi/9.2.1/../../../../arm-none-eabi/lib/thumb/v7e-m/nofp\libg.a(lib_a-lock.o)
                0x200008ec                __lock___atexit_recursive_mutex
                0x200008f0                __lock___arc4random_mutex
                0x200008f4                __lock___env_recursive_mutex
                0x200008f8                __lock___sinit_recursive_mutex
                0x200008fc                __lock___malloc_recursive_mutex
                0x20000900                __lock___at_quick_exit_mutex
                0x20000904                __lock___dd_hash_mutex
                0x20000908                __lock___tz_mutex
                0x2000090c                __lock___sfp_recursive_mutex
 *fill*         0x2000090d        0x3 
 COMMON         0x20000910        0x4 d:/study_stm32/environment/gcc-arm-none-eabi-9-2019-q4-major-win32 (1)/bin/../lib/gcc/arm-none-eabi/9.2.1/../../../../arm-none-eabi/lib/thumb/v7e-m/nofp\libg.a(lib_a-reent.o)
                0x20000910                errno
                0x20000914                . = ALIGN (0x4)
                0x20000914                _ebss = .
                0x20000914                __bss_end__ = _ebss

._user_heap_stack
                0x20000914      0x604
                0x20000918                . = ALIGN (0x8)
 *fill*         0x20000914        0x4 
                0x20000918                PROVIDE (end = .)
                [!provide]                PROVIDE (_end = .)
                0x20000b18                . = (. + _Min_Heap_Size)
 *fill*         0x20000918      0x200 
                0x20000f18                . = (. + _Min_Stack_Size)
 *fill*         0x20000b18      0x400 
                0x20000f18                . = ALIGN (0x8)

/DISCARD/
 libc.a(*)
 libm.a(*)
 libgcc.a(*)

.ARM.attributes
                0x00000000       0x2a
 *(.ARM.attributes)
 .ARM.attributes
                0x00000000       0x1e d:/study_stm32/environment/gcc-arm-none-eabi-9-2019-q4-major-win32 (1)/bin/../lib/gcc/arm-none-eabi/9.2.1/thumb/v7e-m/nofp/crti.o
 .ARM.attributes
                0x0000001e       0x2e d:/study_stm32/environment/gcc-arm-none-eabi-9-2019-q4-major-win32 (1)/bin/../lib/gcc/arm-none-eabi/9.2.1/thumb/v7e-m/nofp/crtbegin.o
 .ARM.attributes
                0x0000004c       0x2e CMakeFiles/demo8.elf.dir/Core/Src/gpio.c.obj
 .ARM.attributes
                0x0000007a       0x2e CMakeFiles/demo8.elf.dir/Core/Src/main.c.obj
 .ARM.attributes
                0x000000a8       0x2e CMakeFiles/demo8.elf.dir/Core/Src/stm32f4xx_hal_msp.c.obj
 .ARM.attributes
                0x000000d6       0x2e CMakeFiles/demo8.elf.dir/Core/Src/stm32f4xx_it.c.obj
 .ARM.attributes
                0x00000104       0x2e CMakeFiles/demo8.elf.dir/Core/Src/syscalls.c.obj
 .ARM.attributes
                0x00000132       0x2e CMakeFiles/demo8.elf.dir/Core/Src/system_stm32f4xx.c.obj
 .ARM.attributes
                0x00000160       0x2e CMakeFiles/demo8.elf.dir/Core/Src/usart.c.obj
 .ARM.attributes
                0x0000018e       0x2e CMakeFiles/demo8.elf.dir/Drivers/STM32F4xx_HAL_Driver/Src/stm32f4xx_hal.c.obj
 .ARM.attributes
                0x000001bc       0x2e CMakeFiles/demo8.elf.dir/Drivers/STM32F4xx_HAL_Driver/Src/stm32f4xx_hal_cortex.c.obj
 .ARM.attributes
                0x000001ea       0x2e CMakeFiles/demo8.elf.dir/Drivers/STM32F4xx_HAL_Driver/Src/stm32f4xx_hal_dma.c.obj
 .ARM.attributes
                0x00000218       0x2e CMakeFiles/demo8.elf.dir/Drivers/STM32F4xx_HAL_Driver/Src/stm32f4xx_hal_gpio.c.obj
 .ARM.attributes
                0x00000246       0x2e CMakeFiles/demo8.elf.dir/Drivers/STM32F4xx_HAL_Driver/Src/stm32f4xx_hal_rcc.c.obj
 .ARM.attributes
                0x00000274       0x2e CMakeFiles/demo8.elf.dir/Drivers/STM32F4xx_HAL_Driver/Src/stm32f4xx_hal_uart.c.obj
 .ARM.attributes
                0x000002a2       0x21 CMakeFiles/demo8.elf.dir/startup/startup_stm32f407xx.s.obj
 .ARM.attributes
                0x000002c3       0x1e d:/study_stm32/environment/gcc-arm-none-eabi-9-2019-q4-major-win32 (1)/bin/../lib/gcc/arm-none-eabi/9.2.1/thumb/v7e-m/nofp\libgcc.a(_aeabi_uldivmod.o)
 .ARM.attributes
                0x000002e1       0x2e d:/study_stm32/environment/gcc-arm-none-eabi-9-2019-q4-major-win32 (1)/bin/../lib/gcc/arm-none-eabi/9.2.1/thumb/v7e-m/nofp\libgcc.a(_udivmoddi4.o)
 .ARM.attributes
                0x0000030f       0x1e d:/study_stm32/environment/gcc-arm-none-eabi-9-2019-q4-major-win32 (1)/bin/../lib/gcc/arm-none-eabi/9.2.1/thumb/v7e-m/nofp\libgcc.a(_dvmd_tls.o)
 .ARM.attributes
                0x0000032d       0x2e d:/study_stm32/environment/gcc-arm-none-eabi-9-2019-q4-major-win32 (1)/bin/../lib/gcc/arm-none-eabi/9.2.1/../../../../arm-none-eabi/lib/thumb/v7e-m/nofp\libg.a(lib_a-errno.o)
 .ARM.attributes
                0x0000035b       0x2e d:/study_stm32/environment/gcc-arm-none-eabi-9-2019-q4-major-win32 (1)/bin/../lib/gcc/arm-none-eabi/9.2.1/../../../../arm-none-eabi/lib/thumb/v7e-m/nofp\libg.a(lib_a-impure.o)
 .ARM.attributes
                0x00000389       0x2e d:/study_stm32/environment/gcc-arm-none-eabi-9-2019-q4-major-win32 (1)/bin/../lib/gcc/arm-none-eabi/9.2.1/../../../../arm-none-eabi/lib/thumb/v7e-m/nofp\libg.a(lib_a-init.o)
 .ARM.attributes
                0x000003b7       0x2e d:/study_stm32/environment/gcc-arm-none-eabi-9-2019-q4-major-win32 (1)/bin/../lib/gcc/arm-none-eabi/9.2.1/../../../../arm-none-eabi/lib/thumb/v7e-m/nofp\libg.a(lib_a-memset.o)
 .ARM.attributes
                0x000003e5       0x2e d:/study_stm32/environment/gcc-arm-none-eabi-9-2019-q4-major-win32 (1)/bin/../lib/gcc/arm-none-eabi/9.2.1/../../../../arm-none-eabi/lib/thumb/v7e-m/nofp\libg.a(lib_a-puts.o)
 .ARM.attributes
                0x00000413       0x1c d:/study_stm32/environment/gcc-arm-none-eabi-9-2019-q4-major-win32 (1)/bin/../lib/gcc/arm-none-eabi/9.2.1/../../../../arm-none-eabi/lib/thumb/v7e-m/nofp\libg.a(lib_a-strlen.o)
 .ARM.attributes
                0x0000042f       0x2e d:/study_stm32/environment/gcc-arm-none-eabi-9-2019-q4-major-win32 (1)/bin/../lib/gcc/arm-none-eabi/9.2.1/../../../../arm-none-eabi/lib/thumb/v7e-m/nofp\libg.a(lib_a-__call_atexit.o)
 .ARM.attributes
                0x0000045d       0x2e d:/study_stm32/environment/gcc-arm-none-eabi-9-2019-q4-major-win32 (1)/bin/../lib/gcc/arm-none-eabi/9.2.1/../../../../arm-none-eabi/lib/thumb/v7e-m/nofp\libg.a(lib_a-atexit.o)
 .ARM.attributes
                0x0000048b       0x2e d:/study_stm32/environment/gcc-arm-none-eabi-9-2019-q4-major-win32 (1)/bin/../lib/gcc/arm-none-eabi/9.2.1/../../../../arm-none-eabi/lib/thumb/v7e-m/nofp\libg.a(lib_a-findfp.o)
 .ARM.attributes
                0x000004b9       0x2e d:/study_stm32/environment/gcc-arm-none-eabi-9-2019-q4-major-win32 (1)/bin/../lib/gcc/arm-none-eabi/9.2.1/../../../../arm-none-eabi/lib/thumb/v7e-m/nofp\libg.a(lib_a-fini.o)
 .ARM.attributes
                0x000004e7       0x2e d:/study_stm32/environment/gcc-arm-none-eabi-9-2019-q4-major-win32 (1)/bin/../lib/gcc/arm-none-eabi/9.2.1/../../../../arm-none-eabi/lib/thumb/v7e-m/nofp\libg.a(lib_a-fvwrite.o)
 .ARM.attributes
                0x00000515       0x2e d:/study_stm32/environment/gcc-arm-none-eabi-9-2019-q4-major-win32 (1)/bin/../lib/gcc/arm-none-eabi/9.2.1/../../../../arm-none-eabi/lib/thumb/v7e-m/nofp\libg.a(lib_a-fwalk.o)
 .ARM.attributes
                0x00000543       0x2e d:/study_stm32/environment/gcc-arm-none-eabi-9-2019-q4-major-win32 (1)/bin/../lib/gcc/arm-none-eabi/9.2.1/../../../../arm-none-eabi/lib/thumb/v7e-m/nofp\libg.a(lib_a-lock.o)
 .ARM.attributes
                0x00000571       0x2e d:/study_stm32/environment/gcc-arm-none-eabi-9-2019-q4-major-win32 (1)/bin/../lib/gcc/arm-none-eabi/9.2.1/../../../../arm-none-eabi/lib/thumb/v7e-m/nofp\libg.a(lib_a-mallocr.o)
 .ARM.attributes
                0x0000059f       0x1c d:/study_stm32/environment/gcc-arm-none-eabi-9-2019-q4-major-win32 (1)/bin/../lib/gcc/arm-none-eabi/9.2.1/../../../../arm-none-eabi/lib/thumb/v7e-m/nofp\libg.a(lib_a-memchr.o)
 .ARM.attributes
                0x000005bb       0x1c d:/study_stm32/environment/gcc-arm-none-eabi-9-2019-q4-major-win32 (1)/bin/../lib/gcc/arm-none-eabi/9.2.1/../../../../arm-none-eabi/lib/thumb/v7e-m/nofp\libg.a(lib_a-memcpy.o)
 .ARM.attributes
                0x000005d7       0x2e d:/study_stm32/environment/gcc-arm-none-eabi-9-2019-q4-major-win32 (1)/bin/../lib/gcc/arm-none-eabi/9.2.1/../../../../arm-none-eabi/lib/thumb/v7e-m/nofp\libg.a(lib_a-memmove.o)
 .ARM.attributes
                0x00000605       0x2e d:/study_stm32/environment/gcc-arm-none-eabi-9-2019-q4-major-win32 (1)/bin/../lib/gcc/arm-none-eabi/9.2.1/../../../../arm-none-eabi/lib/thumb/v7e-m/nofp\libg.a(lib_a-mlock.o)
 .ARM.attributes
                0x00000633       0x2e d:/study_stm32/environment/gcc-arm-none-eabi-9-2019-q4-major-win32 (1)/bin/../lib/gcc/arm-none-eabi/9.2.1/../../../../arm-none-eabi/lib/thumb/v7e-m/nofp\libg.a(lib_a-reallocr.o)
 .ARM.attributes
                0x00000661       0x2e d:/study_stm32/environment/gcc-arm-none-eabi-9-2019-q4-major-win32 (1)/bin/../lib/gcc/arm-none-eabi/9.2.1/../../../../arm-none-eabi/lib/thumb/v7e-m/nofp\libg.a(lib_a-sbrkr.o)
 .ARM.attributes
                0x0000068f       0x2e d:/study_stm32/environment/gcc-arm-none-eabi-9-2019-q4-major-win32 (1)/bin/../lib/gcc/arm-none-eabi/9.2.1/../../../../arm-none-eabi/lib/thumb/v7e-m/nofp\libg.a(lib_a-stdio.o)
 .ARM.attributes
                0x000006bd       0x2e d:/study_stm32/environment/gcc-arm-none-eabi-9-2019-q4-major-win32 (1)/bin/../lib/gcc/arm-none-eabi/9.2.1/../../../../arm-none-eabi/lib/thumb/v7e-m/nofp\libg.a(lib_a-writer.o)
 .ARM.attributes
                0x000006eb       0x2e d:/study_stm32/environment/gcc-arm-none-eabi-9-2019-q4-major-win32 (1)/bin/../lib/gcc/arm-none-eabi/9.2.1/../../../../arm-none-eabi/lib/thumb/v7e-m/nofp\libg.a(lib_a-wsetup.o)
 .ARM.attributes
                0x00000719       0x2e d:/study_stm32/environment/gcc-arm-none-eabi-9-2019-q4-major-win32 (1)/bin/../lib/gcc/arm-none-eabi/9.2.1/../../../../arm-none-eabi/lib/thumb/v7e-m/nofp\libg.a(lib_a-__atexit.o)
 .ARM.attributes
                0x00000747       0x2e d:/study_stm32/environment/gcc-arm-none-eabi-9-2019-q4-major-win32 (1)/bin/../lib/gcc/arm-none-eabi/9.2.1/../../../../arm-none-eabi/lib/thumb/v7e-m/nofp\libg.a(lib_a-closer.o)
 .ARM.attributes
                0x00000775       0x2e d:/study_stm32/environment/gcc-arm-none-eabi-9-2019-q4-major-win32 (1)/bin/../lib/gcc/arm-none-eabi/9.2.1/../../../../arm-none-eabi/lib/thumb/v7e-m/nofp\libg.a(lib_a-fclose.o)
 .ARM.attributes
                0x000007a3       0x2e d:/study_stm32/environment/gcc-arm-none-eabi-9-2019-q4-major-win32 (1)/bin/../lib/gcc/arm-none-eabi/9.2.1/../../../../arm-none-eabi/lib/thumb/v7e-m/nofp\libg.a(lib_a-fflush.o)
 .ARM.attributes
                0x000007d1       0x2e d:/study_stm32/environment/gcc-arm-none-eabi-9-2019-q4-major-win32 (1)/bin/../lib/gcc/arm-none-eabi/9.2.1/../../../../arm-none-eabi/lib/thumb/v7e-m/nofp\libg.a(lib_a-freer.o)
 .ARM.attributes
                0x000007ff       0x2e d:/study_stm32/environment/gcc-arm-none-eabi-9-2019-q4-major-win32 (1)/bin/../lib/gcc/arm-none-eabi/9.2.1/../../../../arm-none-eabi/lib/thumb/v7e-m/nofp\libg.a(lib_a-lseekr.o)
 .ARM.attributes
                0x0000082d       0x2e d:/study_stm32/environment/gcc-arm-none-eabi-9-2019-q4-major-win32 (1)/bin/../lib/gcc/arm-none-eabi/9.2.1/../../../../arm-none-eabi/lib/thumb/v7e-m/nofp\libg.a(lib_a-makebuf.o)
 .ARM.attributes
                0x0000085b       0x2e d:/study_stm32/environment/gcc-arm-none-eabi-9-2019-q4-major-win32 (1)/bin/../lib/gcc/arm-none-eabi/9.2.1/../../../../arm-none-eabi/lib/thumb/v7e-m/nofp\libg.a(lib_a-readr.o)
 .ARM.attributes
                0x00000889       0x2e d:/study_stm32/environment/gcc-arm-none-eabi-9-2019-q4-major-win32 (1)/bin/../lib/gcc/arm-none-eabi/9.2.1/../../../../arm-none-eabi/lib/thumb/v7e-m/nofp\libg.a(lib_a-reent.o)
 .ARM.attributes
                0x000008b7       0x2e d:/study_stm32/environment/gcc-arm-none-eabi-9-2019-q4-major-win32 (1)/bin/../lib/gcc/arm-none-eabi/9.2.1/../../../../arm-none-eabi/lib/thumb/v7e-m/nofp\libg.a(lib_a-fstatr.o)
 .ARM.attributes
                0x000008e5       0x2e d:/study_stm32/environment/gcc-arm-none-eabi-9-2019-q4-major-win32 (1)/bin/../lib/gcc/arm-none-eabi/9.2.1/../../../../arm-none-eabi/lib/thumb/v7e-m/nofp\libg.a(lib_a-isattyr.o)
 .ARM.attributes
                0x00000913       0x1e d:/study_stm32/environment/gcc-arm-none-eabi-9-2019-q4-major-win32 (1)/bin/../lib/gcc/arm-none-eabi/9.2.1/thumb/v7e-m/nofp/crtn.o
OUTPUT(demo8.elf elf32-littlearm)

.debug_info     0x00000000     0xeab7
 .debug_info    0x00000000      0xdea CMakeFiles/demo8.elf.dir/Core/Src/gpio.c.obj
 .debug_info    0x00000dea     0x15ad CMakeFiles/demo8.elf.dir/Core/Src/main.c.obj
 .debug_info    0x00002397      0xc56 CMakeFiles/demo8.elf.dir/Core/Src/stm32f4xx_hal_msp.c.obj
 .debug_info    0x00002fed      0xfde CMakeFiles/demo8.elf.dir/Core/Src/stm32f4xx_it.c.obj
 .debug_info    0x00003fcb     0x112a CMakeFiles/demo8.elf.dir/Core/Src/syscalls.c.obj
 .debug_info    0x000050f5      0x3fe CMakeFiles/demo8.elf.dir/Core/Src/system_stm32f4xx.c.obj
 .debug_info    0x000054f3     0x171b CMakeFiles/demo8.elf.dir/Core/Src/usart.c.obj
 .debug_info    0x00006c0e      0xa79 CMakeFiles/demo8.elf.dir/Drivers/STM32F4xx_HAL_Driver/Src/stm32f4xx_hal.c.obj
 .debug_info    0x00007687     0x1154 CMakeFiles/demo8.elf.dir/Drivers/STM32F4xx_HAL_Driver/Src/stm32f4xx_hal_cortex.c.obj
 .debug_info    0x000087db      0xbed CMakeFiles/demo8.elf.dir/Drivers/STM32F4xx_HAL_Driver/Src/stm32f4xx_hal_dma.c.obj
 .debug_info    0x000093c8      0x884 CMakeFiles/demo8.elf.dir/Drivers/STM32F4xx_HAL_Driver/Src/stm32f4xx_hal_gpio.c.obj
 .debug_info    0x00009c4c      0xb5d CMakeFiles/demo8.elf.dir/Drivers/STM32F4xx_HAL_Driver/Src/stm32f4xx_hal_rcc.c.obj
 .debug_info    0x0000a7a9     0x42ec CMakeFiles/demo8.elf.dir/Drivers/STM32F4xx_HAL_Driver/Src/stm32f4xx_hal_uart.c.obj
 .debug_info    0x0000ea95       0x22 CMakeFiles/demo8.elf.dir/startup/startup_stm32f407xx.s.obj

.debug_abbrev   0x00000000     0x21bc
 .debug_abbrev  0x00000000      0x258 CMakeFiles/demo8.elf.dir/Core/Src/gpio.c.obj
 .debug_abbrev  0x00000258      0x2e0 CMakeFiles/demo8.elf.dir/Core/Src/main.c.obj
 .debug_abbrev  0x00000538      0x24b CMakeFiles/demo8.elf.dir/Core/Src/stm32f4xx_hal_msp.c.obj
 .debug_abbrev  0x00000783      0x250 CMakeFiles/demo8.elf.dir/Core/Src/stm32f4xx_it.c.obj
 .debug_abbrev  0x000009d3      0x31e CMakeFiles/demo8.elf.dir/Core/Src/syscalls.c.obj
 .debug_abbrev  0x00000cf1      0x148 CMakeFiles/demo8.elf.dir/Core/Src/system_stm32f4xx.c.obj
 .debug_abbrev  0x00000e39      0x2e7 CMakeFiles/demo8.elf.dir/Core/Src/usart.c.obj
 .debug_abbrev  0x00001120      0x219 CMakeFiles/demo8.elf.dir/Drivers/STM32F4xx_HAL_Driver/Src/stm32f4xx_hal.c.obj
 .debug_abbrev  0x00001339      0x390 CMakeFiles/demo8.elf.dir/Drivers/STM32F4xx_HAL_Driver/Src/stm32f4xx_hal_cortex.c.obj
 .debug_abbrev  0x000016c9      0x2d5 CMakeFiles/demo8.elf.dir/Drivers/STM32F4xx_HAL_Driver/Src/stm32f4xx_hal_dma.c.obj
 .debug_abbrev  0x0000199e      0x21c CMakeFiles/demo8.elf.dir/Drivers/STM32F4xx_HAL_Driver/Src/stm32f4xx_hal_gpio.c.obj
 .debug_abbrev  0x00001bba      0x2ae CMakeFiles/demo8.elf.dir/Drivers/STM32F4xx_HAL_Driver/Src/stm32f4xx_hal_rcc.c.obj
 .debug_abbrev  0x00001e68      0x342 CMakeFiles/demo8.elf.dir/Drivers/STM32F4xx_HAL_Driver/Src/stm32f4xx_hal_uart.c.obj
 .debug_abbrev  0x000021aa       0x12 CMakeFiles/demo8.elf.dir/startup/startup_stm32f407xx.s.obj

.debug_aranges  0x00000000      0x728
 .debug_aranges
                0x00000000       0x20 CMakeFiles/demo8.elf.dir/Core/Src/gpio.c.obj
 .debug_aranges
                0x00000020       0x38 CMakeFiles/demo8.elf.dir/Core/Src/main.c.obj
 .debug_aranges
                0x00000058       0x20 CMakeFiles/demo8.elf.dir/Core/Src/stm32f4xx_hal_msp.c.obj
 .debug_aranges
                0x00000078       0x68 CMakeFiles/demo8.elf.dir/Core/Src/stm32f4xx_it.c.obj
 .debug_aranges
                0x000000e0       0xb0 CMakeFiles/demo8.elf.dir/Core/Src/syscalls.c.obj
 .debug_aranges
                0x00000190       0x28 CMakeFiles/demo8.elf.dir/Core/Src/system_stm32f4xx.c.obj
 .debug_aranges
                0x000001b8       0x40 CMakeFiles/demo8.elf.dir/Core/Src/usart.c.obj
 .debug_aranges
                0x000001f8       0xf0 CMakeFiles/demo8.elf.dir/Drivers/STM32F4xx_HAL_Driver/Src/stm32f4xx_hal.c.obj
 .debug_aranges
                0x000002e8       0xa8 CMakeFiles/demo8.elf.dir/Drivers/STM32F4xx_HAL_Driver/Src/stm32f4xx_hal_cortex.c.obj
 .debug_aranges
                0x00000390       0x90 CMakeFiles/demo8.elf.dir/Drivers/STM32F4xx_HAL_Driver/Src/stm32f4xx_hal_dma.c.obj
 .debug_aranges
                0x00000420       0x58 CMakeFiles/demo8.elf.dir/Drivers/STM32F4xx_HAL_Driver/Src/stm32f4xx_hal_gpio.c.obj
 .debug_aranges
                0x00000478       0x88 CMakeFiles/demo8.elf.dir/Drivers/STM32F4xx_HAL_Driver/Src/stm32f4xx_hal_rcc.c.obj
 .debug_aranges
                0x00000500      0x200 CMakeFiles/demo8.elf.dir/Drivers/STM32F4xx_HAL_Driver/Src/stm32f4xx_hal_uart.c.obj
 .debug_aranges
                0x00000700       0x28 CMakeFiles/demo8.elf.dir/startup/startup_stm32f407xx.s.obj

.debug_ranges   0x00000000      0x6e0
 .debug_ranges  0x00000000       0x10 CMakeFiles/demo8.elf.dir/Core/Src/gpio.c.obj
 .debug_ranges  0x00000010       0x28 CMakeFiles/demo8.elf.dir/Core/Src/main.c.obj
 .debug_ranges  0x00000038       0x10 CMakeFiles/demo8.elf.dir/Core/Src/stm32f4xx_hal_msp.c.obj
 .debug_ranges  0x00000048       0x58 CMakeFiles/demo8.elf.dir/Core/Src/stm32f4xx_it.c.obj
 .debug_ranges  0x000000a0       0xa0 CMakeFiles/demo8.elf.dir/Core/Src/syscalls.c.obj
 .debug_ranges  0x00000140       0x18 CMakeFiles/demo8.elf.dir/Core/Src/system_stm32f4xx.c.obj
 .debug_ranges  0x00000158       0x30 CMakeFiles/demo8.elf.dir/Core/Src/usart.c.obj
 .debug_ranges  0x00000188       0xe0 CMakeFiles/demo8.elf.dir/Drivers/STM32F4xx_HAL_Driver/Src/stm32f4xx_hal.c.obj
 .debug_ranges  0x00000268       0xf8 CMakeFiles/demo8.elf.dir/Drivers/STM32F4xx_HAL_Driver/Src/stm32f4xx_hal_cortex.c.obj
 .debug_ranges  0x00000360       0x80 CMakeFiles/demo8.elf.dir/Drivers/STM32F4xx_HAL_Driver/Src/stm32f4xx_hal_dma.c.obj
 .debug_ranges  0x000003e0       0x48 CMakeFiles/demo8.elf.dir/Drivers/STM32F4xx_HAL_Driver/Src/stm32f4xx_hal_gpio.c.obj
 .debug_ranges  0x00000428       0x90 CMakeFiles/demo8.elf.dir/Drivers/STM32F4xx_HAL_Driver/Src/stm32f4xx_hal_rcc.c.obj
 .debug_ranges  0x000004b8      0x208 CMakeFiles/demo8.elf.dir/Drivers/STM32F4xx_HAL_Driver/Src/stm32f4xx_hal_uart.c.obj
 .debug_ranges  0x000006c0       0x20 CMakeFiles/demo8.elf.dir/startup/startup_stm32f407xx.s.obj

.debug_line     0x00000000     0x979e
 .debug_line    0x00000000      0x363 CMakeFiles/demo8.elf.dir/Core/Src/gpio.c.obj
 .debug_line    0x00000363      0x535 CMakeFiles/demo8.elf.dir/Core/Src/main.c.obj
 .debug_line    0x00000898      0x344 CMakeFiles/demo8.elf.dir/Core/Src/stm32f4xx_hal_msp.c.obj
 .debug_line    0x00000bdc      0x46a CMakeFiles/demo8.elf.dir/Core/Src/stm32f4xx_it.c.obj
 .debug_line    0x00001046      0x591 CMakeFiles/demo8.elf.dir/Core/Src/syscalls.c.obj
 .debug_line    0x000015d7      0x345 CMakeFiles/demo8.elf.dir/Core/Src/system_stm32f4xx.c.obj
 .debug_line    0x0000191c      0x571 CMakeFiles/demo8.elf.dir/Core/Src/usart.c.obj
 .debug_line    0x00001e8d      0x62d CMakeFiles/demo8.elf.dir/Drivers/STM32F4xx_HAL_Driver/Src/stm32f4xx_hal.c.obj
 .debug_line    0x000024ba      0x86a CMakeFiles/demo8.elf.dir/Drivers/STM32F4xx_HAL_Driver/Src/stm32f4xx_hal_cortex.c.obj
 .debug_line    0x00002d24      0xf19 CMakeFiles/demo8.elf.dir/Drivers/STM32F4xx_HAL_Driver/Src/stm32f4xx_hal_dma.c.obj
 .debug_line    0x00003c3d      0x7f7 CMakeFiles/demo8.elf.dir/Drivers/STM32F4xx_HAL_Driver/Src/stm32f4xx_hal_gpio.c.obj
 .debug_line    0x00004434      0xbfe CMakeFiles/demo8.elf.dir/Drivers/STM32F4xx_HAL_Driver/Src/stm32f4xx_hal_rcc.c.obj
 .debug_line    0x00005032     0x46c6 CMakeFiles/demo8.elf.dir/Drivers/STM32F4xx_HAL_Driver/Src/stm32f4xx_hal_uart.c.obj
 .debug_line    0x000096f8       0xa6 CMakeFiles/demo8.elf.dir/startup/startup_stm32f407xx.s.obj

.debug_str      0x00000000     0x2c5c
 .debug_str     0x00000000      0x7e9 CMakeFiles/demo8.elf.dir/Core/Src/gpio.c.obj
                                0x889 (size before relaxing)
 .debug_str     0x000007e9      0x62b CMakeFiles/demo8.elf.dir/Core/Src/main.c.obj
                                0xe7d (size before relaxing)
 .debug_str     0x00000e14       0x6e CMakeFiles/demo8.elf.dir/Core/Src/stm32f4xx_hal_msp.c.obj
                                0x7f5 (size before relaxing)
 .debug_str     0x00000e82      0x102 CMakeFiles/demo8.elf.dir/Core/Src/stm32f4xx_it.c.obj
                                0xbc2 (size before relaxing)
 .debug_str     0x00000f84      0x283 CMakeFiles/demo8.elf.dir/Core/Src/syscalls.c.obj
                                0x892 (size before relaxing)
 .debug_str     0x00001207       0x80 CMakeFiles/demo8.elf.dir/Core/Src/system_stm32f4xx.c.obj
                                0x41f (size before relaxing)
 .debug_str     0x00001287      0x5f0 CMakeFiles/demo8.elf.dir/Core/Src/usart.c.obj
                               0x1291 (size before relaxing)
 .debug_str     0x00001877      0x2d9 CMakeFiles/demo8.elf.dir/Drivers/STM32F4xx_HAL_Driver/Src/stm32f4xx_hal.c.obj
                                0xc05 (size before relaxing)
 .debug_str     0x00001b50      0x4a6 CMakeFiles/demo8.elf.dir/Drivers/STM32F4xx_HAL_Driver/Src/stm32f4xx_hal_cortex.c.obj
                                0xd44 (size before relaxing)
 .debug_str     0x00001ff6      0x338 CMakeFiles/demo8.elf.dir/Drivers/STM32F4xx_HAL_Driver/Src/stm32f4xx_hal_dma.c.obj
                                0x890 (size before relaxing)
 .debug_str     0x0000232e      0x14d CMakeFiles/demo8.elf.dir/Drivers/STM32F4xx_HAL_Driver/Src/stm32f4xx_hal_gpio.c.obj
                                0x60a (size before relaxing)
 .debug_str     0x0000247b      0x1b8 CMakeFiles/demo8.elf.dir/Drivers/STM32F4xx_HAL_Driver/Src/stm32f4xx_hal_rcc.c.obj
                                0x7e8 (size before relaxing)
 .debug_str     0x00002633      0x5d5 CMakeFiles/demo8.elf.dir/Drivers/STM32F4xx_HAL_Driver/Src/stm32f4xx_hal_uart.c.obj
                                0xe72 (size before relaxing)
 .debug_str     0x00002c08       0x54 CMakeFiles/demo8.elf.dir/startup/startup_stm32f407xx.s.obj
                                 0x8e (size before relaxing)

.comment        0x00000000       0x79
 .comment       0x00000000       0x79 CMakeFiles/demo8.elf.dir/Core/Src/gpio.c.obj
                                 0x7a (size before relaxing)
 .comment       0x00000079       0x7a CMakeFiles/demo8.elf.dir/Core/Src/main.c.obj
 .comment       0x00000079       0x7a CMakeFiles/demo8.elf.dir/Core/Src/stm32f4xx_hal_msp.c.obj
 .comment       0x00000079       0x7a CMakeFiles/demo8.elf.dir/Core/Src/stm32f4xx_it.c.obj
 .comment       0x00000079       0x7a CMakeFiles/demo8.elf.dir/Core/Src/syscalls.c.obj
 .comment       0x00000079       0x7a CMakeFiles/demo8.elf.dir/Core/Src/system_stm32f4xx.c.obj
 .comment       0x00000079       0x7a CMakeFiles/demo8.elf.dir/Core/Src/usart.c.obj
 .comment       0x00000079       0x7a CMakeFiles/demo8.elf.dir/Drivers/STM32F4xx_HAL_Driver/Src/stm32f4xx_hal.c.obj
 .comment       0x00000079       0x7a CMakeFiles/demo8.elf.dir/Drivers/STM32F4xx_HAL_Driver/Src/stm32f4xx_hal_cortex.c.obj
 .comment       0x00000079       0x7a CMakeFiles/demo8.elf.dir/Drivers/STM32F4xx_HAL_Driver/Src/stm32f4xx_hal_dma.c.obj
 .comment       0x00000079       0x7a CMakeFiles/demo8.elf.dir/Drivers/STM32F4xx_HAL_Driver/Src/stm32f4xx_hal_gpio.c.obj
 .comment       0x00000079       0x7a CMakeFiles/demo8.elf.dir/Drivers/STM32F4xx_HAL_Driver/Src/stm32f4xx_hal_rcc.c.obj
 .comment       0x00000079       0x7a CMakeFiles/demo8.elf.dir/Drivers/STM32F4xx_HAL_Driver/Src/stm32f4xx_hal_uart.c.obj

.debug_frame    0x00000000     0x1a90
 .debug_frame   0x00000000       0x30 CMakeFiles/demo8.elf.dir/Core/Src/gpio.c.obj
 .debug_frame   0x00000030       0x74 CMakeFiles/demo8.elf.dir/Core/Src/main.c.obj
 .debug_frame   0x000000a4       0x2c CMakeFiles/demo8.elf.dir/Core/Src/stm32f4xx_hal_msp.c.obj
 .debug_frame   0x000000d0       0xc0 CMakeFiles/demo8.elf.dir/Core/Src/stm32f4xx_it.c.obj
 .debug_frame   0x00000190      0x1a8 CMakeFiles/demo8.elf.dir/Core/Src/syscalls.c.obj
 .debug_frame   0x00000338       0x30 CMakeFiles/demo8.elf.dir/Core/Src/system_stm32f4xx.c.obj
 .debug_frame   0x00000368       0x98 CMakeFiles/demo8.elf.dir/Core/Src/usart.c.obj
 .debug_frame   0x00000400      0x1ec CMakeFiles/demo8.elf.dir/Drivers/STM32F4xx_HAL_Driver/Src/stm32f4xx_hal.c.obj
 .debug_frame   0x000005ec      0x15c CMakeFiles/demo8.elf.dir/Drivers/STM32F4xx_HAL_Driver/Src/stm32f4xx_hal_cortex.c.obj
 .debug_frame   0x00000748      0x188 CMakeFiles/demo8.elf.dir/Drivers/STM32F4xx_HAL_Driver/Src/stm32f4xx_hal_dma.c.obj
 .debug_frame   0x000008d0       0xd8 CMakeFiles/demo8.elf.dir/Drivers/STM32F4xx_HAL_Driver/Src/stm32f4xx_hal_gpio.c.obj
 .debug_frame   0x000009a8      0x174 CMakeFiles/demo8.elf.dir/Drivers/STM32F4xx_HAL_Driver/Src/stm32f4xx_hal_rcc.c.obj
 .debug_frame   0x00000b1c      0x5cc CMakeFiles/demo8.elf.dir/Drivers/STM32F4xx_HAL_Driver/Src/stm32f4xx_hal_uart.c.obj
 .debug_frame   0x000010e8       0x2c d:/study_stm32/environment/gcc-arm-none-eabi-9-2019-q4-major-win32 (1)/bin/../lib/gcc/arm-none-eabi/9.2.1/thumb/v7e-m/nofp\libgcc.a(_aeabi_uldivmod.o)
 .debug_frame   0x00001114       0x34 d:/study_stm32/environment/gcc-arm-none-eabi-9-2019-q4-major-win32 (1)/bin/../lib/gcc/arm-none-eabi/9.2.1/thumb/v7e-m/nofp\libgcc.a(_udivmoddi4.o)
 .debug_frame   0x00001148       0x20 d:/study_stm32/environment/gcc-arm-none-eabi-9-2019-q4-major-win32 (1)/bin/../lib/gcc/arm-none-eabi/9.2.1/../../../../arm-none-eabi/lib/thumb/v7e-m/nofp\libg.a(lib_a-errno.o)
 .debug_frame   0x00001168       0x2c d:/study_stm32/environment/gcc-arm-none-eabi-9-2019-q4-major-win32 (1)/bin/../lib/gcc/arm-none-eabi/9.2.1/../../../../arm-none-eabi/lib/thumb/v7e-m/nofp\libg.a(lib_a-init.o)
 .debug_frame   0x00001194       0x38 d:/study_stm32/environment/gcc-arm-none-eabi-9-2019-q4-major-win32 (1)/bin/../lib/gcc/arm-none-eabi/9.2.1/../../../../arm-none-eabi/lib/thumb/v7e-m/nofp\libg.a(lib_a-memset.o)
 .debug_frame   0x000011cc       0x4c d:/study_stm32/environment/gcc-arm-none-eabi-9-2019-q4-major-win32 (1)/bin/../lib/gcc/arm-none-eabi/9.2.1/../../../../arm-none-eabi/lib/thumb/v7e-m/nofp\libg.a(lib_a-puts.o)
 .debug_frame   0x00001218       0x5c d:/study_stm32/environment/gcc-arm-none-eabi-9-2019-q4-major-win32 (1)/bin/../lib/gcc/arm-none-eabi/9.2.1/../../../../arm-none-eabi/lib/thumb/v7e-m/nofp\libg.a(lib_a-__call_atexit.o)
 .debug_frame   0x00001274       0x20 d:/study_stm32/environment/gcc-arm-none-eabi-9-2019-q4-major-win32 (1)/bin/../lib/gcc/arm-none-eabi/9.2.1/../../../../arm-none-eabi/lib/thumb/v7e-m/nofp\libg.a(lib_a-atexit.o)
 .debug_frame   0x00001294      0x14c d:/study_stm32/environment/gcc-arm-none-eabi-9-2019-q4-major-win32 (1)/bin/../lib/gcc/arm-none-eabi/9.2.1/../../../../arm-none-eabi/lib/thumb/v7e-m/nofp\libg.a(lib_a-findfp.o)
 .debug_frame   0x000013e0       0x34 d:/study_stm32/environment/gcc-arm-none-eabi-9-2019-q4-major-win32 (1)/bin/../lib/gcc/arm-none-eabi/9.2.1/../../../../arm-none-eabi/lib/thumb/v7e-m/nofp\libg.a(lib_a-fini.o)
 .debug_frame   0x00001414       0x64 d:/study_stm32/environment/gcc-arm-none-eabi-9-2019-q4-major-win32 (1)/bin/../lib/gcc/arm-none-eabi/9.2.1/../../../../arm-none-eabi/lib/thumb/v7e-m/nofp\libg.a(lib_a-fvwrite.o)
 .debug_frame   0x00001478       0x54 d:/study_stm32/environment/gcc-arm-none-eabi-9-2019-q4-major-win32 (1)/bin/../lib/gcc/arm-none-eabi/9.2.1/../../../../arm-none-eabi/lib/thumb/v7e-m/nofp\libg.a(lib_a-fwalk.o)
 .debug_frame   0x000014cc       0xb0 d:/study_stm32/environment/gcc-arm-none-eabi-9-2019-q4-major-win32 (1)/bin/../lib/gcc/arm-none-eabi/9.2.1/../../../../arm-none-eabi/lib/thumb/v7e-m/nofp\libg.a(lib_a-lock.o)
 .debug_frame   0x0000157c       0x4c d:/study_stm32/environment/gcc-arm-none-eabi-9-2019-q4-major-win32 (1)/bin/../lib/gcc/arm-none-eabi/9.2.1/../../../../arm-none-eabi/lib/thumb/v7e-m/nofp\libg.a(lib_a-mallocr.o)
 .debug_frame   0x000015c8       0x40 d:/study_stm32/environment/gcc-arm-none-eabi-9-2019-q4-major-win32 (1)/bin/../lib/gcc/arm-none-eabi/9.2.1/../../../../arm-none-eabi/lib/thumb/v7e-m/nofp\libg.a(lib_a-memmove.o)
 .debug_frame   0x00001608       0x30 d:/study_stm32/environment/gcc-arm-none-eabi-9-2019-q4-major-win32 (1)/bin/../lib/gcc/arm-none-eabi/9.2.1/../../../../arm-none-eabi/lib/thumb/v7e-m/nofp\libg.a(lib_a-mlock.o)
 .debug_frame   0x00001638       0x48 d:/study_stm32/environment/gcc-arm-none-eabi-9-2019-q4-major-win32 (1)/bin/../lib/gcc/arm-none-eabi/9.2.1/../../../../arm-none-eabi/lib/thumb/v7e-m/nofp\libg.a(lib_a-reallocr.o)
 .debug_frame   0x00001680       0x2c d:/study_stm32/environment/gcc-arm-none-eabi-9-2019-q4-major-win32 (1)/bin/../lib/gcc/arm-none-eabi/9.2.1/../../../../arm-none-eabi/lib/thumb/v7e-m/nofp\libg.a(lib_a-sbrkr.o)
 .debug_frame   0x000016ac       0x8c d:/study_stm32/environment/gcc-arm-none-eabi-9-2019-q4-major-win32 (1)/bin/../lib/gcc/arm-none-eabi/9.2.1/../../../../arm-none-eabi/lib/thumb/v7e-m/nofp\libg.a(lib_a-stdio.o)
 .debug_frame   0x00001738       0x2c d:/study_stm32/environment/gcc-arm-none-eabi-9-2019-q4-major-win32 (1)/bin/../lib/gcc/arm-none-eabi/9.2.1/../../../../arm-none-eabi/lib/thumb/v7e-m/nofp\libg.a(lib_a-writer.o)
 .debug_frame   0x00001764       0x2c d:/study_stm32/environment/gcc-arm-none-eabi-9-2019-q4-major-win32 (1)/bin/../lib/gcc/arm-none-eabi/9.2.1/../../../../arm-none-eabi/lib/thumb/v7e-m/nofp\libg.a(lib_a-wsetup.o)
 .debug_frame   0x00001790       0x34 d:/study_stm32/environment/gcc-arm-none-eabi-9-2019-q4-major-win32 (1)/bin/../lib/gcc/arm-none-eabi/9.2.1/../../../../arm-none-eabi/lib/thumb/v7e-m/nofp\libg.a(lib_a-__atexit.o)
 .debug_frame   0x000017c4       0x2c d:/study_stm32/environment/gcc-arm-none-eabi-9-2019-q4-major-win32 (1)/bin/../lib/gcc/arm-none-eabi/9.2.1/../../../../arm-none-eabi/lib/thumb/v7e-m/nofp\libg.a(lib_a-closer.o)
 .debug_frame   0x000017f0       0x3c d:/study_stm32/environment/gcc-arm-none-eabi-9-2019-q4-major-win32 (1)/bin/../lib/gcc/arm-none-eabi/9.2.1/../../../../arm-none-eabi/lib/thumb/v7e-m/nofp\libg.a(lib_a-fclose.o)
 .debug_frame   0x0000182c       0x5c d:/study_stm32/environment/gcc-arm-none-eabi-9-2019-q4-major-win32 (1)/bin/../lib/gcc/arm-none-eabi/9.2.1/../../../../arm-none-eabi/lib/thumb/v7e-m/nofp\libg.a(lib_a-fflush.o)
 .debug_frame   0x00001888       0x8c d:/study_stm32/environment/gcc-arm-none-eabi-9-2019-q4-major-win32 (1)/bin/../lib/gcc/arm-none-eabi/9.2.1/../../../../arm-none-eabi/lib/thumb/v7e-m/nofp\libg.a(lib_a-freer.o)
 .debug_frame   0x00001914       0x2c d:/study_stm32/environment/gcc-arm-none-eabi-9-2019-q4-major-win32 (1)/bin/../lib/gcc/arm-none-eabi/9.2.1/../../../../arm-none-eabi/lib/thumb/v7e-m/nofp\libg.a(lib_a-lseekr.o)
 .debug_frame   0x00001940       0x6c d:/study_stm32/environment/gcc-arm-none-eabi-9-2019-q4-major-win32 (1)/bin/../lib/gcc/arm-none-eabi/9.2.1/../../../../arm-none-eabi/lib/thumb/v7e-m/nofp\libg.a(lib_a-makebuf.o)
 .debug_frame   0x000019ac       0x2c d:/study_stm32/environment/gcc-arm-none-eabi-9-2019-q4-major-win32 (1)/bin/../lib/gcc/arm-none-eabi/9.2.1/../../../../arm-none-eabi/lib/thumb/v7e-m/nofp\libg.a(lib_a-readr.o)
 .debug_frame   0x000019d8       0x60 d:/study_stm32/environment/gcc-arm-none-eabi-9-2019-q4-major-win32 (1)/bin/../lib/gcc/arm-none-eabi/9.2.1/../../../../arm-none-eabi/lib/thumb/v7e-m/nofp\libg.a(lib_a-reent.o)
 .debug_frame   0x00001a38       0x2c d:/study_stm32/environment/gcc-arm-none-eabi-9-2019-q4-major-win32 (1)/bin/../lib/gcc/arm-none-eabi/9.2.1/../../../../arm-none-eabi/lib/thumb/v7e-m/nofp\libg.a(lib_a-fstatr.o)
 .debug_frame   0x00001a64       0x2c d:/study_stm32/environment/gcc-arm-none-eabi-9-2019-q4-major-win32 (1)/bin/../lib/gcc/arm-none-eabi/9.2.1/../../../../arm-none-eabi/lib/thumb/v7e-m/nofp\libg.a(lib_a-isattyr.o)

.debug_loc      0x00000000     0x6fa1
 .debug_loc     0x00000000       0x23 CMakeFiles/demo8.elf.dir/Core/Src/main.c.obj
 .debug_loc     0x00000023      0x436 CMakeFiles/demo8.elf.dir/Core/Src/syscalls.c.obj
 .debug_loc     0x00000459      0x16c CMakeFiles/demo8.elf.dir/Core/Src/system_stm32f4xx.c.obj
 .debug_loc     0x000005c5       0xf1 CMakeFiles/demo8.elf.dir/Core/Src/usart.c.obj
 .debug_loc     0x000006b6      0x141 CMakeFiles/demo8.elf.dir/Drivers/STM32F4xx_HAL_Driver/Src/stm32f4xx_hal.c.obj
 .debug_loc     0x000007f7      0x744 CMakeFiles/demo8.elf.dir/Drivers/STM32F4xx_HAL_Driver/Src/stm32f4xx_hal_cortex.c.obj
 .debug_loc     0x00000f3b      0xbf9 CMakeFiles/demo8.elf.dir/Drivers/STM32F4xx_HAL_Driver/Src/stm32f4xx_hal_dma.c.obj
 .debug_loc     0x00001b34      0x513 CMakeFiles/demo8.elf.dir/Drivers/STM32F4xx_HAL_Driver/Src/stm32f4xx_hal_gpio.c.obj
 .debug_loc     0x00002047      0x56f CMakeFiles/demo8.elf.dir/Drivers/STM32F4xx_HAL_Driver/Src/stm32f4xx_hal_rcc.c.obj
 .debug_loc     0x000025b6     0x49eb CMakeFiles/demo8.elf.dir/Drivers/STM32F4xx_HAL_Driver/Src/stm32f4xx_hal_uart.c.obj
