Archive member included to satisfy reference by file (symbol)

d:/study_stm32/environment/gcc-arm-none-eabi-9-2019-q4-major-win32 (1)/bin/../lib/gcc/arm-none-eabi/9.2.1/thumb/v7e-m/nofp\libgcc.a(_aeabi_uldivmod.o)
                              CMakeFiles/demo8.elf.dir/Drivers/STM32F4xx_HAL_Driver/Src/stm32f4xx_hal_rcc.c.obj (__aeabi_uldivmod)
d:/study_stm32/environment/gcc-arm-none-eabi-9-2019-q4-major-win32 (1)/bin/../lib/gcc/arm-none-eabi/9.2.1/thumb/v7e-m/nofp\libgcc.a(_udivmoddi4.o)
                              d:/study_stm32/environment/gcc-arm-none-eabi-9-2019-q4-major-win32 (1)/bin/../lib/gcc/arm-none-eabi/9.2.1/thumb/v7e-m/nofp\libgcc.a(_aeabi_uldivmod.o) (__udivmoddi4)
d:/study_stm32/environment/gcc-arm-none-eabi-9-2019-q4-major-win32 (1)/bin/../lib/gcc/arm-none-eabi/9.2.1/thumb/v7e-m/nofp\libgcc.a(_dvmd_tls.o)
                              d:/study_stm32/environment/gcc-arm-none-eabi-9-2019-q4-major-win32 (1)/bin/../lib/gcc/arm-none-eabi/9.2.1/thumb/v7e-m/nofp\libgcc.a(_aeabi_uldivmod.o) (__aeabi_ldiv0)
d:/study_stm32/environment/gcc-arm-none-eabi-9-2019-q4-major-win32 (1)/bin/../lib/gcc/arm-none-eabi/9.2.1/../../../../arm-none-eabi/lib/thumb/v7e-m/nofp\libg.a(lib_a-errno.o)
                              CMakeFiles/demo8.elf.dir/Core/Src/syscalls.c.obj (__errno)
d:/study_stm32/environment/gcc-arm-none-eabi-9-2019-q4-major-win32 (1)/bin/../lib/gcc/arm-none-eabi/9.2.1/../../../../arm-none-eabi/lib/thumb/v7e-m/nofp\libg.a(lib_a-exit.o)
                              d:/study_stm32/environment/gcc-arm-none-eabi-9-2019-q4-major-win32 (1)/bin/../lib/gcc/arm-none-eabi/9.2.1/../../../../arm-none-eabi/lib/thumb/v7e-m/nofp/crt0.o (exit)
d:/study_stm32/environment/gcc-arm-none-eabi-9-2019-q4-major-win32 (1)/bin/../lib/gcc/arm-none-eabi/9.2.1/../../../../arm-none-eabi/lib/thumb/v7e-m/nofp\libg.a(lib_a-impure.o)
                              d:/study_stm32/environment/gcc-arm-none-eabi-9-2019-q4-major-win32 (1)/bin/../lib/gcc/arm-none-eabi/9.2.1/../../../../arm-none-eabi/lib/thumb/v7e-m/nofp\libg.a(lib_a-exit.o) (_global_impure_ptr)
d:/study_stm32/environment/gcc-arm-none-eabi-9-2019-q4-major-win32 (1)/bin/../lib/gcc/arm-none-eabi/9.2.1/../../../../arm-none-eabi/lib/thumb/v7e-m/nofp\libg.a(lib_a-init.o)
                              d:/study_stm32/environment/gcc-arm-none-eabi-9-2019-q4-major-win32 (1)/bin/../lib/gcc/arm-none-eabi/9.2.1/../../../../arm-none-eabi/lib/thumb/v7e-m/nofp/crt0.o (__libc_init_array)
d:/study_stm32/environment/gcc-arm-none-eabi-9-2019-q4-major-win32 (1)/bin/../lib/gcc/arm-none-eabi/9.2.1/../../../../arm-none-eabi/lib/thumb/v7e-m/nofp\libg.a(lib_a-memset.o)
                              d:/study_stm32/environment/gcc-arm-none-eabi-9-2019-q4-major-win32 (1)/bin/../lib/gcc/arm-none-eabi/9.2.1/../../../../arm-none-eabi/lib/thumb/v7e-m/nofp/crt0.o (memset)
d:/study_stm32/environment/gcc-arm-none-eabi-9-2019-q4-major-win32 (1)/bin/../lib/gcc/arm-none-eabi/9.2.1/../../../../arm-none-eabi/lib/thumb/v7e-m/nofp\libg.a(lib_a-printf.o)
                              CMakeFiles/demo8.elf.dir/Core/Src/tim.c.obj (printf)
d:/study_stm32/environment/gcc-arm-none-eabi-9-2019-q4-major-win32 (1)/bin/../lib/gcc/arm-none-eabi/9.2.1/../../../../arm-none-eabi/lib/thumb/v7e-m/nofp\libg.a(lib_a-vfprintf.o)
                              d:/study_stm32/environment/gcc-arm-none-eabi-9-2019-q4-major-win32 (1)/bin/../lib/gcc/arm-none-eabi/9.2.1/../../../../arm-none-eabi/lib/thumb/v7e-m/nofp\libg.a(lib_a-printf.o) (_vfprintf_r)
d:/study_stm32/environment/gcc-arm-none-eabi-9-2019-q4-major-win32 (1)/bin/../lib/gcc/arm-none-eabi/9.2.1/../../../../arm-none-eabi/lib/thumb/v7e-m/nofp\libg.a(lib_a-wsetup.o)
                              d:/study_stm32/environment/gcc-arm-none-eabi-9-2019-q4-major-win32 (1)/bin/../lib/gcc/arm-none-eabi/9.2.1/../../../../arm-none-eabi/lib/thumb/v7e-m/nofp\libg.a(lib_a-vfprintf.o) (__swsetup_r)
d:/study_stm32/environment/gcc-arm-none-eabi-9-2019-q4-major-win32 (1)/bin/../lib/gcc/arm-none-eabi/9.2.1/../../../../arm-none-eabi/lib/thumb/v7e-m/nofp\libg.a(lib_a-__call_atexit.o)
                              d:/study_stm32/environment/gcc-arm-none-eabi-9-2019-q4-major-win32 (1)/bin/../lib/gcc/arm-none-eabi/9.2.1/../../../../arm-none-eabi/lib/thumb/v7e-m/nofp\libg.a(lib_a-exit.o) (__call_exitprocs)
d:/study_stm32/environment/gcc-arm-none-eabi-9-2019-q4-major-win32 (1)/bin/../lib/gcc/arm-none-eabi/9.2.1/../../../../arm-none-eabi/lib/thumb/v7e-m/nofp\libg.a(lib_a-atexit.o)
                              d:/study_stm32/environment/gcc-arm-none-eabi-9-2019-q4-major-win32 (1)/bin/../lib/gcc/arm-none-eabi/9.2.1/../../../../arm-none-eabi/lib/thumb/v7e-m/nofp\libg.a(lib_a-__call_atexit.o) (atexit)
d:/study_stm32/environment/gcc-arm-none-eabi-9-2019-q4-major-win32 (1)/bin/../lib/gcc/arm-none-eabi/9.2.1/../../../../arm-none-eabi/lib/thumb/v7e-m/nofp\libg.a(lib_a-dtoa.o)
[...]
Memory Configuration

Name             Origin             Length             Attributes
RAM              0x20000000         0x00020000         xrw
CCMRAM           0x10000000         0x00010000         xrw
FLASH            0x08000000         0x00100000         xr
*default*        0x00000000         0xffffffff

Linker script and memory map

LOAD d:/study_stm32/environment/gcc-arm-none-eabi-9-2019-q4-major-win32 (1)/bin/../lib/gcc/arm-none-eabi/9.2.1/thumb/v7e-m/nofp/crti.o
LOAD d:/study_stm32/environment/gcc-arm-none-eabi-9-2019-q4-major-win32 (1)/bin/../lib/gcc/arm-none-eabi/9.2.1/thumb/v7e-m/nofp/crtbegin.o
LOAD d:/study_stm32/environment/gcc-arm-none-eabi-9-2019-q4-major-win32 (1)/bin/../lib/gcc/arm-none-eabi/9.2.1/../../../../arm-none-eabi/lib/thumb/v7e-m/nofp/crt0.o
LOAD CMakeFiles/demo8.elf.dir/Core/Src/gpio.c.obj
LOAD CMakeFiles/demo8.elf.dir/Core/Src/main.c.obj
LOAD CMakeFiles/demo8.elf.dir/Core/Src/stm32f4xx_hal_msp.c.obj
LOAD CMakeFiles/demo8.elf.dir/Core/Src/stm32f4xx_it.c.obj
LOAD CMakeFiles/demo8.elf.dir/Core/Src/syscalls.c.obj
LOAD CMakeFiles/demo8.elf.dir/Core/Src/system_stm32f4xx.c.obj
LOAD CMakeFiles/demo8.elf.dir/Core/Src/tim.c.obj
LOAD CMakeFiles/demo8.elf.dir/Core/Src/usart.c.obj
LOAD CMakeFiles/demo8.elf.dir/Drivers/STM32F4xx_HAL_Driver/Src/stm32f4xx_hal.c.obj
LOAD CMakeFiles/demo8.elf.dir/Drivers/STM32F4xx_HAL_Driver/Src/stm32f4xx_hal_cortex.c.obj
LOAD CMakeFiles/demo8.elf.dir/Drivers/STM32F4xx_HAL_Driver/Src/stm32f4xx_hal_dma.c.obj
LOAD CMakeFiles/demo8.elf.dir/Drivers/STM32F4xx_HAL_Driver/Src/stm32f4xx_hal_dma_ex.c.obj
LOAD CMakeFiles/demo8.elf.dir/Drivers/STM32F4xx_HAL_Driver/Src/stm32f4xx_hal_exti.c.obj
LOAD CMakeFiles/demo8.elf.dir/Drivers/STM32F4xx_HAL_Driver/Src/stm32f4xx_hal_flash.c.obj
LOAD CMakeFiles/demo8.elf.dir/Drivers/STM32F4xx_HAL_Driver/Src/stm32f4xx_hal_flash_ex.c.obj
LOAD CMakeFiles/demo8.elf.dir/Drivers/STM32F4xx_HAL_Driver/Src/stm32f4xx_hal_flash_ramfunc.c.obj
LOAD CMakeFiles/demo8.elf.dir/Drivers/STM32F4xx_HAL_Driver/Src/stm32f4xx_hal_gpio.c.obj
LOAD CMakeFiles/demo8.elf.dir/Drivers/STM32F4xx_HAL_Driver/Src/stm32f4xx_hal_pwr.c.obj
LOAD CMakeFiles/demo8.elf.dir/Drivers/STM32F4xx_HAL_Driver/Src/stm32f4xx_hal_pwr_ex.c.obj
LOAD CMakeFiles/demo8.elf.dir/Drivers/STM32F4xx_HAL_Driver/Src/stm32f4xx_hal_rcc.c.obj
LOAD CMakeFiles/demo8.elf.dir/Drivers/STM32F4xx_HAL_Driver/Src/stm32f4xx_hal_rcc_ex.c.obj
LOAD CMakeFiles/demo8.elf.dir/Drivers/STM32F4xx_HAL_Driver/Src/stm32f4xx_hal_tim.c.obj
LOAD CMakeFiles/demo8.elf.dir/Drivers/STM32F4xx_HAL_Driver/Src/stm32f4xx_hal_tim_ex.c.obj
LOAD CMakeFiles/demo8.elf.dir/Drivers/STM32F4xx_HAL_Driver/Src/stm32f4xx_hal_uart.c.obj
LOAD CMakeFiles/demo8.elf.dir/startup/startup_stm32f407xx.s.obj
START GROUP
LOAD d:/study_stm32/environment/gcc-arm-none-eabi-9-2019-q4-major-win32 (1)/bin/../lib/gcc/arm-none-eabi/9.2.1/thumb/v7e-m/nofp\libgcc.a
LOAD d:/study_stm32/environment/gcc-arm-none-eabi-9-2019-q4-major-win32 (1)/bin/../lib/gcc/arm-none-eabi/9.2.1/../../../../arm-none-eabi/lib/thumb/v7e-m/nofp\libg.a
LOAD d:/study_stm32/environment/gcc-arm-none-eabi-9-2019-q4-major-win32 (1)/bin/../lib/gcc/arm-none-eabi/9.2.1/../../../../arm-none-eabi/lib/thumb/v7e-m/nofp\libc.a
END GROUP
LOAD d:/study_stm32/environment/gcc-arm-none-eabi-9-2019-q4-major-win32 (1)/bin/../lib/gcc/arm-none-eabi/9.2.1/thumb/v7e-m/nofp/crtend.o
LOAD d:/study_stm32/environment/gcc-arm-none-eabi-9-2019-q4-major-win32 (1)/bin/../lib/gcc/arm-none-eabi/9.2.1/thumb/v7e-m/nofp/crtn.o
                0x20020000                _estack = 0x20020000
                0x00000200                _Min_Heap_Size = 0x200
                0x00000400                _Min_Stack_Size = 0x400

.isr_vector     0x08000000      0x188
                0x08000000                . = ALIGN (0x4)
 *(.isr_vector)
 .isr_vector    0x08000000      0x188 CMakeFiles/demo8.elf.dir/startup/startup_stm32f407xx.s.obj
                0x08000000                g_pfnVectors
                0x08000188                . = ALIGN (0x4)

.text           0x080001c0     0x7c84
                0x080001c0                . = ALIGN (0x4)
 *(.text)
 .text          0x080001c0       0x40 d:/study_stm32/environment/gcc-arm-none-eabi-9-2019-q4-major-win32 (1)/bin/../lib/gcc/arm-none-eabi/9.2.1/thumb/v7e-m/nofp/crtbegin.o
 .text          0x08000200       0x30 d:/study_stm32/environment/gcc-arm-none-eabi-9-2019-q4-major-win32 (1)/bin/../lib/gcc/arm-none-eabi/9.2.1/thumb/v7e-m/nofp\libgcc.a(_aeabi_uldivmod.o)
                0x08000200                __aeabi_uldivmod
 .text          0x08000230      0x2c0 d:/study_stm32/environment/gcc-arm-none-eabi-9-2019-q4-major-win32 (1)/bin/../lib/gcc/arm-none-eabi/9.2.1/thumb/v7e-m/nofp\libgcc.a(_udivmoddi4.o)
                0x08000230                __udivmoddi4
 .text          0x080004f0        0x4 d:/study_stm32/environment/gcc-arm-none-eabi-9-2019-q4-major-win32 (1)/bin/../lib/gcc/arm-none-eabi/9.2.1/thumb/v7e-m/nofp\libgcc.a(_dvmd_tls.o)
                0x080004f0                __aeabi_idiv0
                0x080004f0                __aeabi_ldiv0
 *fill*         0x080004f4        0xc 
 .text          0x08000500       0xa0 d:/study_stm32/environment/gcc-arm-none-eabi-9-2019-q4-major-win32 (1)/bin/../lib/gcc/arm-none-eabi/9.2.1/../../../../arm-none-eabi/lib/thumb/v7e-m/nofp\libg.a(lib_a-memchr.o)
                0x08000500                memchr
 .text          0x080005a0      0x134 d:/study_stm32/environment/gcc-arm-none-eabi-9-2019-q4-major-win32 (1)/bin/../lib/gcc/arm-none-eabi/9.2.1/../../../../arm-none-eabi/lib/thumb/v7e-m/nofp\libg.a(lib_a-memcpy.o)
                0x080005a0                memcpy
 *fill*         0x080006d4       0x2c 
 .text          0x08000700       0xdc d:/study_stm32/environment/gcc-arm-none-eabi-9-2019-q4-major-win32 (1)/bin/../lib/gcc/arm-none-eabi/9.2.1/../../../../arm-none-eabi/lib/thumb/v7e-m/nofp\libg.a(lib_a-strlen.o)
                0x08000700                strlen
 .text          0x080007dc      0x378 d:/study_stm32/environment/gcc-arm-none-eabi-9-2019-q4-major-win32 (1)/bin/../lib/gcc/arm-none-eabi/9.2.1/thumb/v7e-m/nofp\libgcc.a(_arm_addsubdf3.o)
                0x080007dc                __aeabi_drsub
                0x080007e4                __aeabi_dsub
                0x080007e4                __subdf3
                0x080007e8                __aeabi_dadd
                0x080007e8                __adddf3
                0x08000a60                __floatunsidf
                0x08000a60                __aeabi_ui2d
                0x08000a80                __floatsidf
                0x08000a80                __aeabi_i2d
                0x08000aa4                __aeabi_f2d
                0x08000aa4                __extendsfdf2
                0x08000ae8                __floatundidf
                0x08000ae8                __aeabi_ul2d
                0x08000af8                __floatdidf
                0x08000af8                __aeabi_l2d
 .text          0x08000b54      0x424 d:/study_stm32/environment/gcc-arm-none-eabi-9-2019-q4-major-win32 (1)/bin/../lib/gcc/arm-none-eabi/9.2.1/thumb/v7e-m/nofp\libgcc.a(_arm_muldivdf3.o)
                0x08000b54                __aeabi_dmul
                0x08000b54                __muldf3
                0x08000da8                __divdf3
                0x08000da8                __aeabi_ddiv
 .text          0x08000f78      0x110 d:/study_stm32/environment/gcc-arm-none-eabi-9-2019-q4-major-win32 (1)/bin/../lib/gcc/arm-none-eabi/9.2.1/thumb/v7e-m/nofp\libgcc.a(_arm_cmpdf2.o)
                0x08000f78                __gtdf2
                0x08000f78                __gedf2
                0x08000f80                __ltdf2
                0x08000f80                __ledf2
                0x08000f88                __nedf2
                0x08000f88                __eqdf2
                0x08000f88                __cmpdf2
                0x08001004                __aeabi_cdrcmple
                0x08001014                __aeabi_cdcmpeq
                0x08001014                __aeabi_cdcmple
                0x08001024                __aeabi_dcmpeq
                0x08001038                __aeabi_dcmplt
                0x0800104c                __aeabi_dcmple
                0x08001060                __aeabi_dcmpge
                0x08001074                __aeabi_dcmpgt
 .text          0x08001088       0x2c d:/study_stm32/environment/gcc-arm-none-eabi-9-2019-q4-major-win32 (1)/bin/../lib/gcc/arm-none-eabi/9.2.1/thumb/v7e-m/nofp\libgcc.a(_arm_unorddf2.o)
                0x08001088                __unorddf2
                0x08001088                __aeabi_dcmpun
 .text          0x080010b4       0x50 d:/study_stm32/environment/gcc-arm-none-eabi-9-2019-q4-major-win32 (1)/bin/../lib/gcc/arm-none-eabi/9.2.1/thumb/v7e-m/nofp\libgcc.a(_arm_fixdfsi.o)
                0x080010b4                __aeabi_d2iz
                0x080010b4                __fixdfsi
 *(.text*)
 .text.MX_GPIO_Init
                0x08001104       0xac CMakeFiles/demo8.elf.dir/Core/Src/gpio.c.obj
                0x08001104                MX_GPIO_Init
 .text.__io_putchar
                0x080011b0       0x20 CMakeFiles/demo8.elf.dir/Core/Src/main.c.obj
                0x080011b0                __io_putchar
 .text.Error_Handler
                0x080011d0        0x4 CMakeFiles/demo8.elf.dir/Core/Src/main.c.obj
                0x080011d0                Error_Handler
 .text.SystemClock_Config
                0x080011d4       0xac CMakeFiles/demo8.elf.dir/Core/Src/main.c.obj
                0x080011d4                SystemClock_Config
 .text.main     0x08001280       0x50 CMakeFiles/demo8.elf.dir/Core/Src/main.c.obj
                0x08001280                main
 .text.HAL_MspInit
                0x080012d0       0x40 CMakeFiles/demo8.elf.dir/Core/Src/stm32f4xx_hal_msp.c.obj
                0x080012d0                HAL_MspInit
 .text.NMI_Handler
                0x08001310        0x2 CMakeFiles/demo8.elf.dir/Core/Src/stm32f4xx_it.c.obj
                0x08001310                NMI_Handler
 .text.HardFault_Handler
                0x08001312        0x2 CMakeFiles/demo8.elf.dir/Core/Src/stm32f4xx_it.c.obj
                0x08001312                HardFault_Handler
 .text.MemManage_Handler
                0x08001314        0x2 CMakeFiles/demo8.elf.dir/Core/Src/stm32f4xx_it.c.obj
                0x08001314                MemManage_Handler
 .text.BusFault_Handler
                0x08001316        0x2 CMakeFiles/demo8.elf.dir/Core/Src/stm32f4xx_it.c.obj
                0x08001316                BusFault_Handler
 .text.UsageFault_Handler
                0x08001318        0x2 CMakeFiles/demo8.elf.dir/Core/Src/stm32f4xx_it.c.obj
                0x08001318                UsageFault_Handler
 .text.SVC_Handler
                0x0800131a        0x2 CMakeFiles/demo8.elf.dir/Core/Src/stm32f4xx_it.c.obj
                0x0800131a                SVC_Handler
 .text.DebugMon_Handler
                0x0800131c        0x2 CMakeFiles/demo8.elf.dir/Core/Src/stm32f4xx_it.c.obj
                0x0800131c                DebugMon_Handler
 .text.PendSV_Handler
                0x0800131e        0x2 CMakeFiles/demo8.elf.dir/Core/Src/stm32f4xx_it.c.obj
                0x0800131e                PendSV_Handler
 .text.SysTick_Handler
                0x08001320        0x8 CMakeFiles/demo8.elf.dir/Core/Src/stm32f4xx_it.c.obj
                0x08001320                SysTick_Handler
 .text.USART1_IRQHandler
                0x08001328       0x10 CMakeFiles/demo8.elf.dir/Core/Src/stm32f4xx_it.c.obj
                0x08001328                USART1_IRQHandler
 .text.TIM5_IRQHandler
                0x08001338       0x10 CMakeFiles/demo8.elf.dir/Core/Src/stm32f4xx_it.c.obj
                0x08001338                TIM5_IRQHandler
 .text._read    0x08001348       0x20 CMakeFiles/demo8.elf.dir/Core/Src/syscalls.c.obj
                0x08001348                _read
 .text._write   0x08001368       0x1c CMakeFiles/demo8.elf.dir/Core/Src/syscalls.c.obj
                0x08001368                _write
 .text._sbrk    0x08001384       0x3c CMakeFiles/demo8.elf.dir/Core/Src/syscalls.c.obj
                0x08001384                _sbrk
 .text._close   0x080013c0        0x6 CMakeFiles/demo8.elf.dir/Core/Src/syscalls.c.obj
                0x080013c0                _close
 .text._fstat   0x080013c6        0xa CMakeFiles/demo8.elf.dir/Core/Src/syscalls.c.obj
                0x080013c6                _fstat
 .text._isatty  0x080013d0        0x4 CMakeFiles/demo8.elf.dir/Core/Src/syscalls.c.obj
                0x080013d0                _isatty
 .text._lseek   0x080013d4        0x4 CMakeFiles/demo8.elf.dir/Core/Src/syscalls.c.obj
                0x080013d4                _lseek
 .text.SystemInit
                0x080013d8        0x2 CMakeFiles/demo8.elf.dir/Core/Src/system_stm32f4xx.c.obj
                0x080013d8                SystemInit
 *fill*         0x080013da        0x2 
 .text.MX_TIM5_Init
                0x080013dc       0x8c CMakeFiles/demo8.elf.dir/Core/Src/tim.c.obj
                0x080013dc                MX_TIM5_Init
 .text.HAL_TIM_IC_MspInit
                0x08001468       0x7c CMakeFiles/demo8.elf.dir/Core/Src/tim.c.obj
                0x08001468                HAL_TIM_IC_MspInit
 .text.HAL_TIM_IC_CaptureCallback
                0x080014e4       0x10 CMakeFiles/demo8.elf.dir/Core/Src/tim.c.obj
                0x080014e4                HAL_TIM_IC_CaptureCallback
 .text.HAL_TIM_PeriodElapsedCallback
                0x080014f4        0x2 CMakeFiles/demo8.elf.dir/Core/Src/tim.c.obj
                0x080014f4                HAL_TIM_PeriodElapsedCallback
 *fill*         0x080014f6        0x2 
 .text.MX_USART1_UART_Init
                0x080014f8       0x44 CMakeFiles/demo8.elf.dir/Core/Src/usart.c.obj
                0x080014f8                MX_USART1_UART_Init
 .text.HAL_UART_MspInit
                0x0800153c       0x84 CMakeFiles/demo8.elf.dir/Core/Src/usart.c.obj
                0x0800153c                HAL_UART_MspInit
 .text.HAL_UART_RxCpltCallback
                0x080015c0       0x28 CMakeFiles/demo8.elf.dir/Core/Src/usart.c.obj
                0x080015c0                HAL_UART_RxCpltCallback
 .text.HAL_InitTick
                0x080015e8       0x4c CMakeFiles/demo8.elf.dir/Drivers/STM32F4xx_HAL_Driver/Src/stm32f4xx_hal.c.obj
                0x080015e8                HAL_InitTick
 .text.HAL_Init
                0x08001634       0x34 CMakeFiles/demo8.elf.dir/Drivers/STM32F4xx_HAL_Driver/Src/stm32f4xx_hal.c.obj
                0x08001634                HAL_Init
 .text.HAL_IncTick
                0x08001668       0x18 CMakeFiles/demo8.elf.dir/Drivers/STM32F4xx_HAL_Driver/Src/stm32f4xx_hal.c.obj
                0x08001668                HAL_IncTick
 .text.HAL_GetTick
                0x08001680        0xc CMakeFiles/demo8.elf.dir/Drivers/STM32F4xx_HAL_Driver/Src/stm32f4xx_hal.c.obj
                0x08001680                HAL_GetTick
 .text.HAL_Delay
                0x0800168c       0x28 CMakeFiles/demo8.elf.dir/Drivers/STM32F4xx_HAL_Driver/Src/stm32f4xx_hal.c.obj
                0x0800168c                HAL_Delay
 .text.HAL_NVIC_SetPriorityGrouping
                0x080016b4       0x24 CMakeFiles/demo8.elf.dir/Drivers/STM32F4xx_HAL_Driver/Src/stm32f4xx_hal_cortex.c.obj
                0x080016b4                HAL_NVIC_SetPriorityGrouping
 .text.HAL_NVIC_SetPriority
                0x080016d8       0x68 CMakeFiles/demo8.elf.dir/Drivers/STM32F4xx_HAL_Driver/Src/stm32f4xx_hal_cortex.c.obj
                0x080016d8                HAL_NVIC_SetPriority
 .text.HAL_NVIC_EnableIRQ
                0x08001740       0x1c CMakeFiles/demo8.elf.dir/Drivers/STM32F4xx_HAL_Driver/Src/stm32f4xx_hal_cortex.c.obj
                0x08001740                HAL_NVIC_EnableIRQ
 .text.HAL_SYSTICK_Config
                0x0800175c       0x2c CMakeFiles/demo8.elf.dir/Drivers/STM32F4xx_HAL_Driver/Src/stm32f4xx_hal_cortex.c.obj
                0x0800175c                HAL_SYSTICK_Config
 .text.HAL_DMA_Abort
                0x08001788       0x94 CMakeFiles/demo8.elf.dir/Drivers/STM32F4xx_HAL_Driver/Src/stm32f4xx_hal_dma.c.obj
                0x08001788                HAL_DMA_Abort
 .text.HAL_DMA_Abort_IT
                0x0800181c       0x26 CMakeFiles/demo8.elf.dir/Drivers/STM32F4xx_HAL_Driver/Src/stm32f4xx_hal_dma.c.obj
                0x0800181c                HAL_DMA_Abort_IT
 *fill*         0x08001842        0x2 
 .text.HAL_GPIO_Init
                0x08001844      0x1d4 CMakeFiles/demo8.elf.dir/Drivers/STM32F4xx_HAL_Driver/Src/stm32f4xx_hal_gpio.c.obj
                0x08001844                HAL_GPIO_Init
 .text.HAL_GPIO_ReadPin
                0x08001a18        0xe CMakeFiles/demo8.elf.dir/Drivers/STM32F4xx_HAL_Driver/Src/stm32f4xx_hal_gpio.c.obj
                0x08001a18                HAL_GPIO_ReadPin
 .text.HAL_GPIO_WritePin
                0x08001a26        0xc CMakeFiles/demo8.elf.dir/Drivers/STM32F4xx_HAL_Driver/Src/stm32f4xx_hal_gpio.c.obj
                0x08001a26                HAL_GPIO_WritePin
 *fill*         0x08001a32        0x2 
 .text.HAL_RCC_OscConfig
                0x08001a34      0x3f8 CMakeFiles/demo8.elf.dir/Drivers/STM32F4xx_HAL_Driver/Src/stm32f4xx_hal_rcc.c.obj
                0x08001a34                HAL_RCC_OscConfig
 .text.HAL_RCC_GetSysClockFreq
                0x08001e2c       0xcc CMakeFiles/demo8.elf.dir/Drivers/STM32F4xx_HAL_Driver/Src/stm32f4xx_hal_rcc.c.obj
                0x08001e2c                HAL_RCC_GetSysClockFreq
 .text.HAL_RCC_ClockConfig
                0x08001ef8      0x160 CMakeFiles/demo8.elf.dir/Drivers/STM32F4xx_HAL_Driver/Src/stm32f4xx_hal_rcc.c.obj
                0x08001ef8                HAL_RCC_ClockConfig
 .text.HAL_RCC_GetHCLKFreq
                0x08002058        0xc CMakeFiles/demo8.elf.dir/Drivers/STM32F4xx_HAL_Driver/Src/stm32f4xx_hal_rcc.c.obj
                0x08002058                HAL_RCC_GetHCLKFreq
 .text.HAL_RCC_GetPCLK1Freq
                0x08002064       0x20 CMakeFiles/demo8.elf.dir/Drivers/STM32F4xx_HAL_Driver/Src/stm32f4xx_hal_rcc.c.obj
                0x08002064                HAL_RCC_GetPCLK1Freq
 .text.HAL_RCC_GetPCLK2Freq
                0x08002084       0x20 CMakeFiles/demo8.elf.dir/Drivers/STM32F4xx_HAL_Driver/Src/stm32f4xx_hal_rcc.c.obj
                0x08002084                HAL_RCC_GetPCLK2Freq
 .text.TIM_TI2_SetConfig
                0x080020a4       0x34 CMakeFiles/demo8.elf.dir/Drivers/STM32F4xx_HAL_Driver/Src/stm32f4xx_hal_tim.c.obj
 .text.TIM_TI3_SetConfig
                0x080020d8       0x32 CMakeFiles/demo8.elf.dir/Drivers/STM32F4xx_HAL_Driver/Src/stm32f4xx_hal_tim.c.obj
 .text.TIM_TI4_SetConfig
                0x0800210a       0x34 CMakeFiles/demo8.elf.dir/Drivers/STM32F4xx_HAL_Driver/Src/stm32f4xx_hal_tim.c.obj
 .text.HAL_TIM_OC_DelayElapsedCallback
                0x0800213e        0x2 CMakeFiles/demo8.elf.dir/Drivers/STM32F4xx_HAL_Driver/Src/stm32f4xx_hal_tim.c.obj
                0x0800213e                HAL_TIM_OC_DelayElapsedCallback
 .text.HAL_TIM_PWM_PulseFinishedCallback
                0x08002140        0x2 CMakeFiles/demo8.elf.dir/Drivers/STM32F4xx_HAL_Driver/Src/stm32f4xx_hal_tim.c.obj
                0x08002140                HAL_TIM_PWM_PulseFinishedCallback
 .text.HAL_TIM_TriggerCallback
                0x08002142        0x2 CMakeFiles/demo8.elf.dir/Drivers/STM32F4xx_HAL_Driver/Src/stm32f4xx_hal_tim.c.obj
                0x08002142                HAL_TIM_TriggerCallback
 .text.HAL_TIM_IRQHandler
                0x08002144      0x17a CMakeFiles/demo8.elf.dir/Drivers/STM32F4xx_HAL_Driver/Src/stm32f4xx_hal_tim.c.obj
                0x08002144                HAL_TIM_IRQHandler
 *fill*         0x080022be        0x2 
 .text.TIM_Base_SetConfig
                0x080022c0       0xc8 CMakeFiles/demo8.elf.dir/Drivers/STM32F4xx_HAL_Driver/Src/stm32f4xx_hal_tim.c.obj
                0x080022c0                TIM_Base_SetConfig
 .text.HAL_TIM_IC_Init
                0x08002388       0x58 CMakeFiles/demo8.elf.dir/Drivers/STM32F4xx_HAL_Driver/Src/stm32f4xx_hal_tim.c.obj
                0x08002388                HAL_TIM_IC_Init
 .text.TIM_TI1_SetConfig
                0x080023e0       0x78 CMakeFiles/demo8.elf.dir/Drivers/STM32F4xx_HAL_Driver/Src/stm32f4xx_hal_tim.c.obj
                0x080023e0                TIM_TI1_SetConfig
 .text.HAL_TIM_IC_ConfigChannel
                0x08002458       0xc4 CMakeFiles/demo8.elf.dir/Drivers/STM32F4xx_HAL_Driver/Src/stm32f4xx_hal_tim.c.obj
                0x08002458                HAL_TIM_IC_ConfigChannel
 .text.TIM_CCxChannelCmd
                0x0800251c       0x22 CMakeFiles/demo8.elf.dir/Drivers/STM32F4xx_HAL_Driver/Src/stm32f4xx_hal_tim.c.obj
                0x0800251c                TIM_CCxChannelCmd
 *fill*         0x0800253e        0x2 
 .text.HAL_TIM_IC_Start_IT
                0x08002540      0x174 CMakeFiles/demo8.elf.dir/Drivers/STM32F4xx_HAL_Driver/Src/stm32f4xx_hal_tim.c.obj
                0x08002540                HAL_TIM_IC_Start_IT
 .text.HAL_TIMEx_MasterConfigSynchronization
                0x080026b4       0x88 CMakeFiles/demo8.elf.dir/Drivers/STM32F4xx_HAL_Driver/Src/stm32f4xx_hal_tim_ex.c.obj
                0x080026b4                HAL_TIMEx_MasterConfigSynchronization
 .text.HAL_TIMEx_CommutCallback
                0x0800273c        0x2 CMakeFiles/demo8.elf.dir/Drivers/STM32F4xx_HAL_Driver/Src/stm32f4xx_hal_tim_ex.c.obj
                0x0800273c                HAL_TIMEx_CommutCallback
 .text.HAL_TIMEx_BreakCallback
                0x0800273e        0x2 CMakeFiles/demo8.elf.dir/Drivers/STM32F4xx_HAL_Driver/Src/stm32f4xx_hal_tim_ex.c.obj
                0x0800273e                HAL_TIMEx_BreakCallback
 .text.UART_EndRxTransfer
                0x08002740       0x5c CMakeFiles/demo8.elf.dir/Drivers/STM32F4xx_HAL_Driver/Src/stm32f4xx_hal_uart.c.obj
 .text.UART_Transmit_IT
                0x0800279c       0x60 CMakeFiles/demo8.elf.dir/Drivers/STM32F4xx_HAL_Driver/Src/stm32f4xx_hal_uart.c.obj
 .text.UART_SetConfig
                0x080027fc      0x11c CMakeFiles/demo8.elf.dir/Drivers/STM32F4xx_HAL_Driver/Src/stm32f4xx_hal_uart.c.obj
 .text.UART_WaitOnFlagUntilTimeout
                0x08002918       0x84 CMakeFiles/demo8.elf.dir/Drivers/STM32F4xx_HAL_Driver/Src/stm32f4xx_hal_uart.c.obj
 .text.HAL_UART_Init
                0x0800299c       0x5e CMakeFiles/demo8.elf.dir/Drivers/STM32F4xx_HAL_Driver/Src/stm32f4xx_hal_uart.c.obj
                0x0800299c                HAL_UART_Init
 .text.HAL_UART_Transmit
                0x080029fa       0xd8 CMakeFiles/demo8.elf.dir/Drivers/STM32F4xx_HAL_Driver/Src/stm32f4xx_hal_uart.c.obj
                0x080029fa                HAL_UART_Transmit
 .text.HAL_UART_TxCpltCallback
                0x08002ad2        0x2 CMakeFiles/demo8.elf.dir/Drivers/STM32F4xx_HAL_Driver/Src/stm32f4xx_hal_uart.c.obj
                0x08002ad2                HAL_UART_TxCpltCallback
 .text.UART_EndTransmit_IT
                0x08002ad4       0x1a CMakeFiles/demo8.elf.dir/Drivers/STM32F4xx_HAL_Driver/Src/stm32f4xx_hal_uart.c.obj
 .text.HAL_UART_ErrorCallback
                0x08002aee        0x2 CMakeFiles/demo8.elf.dir/Drivers/STM32F4xx_HAL_Driver/Src/stm32f4xx_hal_uart.c.obj
                0x08002aee                HAL_UART_ErrorCallback
 .text.UART_DMAAbortOnError
                0x08002af0       0x10 CMakeFiles/demo8.elf.dir/Drivers/STM32F4xx_HAL_Driver/Src/stm32f4xx_hal_uart.c.obj
 .text.HAL_UARTEx_RxEventCallback
                0x08002b00        0x2 CMakeFiles/demo8.elf.dir/Drivers/STM32F4xx_HAL_Driver/Src/stm32f4xx_hal_uart.c.obj
                0x08002b00                HAL_UARTEx_RxEventCallback
 .text.UART_Receive_IT
                0x08002b02       0xe2 CMakeFiles/demo8.elf.dir/Drivers/STM32F4xx_HAL_Driver/Src/stm32f4xx_hal_uart.c.obj
 .text.HAL_UART_IRQHandler
                0x08002be4      0x280 CMakeFiles/demo8.elf.dir/Drivers/STM32F4xx_HAL_Driver/Src/stm32f4xx_hal_uart.c.obj
                0x08002be4                HAL_UART_IRQHandler
 .text.UART_Start_Receive_IT
                0x08002e64       0x36 CMakeFiles/demo8.elf.dir/Drivers/STM32F4xx_HAL_Driver/Src/stm32f4xx_hal_uart.c.obj
                0x08002e64                UART_Start_Receive_IT
 .text.HAL_UART_Receive_IT
                0x08002e9a       0x38 CMakeFiles/demo8.elf.dir/Drivers/STM32F4xx_HAL_Driver/Src/stm32f4xx_hal_uart.c.obj
                0x08002e9a                HAL_UART_Receive_IT
 *fill*         0x08002ed2        0x2 
 .text.Reset_Handler
                0x08002ed4       0x50 CMakeFiles/demo8.elf.dir/startup/startup_stm32f407xx.s.obj
                0x08002ed4                Reset_Handler
 .text.Default_Handler
                0x08002f24        0x2 CMakeFiles/demo8.elf.dir/startup/startup_stm32f407xx.s.obj
                0x08002f24                RTC_Alarm_IRQHandler
                0x08002f24                HASH_RNG_IRQHandler
                0x08002f24                EXTI2_IRQHandler
                0x08002f24                TIM8_CC_IRQHandler
                0x08002f24                TIM1_CC_IRQHandler
                0x08002f24                DMA2_Stream5_IRQHandler
                0x08002f24                DMA1_Stream5_IRQHandler
                0x08002f24                PVD_IRQHandler
                0x08002f24                SDIO_IRQHandler
                0x08002f24                TAMP_STAMP_IRQHandler
                0x08002f24                CAN2_RX1_IRQHandler
                0x08002f24                EXTI3_IRQHandler
                0x08002f24                TIM8_TRG_COM_TIM14_IRQHandler
                0x08002f24                TIM1_UP_TIM10_IRQHandler
                0x08002f24                TIM8_UP_TIM13_IRQHandler
                0x08002f24                I2C3_ER_IRQHandler
                0x08002f24                EXTI0_IRQHandler
                0x08002f24                I2C2_EV_IRQHandler
                0x08002f24                DMA1_Stream2_IRQHandler
                0x08002f24                CAN1_RX0_IRQHandler
                0x08002f24                FPU_IRQHandler
                0x08002f24                OTG_HS_WKUP_IRQHandler
                0x08002f24                CAN2_SCE_IRQHandler
                0x08002f24                DMA2_Stream2_IRQHandler
                0x08002f24                SPI1_IRQHandler
                0x08002f24                TIM6_DAC_IRQHandler
                0x08002f24                TIM1_BRK_TIM9_IRQHandler
                0x08002f24                DCMI_IRQHandler
                0x08002f24                CAN2_RX0_IRQHandler
                0x08002f24                DMA2_Stream3_IRQHandler
                0x08002f24                USART6_IRQHandler
                0x08002f24                USART3_IRQHandler
                0x08002f24                CAN1_RX1_IRQHandler
                0x08002f24                UART5_IRQHandler
                0x08002f24                DMA2_Stream0_IRQHandler
                0x08002f24                TIM4_IRQHandler
                0x08002f24                I2C1_EV_IRQHandler
                0x08002f24                DMA1_Stream6_IRQHandler
                0x08002f24                DMA1_Stream1_IRQHandler
                0x08002f24                UART4_IRQHandler
                0x08002f24                TIM3_IRQHandler
                0x08002f24                RCC_IRQHandler
                0x08002f24                TIM8_BRK_TIM12_IRQHandler
                0x08002f24                Default_Handler
                0x08002f24                EXTI15_10_IRQHandler
                0x08002f24                ADC_IRQHandler
                0x08002f24                DMA1_Stream7_IRQHandler
                0x08002f24                TIM7_IRQHandler
                0x08002f24                CAN2_TX_IRQHandler
                0x08002f24                DMA2_Stream7_IRQHandler
                0x08002f24                I2C3_EV_IRQHandler
                0x08002f24                EXTI9_5_IRQHandler
                0x08002f24                RTC_WKUP_IRQHandler
                0x08002f24                ETH_WKUP_IRQHandler
                0x08002f24                SPI2_IRQHandler
                0x08002f24                OTG_HS_EP1_IN_IRQHandler
                0x08002f24                DMA1_Stream0_IRQHandler
                0x08002f24                CAN1_TX_IRQHandler
                0x08002f24                EXTI4_IRQHandler
                0x08002f24                FSMC_IRQHandler
                0x08002f24                ETH_IRQHandler
                0x08002f24                OTG_HS_EP1_OUT_IRQHandler
                0x08002f24                WWDG_IRQHandler
                0x08002f24                TIM2_IRQHandler
                0x08002f24                OTG_FS_WKUP_IRQHandler
                0x08002f24                TIM1_TRG_COM_TIM11_IRQHandler
                0x08002f24                OTG_HS_IRQHandler
                0x08002f24                EXTI1_IRQHandler
                0x08002f24                USART2_IRQHandler
                0x08002f24                I2C2_ER_IRQHandler
                0x08002f24                DMA2_Stream1_IRQHandler
                0x08002f24                CAN1_SCE_IRQHandler
                0x08002f24                FLASH_IRQHandler
                0x08002f24                DMA2_Stream4_IRQHandler
                0x08002f24                OTG_FS_IRQHandler
                0x08002f24                SPI3_IRQHandler
                0x08002f24                DMA1_Stream4_IRQHandler
                0x08002f24                I2C1_ER_IRQHandler
                0x08002f24                DMA2_Stream6_IRQHandler
                0x08002f24                DMA1_Stream3_IRQHandler
 *fill*         0x08002f26        0x2 
 .text.__errno  0x08002f28        0xc d:/study_stm32/environment/gcc-arm-none-eabi-9-2019-q4-major-win32 (1)/bin/../lib/gcc/arm-none-eabi/9.2.1/../../../../arm-none-eabi/lib/thumb/v7e-m/nofp\libg.a(lib_a-errno.o)
                0x08002f28                __errno
 .text.__libc_init_array
                0x08002f34       0x48 d:/study_stm32/environment/gcc-arm-none-eabi-9-2019-q4-major-win32 (1)/bin/../lib/gcc/arm-none-eabi/9.2.1/../../../../arm-none-eabi/lib/thumb/v7e-m/nofp\libg.a(lib_a-init.o)
                0x08002f34                __libc_init_array
 .text.memset   0x08002f7c       0xa0 d:/study_stm32/environment/gcc-arm-none-eabi-9-2019-q4-major-win32 (1)/bin/../lib/gcc/arm-none-eabi/9.2.1/../../../../arm-none-eabi/lib/thumb/v7e-m/nofp\libg.a(lib_a-memset.o)
                0x08002f7c                memset
 .text.printf   0x0800301c       0x28 d:/study_stm32/environment/gcc-arm-none-eabi-9-2019-q4-major-win32 (1)/bin/../lib/gcc/arm-none-eabi/9.2.1/../../../../arm-none-eabi/lib/thumb/v7e-m/nofp\libg.a(lib_a-printf.o)
                0x0800301c                printf
 .text._vfprintf_r
                0x08003044     0x1b84 d:/study_stm32/environment/gcc-arm-none-eabi-9-2019-q4-major-win32 (1)/bin/../lib/gcc/arm-none-eabi/9.2.1/../../../../arm-none-eabi/lib/thumb/v7e-m/nofp\libg.a(lib_a-vfprintf.o)
                0x08003044                _vfprintf_r
 .text.__sbprintf
                0x08004bc8       0x84 d:/study_stm32/environment/gcc-arm-none-eabi-9-2019-q4-major-win32 (1)/bin/../lib/gcc/arm-none-eabi/9.2.1/../../../../arm-none-eabi/lib/thumb/v7e-m/nofp\libg.a(lib_a-vfprintf.o)
 .text.__swsetup_r
                0x08004c4c       0xd0 d:/study_stm32/environment/gcc-arm-none-eabi-9-2019-q4-major-win32 (1)/bin/../lib/gcc/arm-none-eabi/9.2.1/../../../../arm-none-eabi/lib/thumb/v7e-m/nofp\libg.a(lib_a-wsetup.o)
                0x08004c4c                __swsetup_r
 .text.startup.register_fini
                0x08004d1c       0x14 d:/study_stm32/environment/gcc-arm-none-eabi-9-2019-q4-major-win32 (1)/bin/../lib/gcc/arm-none-eabi/9.2.1/../../../../arm-none-eabi/lib/thumb/v7e-m/nofp\libg.a(lib_a-__call_atexit.o)
 .text.atexit   0x08004d30        0xc d:/study_stm32/environment/gcc-arm-none-eabi-9-2019-q4-major-win32 (1)/bin/../lib/gcc/arm-none-eabi/9.2.1/../../../../arm-none-eabi/lib/thumb/v7e-m/nofp\libg.a(lib_a-atexit.o)
                0x08004d30                atexit
 .text.quorem   0x08004d3c      0x11c d:/study_stm32/environment/gcc-arm-none-eabi-9-2019-q4-major-win32 (1)/bin/../lib/gcc/arm-none-eabi/9.2.1/../../../../arm-none-eabi/lib/thumb/v7e-m/nofp\libg.a(lib_a-dtoa.o)
 .text._dtoa_r  0x08004e58      0xeb8 d:/study_stm32/environment/gcc-arm-none-eabi-9-2019-q4-major-win32 (1)/bin/../lib/gcc/arm-none-eabi/9.2.1/../../../../arm-none-eabi/lib/thumb/v7e-m/nofp\libg.a(lib_a-dtoa.o)
                0x08004e58                _dtoa_r
 .text.__sflush_r
                0x08005d10      0x130 d:/study_stm32/environment/gcc-arm-none-eabi-9-2019-q4-major-win32 (1)/bin/../lib/gcc/arm-none-eabi/9.2.1/../../../../arm-none-eabi/lib/thumb/v7e-m/nofp\libg.a(lib_a-fflush.o)
                0x08005d10                __sflush_r
 .text._fflush_r
                0x08005e40       0x5c d:/study_stm32/environment/gcc-arm-none-eabi-9-2019-q4-major-win32 (1)/bin/../lib/gcc/arm-none-eabi/9.2.1/../../../../arm-none-eabi/lib/thumb/v7e-m/nofp\libg.a(lib_a-fflush.o)
                0x08005e40                _fflush_r
 .text.std      0x08005e9c       0x50 d:/study_stm32/environment/gcc-arm-none-eabi-9-2019-q4-major-win32 (1)/bin/../lib/gcc/arm-none-eabi/9.2.1/../../../../arm-none-eabi/lib/thumb/v7e-m/nofp\libg.a(lib_a-findfp.o)
 .text._cleanup_r
                0x08005eec        0xc d:/study_stm32/environment/gcc-arm-none-eabi-9-2019-q4-major-win32 (1)/bin/../lib/gcc/arm-none-eabi/9.2.1/../../../../arm-none-eabi/lib/thumb/v7e-m/nofp\libg.a(lib_a-findfp.o)
                0x08005eec                _cleanup_r
 .text.__sinit  0x08005ef8       0x54 d:/study_stm32/environment/gcc-arm-none-eabi-9-2019-q4-major-win32 (1)/bin/../lib/gcc/arm-none-eabi/9.2.1/../../../../arm-none-eabi/lib/thumb/v7e-m/nofp\libg.a(lib_a-findfp.o)
                0x08005ef8                __sinit
 .text.__sfp_lock_acquire
                0x08005f4c        0xc d:/study_stm32/environment/gcc-arm-none-eabi-9-2019-q4-major-win32 (1)/bin/../lib/gcc/arm-none-eabi/9.2.1/../../../../arm-none-eabi/lib/thumb/v7e-m/nofp\libg.a(lib_a-findfp.o)
                0x08005f4c                __sfp_lock_acquire
 .text.__sfp_lock_release
                0x08005f58        0xc d:/study_stm32/environment/gcc-arm-none-eabi-9-2019-q4-major-win32 (1)/bin/../lib/gcc/arm-none-eabi/9.2.1/../../../../arm-none-eabi/lib/thumb/v7e-m/nofp\libg.a(lib_a-findfp.o)
                0x08005f58                __sfp_lock_release
 .text.__libc_fini_array
                0x08005f64       0x2c d:/study_stm32/environment/gcc-arm-none-eabi-9-2019-q4-major-win32 (1)/bin/../lib/gcc/arm-none-eabi/9.2.1/../../../../arm-none-eabi/lib/thumb/v7e-m/nofp\libg.a(lib_a-fini.o)
                0x08005f64                __libc_fini_array
 .text._malloc_trim_r
                0x08005f90       0xa0 d:/study_stm32/environment/gcc-arm-none-eabi-9-2019-q4-major-win32 (1)/bin/../lib/gcc/arm-none-eabi/9.2.1/../../../../arm-none-eabi/lib/thumb/v7e-m/nofp\libg.a(lib_a-freer.o)
                0x08005f90                _malloc_trim_r
 .text._free_r  0x08006030      0x208 d:/study_stm32/environment/gcc-arm-none-eabi-9-2019-q4-major-win32 (1)/bin/../lib/gcc/arm-none-eabi/9.2.1/../../../../arm-none-eabi/lib/thumb/v7e-m/nofp\libg.a(lib_a-freer.o)
                0x08006030                _free_r
 .text._fwalk_reent
                0x08006238       0x48 d:/study_stm32/environment/gcc-arm-none-eabi-9-2019-q4-major-win32 (1)/bin/../lib/gcc/arm-none-eabi/9.2.1/../../../../arm-none-eabi/lib/thumb/v7e-m/nofp\libg.a(lib_a-fwalk.o)
                0x08006238                _fwalk_reent
 .text._localeconv_r
                0x08006280        0x8 d:/study_stm32/environment/gcc-arm-none-eabi-9-2019-q4-major-win32 (1)/bin/../lib/gcc/arm-none-eabi/9.2.1/../../../../arm-none-eabi/lib/thumb/v7e-m/nofp\libg.a(lib_a-localeconv.o)
                0x08006280                _localeconv_r
 .text.__retarget_lock_init_recursive
                0x08006288        0x4 d:/study_stm32/environment/gcc-arm-none-eabi-9-2019-q4-major-win32 (1)/bin/../lib/gcc/arm-none-eabi/9.2.1/../../../../arm-none-eabi/lib/thumb/v7e-m/nofp\libg.a(lib_a-lock.o)
                0x08006288                __retarget_lock_init_recursive
 .text.__retarget_lock_close_recursive
                0x0800628c        0x4 d:/study_stm32/environment/gcc-arm-none-eabi-9-2019-q4-major-win32 (1)/bin/../lib/gcc/arm-none-eabi/9.2.1/../../../../arm-none-eabi/lib/thumb/v7e-m/nofp\libg.a(lib_a-lock.o)
                0x0800628c                __retarget_lock_close_recursive
 .text.__retarget_lock_acquire_recursive
                0x08006290        0x4 d:/study_stm32/environment/gcc-arm-none-eabi-9-2019-q4-major-win32 (1)/bin/../lib/gcc/arm-none-eabi/9.2.1/../../../../arm-none-eabi/lib/thumb/v7e-m/nofp\libg.a(lib_a-lock.o)
                0x08006290                __retarget_lock_acquire_recursive
 .text.__retarget_lock_release_recursive
                0x08006294        0x4 d:/study_stm32/environment/gcc-arm-none-eabi-9-2019-q4-major-win32 (1)/bin/../lib/gcc/arm-none-eabi/9.2.1/../../../../arm-none-eabi/lib/thumb/v7e-m/nofp\libg.a(lib_a-lock.o)
                0x08006294                __retarget_lock_release_recursive
 .text.__swhatbuf_r
                0x08006298       0x5c d:/study_stm32/environment/gcc-arm-none-eabi-9-2019-q4-major-win32 (1)/bin/../lib/gcc/arm-none-eabi/9.2.1/../../../../arm-none-eabi/lib/thumb/v7e-m/nofp\libg.a(lib_a-makebuf.o)
                0x08006298                __swhatbuf_r
 .text.__smakebuf_r
                0x080062f4       0x98 d:/study_stm32/environment/gcc-arm-none-eabi-9-2019-q4-major-win32 (1)/bin/../lib/gcc/arm-none-eabi/9.2.1/../../../../arm-none-eabi/lib/thumb/v7e-m/nofp\libg.a(lib_a-makebuf.o)
                0x080062f4                __smakebuf_r
 .text._malloc_r
                0x0800638c      0x574 d:/study_stm32/environment/gcc-arm-none-eabi-9-2019-q4-major-win32 (1)/bin/../lib/gcc/arm-none-eabi/9.2.1/../../../../arm-none-eabi/lib/thumb/v7e-m/nofp\libg.a(lib_a-mallocr.o)
                0x0800638c                _malloc_r
 .text.__malloc_lock
                0x08006900        0xc d:/study_stm32/environment/gcc-arm-none-eabi-9-2019-q4-major-win32 (1)/bin/../lib/gcc/arm-none-eabi/9.2.1/../../../../arm-none-eabi/lib/thumb/v7e-m/nofp\libg.a(lib_a-mlock.o)
                0x08006900                __malloc_lock
 .text.__malloc_unlock
                0x0800690c        0xc d:/study_stm32/environment/gcc-arm-none-eabi-9-2019-q4-major-win32 (1)/bin/../lib/gcc/arm-none-eabi/9.2.1/../../../../arm-none-eabi/lib/thumb/v7e-m/nofp\libg.a(lib_a-mlock.o)
                0x0800690c                __malloc_unlock
 .text._Balloc  0x08006918       0x4c d:/study_stm32/environment/gcc-arm-none-eabi-9-2019-q4-major-win32 (1)/bin/../lib/gcc/arm-none-eabi/9.2.1/../../../../arm-none-eabi/lib/thumb/v7e-m/nofp\libg.a(lib_a-mprec.o)
                0x08006918                _Balloc
 .text._Bfree   0x08006964       0x14 d:/study_stm32/environment/gcc-arm-none-eabi-9-2019-q4-major-win32 (1)/bin/../lib/gcc/arm-none-eabi/9.2.1/../../../../arm-none-eabi/lib/thumb/v7e-m/nofp\libg.a(lib_a-mprec.o)
                0x08006964                _Bfree
 .text.__multadd
                0x08006978       0x80 d:/study_stm32/environment/gcc-arm-none-eabi-9-2019-q4-major-win32 (1)/bin/../lib/gcc/arm-none-eabi/9.2.1/../../../../arm-none-eabi/lib/thumb/v7e-m/nofp\libg.a(lib_a-mprec.o)
                0x08006978                __multadd
 .text.__hi0bits
                0x080069f8       0x40 d:/study_stm32/environment/gcc-arm-none-eabi-9-2019-q4-major-win32 (1)/bin/../lib/gcc/arm-none-eabi/9.2.1/../../../../arm-none-eabi/lib/thumb/v7e-m/nofp\libg.a(lib_a-mprec.o)
                0x080069f8                __hi0bits
 .text.__lo0bits
                0x08006a38       0x60 d:/study_stm32/environment/gcc-arm-none-eabi-9-2019-q4-major-win32 (1)/bin/../lib/gcc/arm-none-eabi/9.2.1/../../../../arm-none-eabi/lib/thumb/v7e-m/nofp\libg.a(lib_a-mprec.o)
                0x08006a38                __lo0bits
 .text.__i2b    0x08006a98       0x14 d:/study_stm32/environment/gcc-arm-none-eabi-9-2019-q4-major-win32 (1)/bin/../lib/gcc/arm-none-eabi/9.2.1/../../../../arm-none-eabi/lib/thumb/v7e-m/nofp\libg.a(lib_a-mprec.o)
                0x08006a98                __i2b
 .text.__multiply
                0x08006aac      0x144 d:/study_stm32/environment/gcc-arm-none-eabi-9-2019-q4-major-win32 (1)/bin/../lib/gcc/arm-none-eabi/9.2.1/../../../../arm-none-eabi/lib/thumb/v7e-m/nofp\libg.a(lib_a-mprec.o)
                0x08006aac                __multiply
 .text.__pow5mult
                0x08006bf0       0xa0 d:/study_stm32/environment/gcc-arm-none-eabi-9-2019-q4-major-win32 (1)/bin/../lib/gcc/arm-none-eabi/9.2.1/../../../../arm-none-eabi/lib/thumb/v7e-m/nofp\libg.a(lib_a-mprec.o)
                0x08006bf0                __pow5mult
 .text.__lshift
                0x08006c90       0xd4 d:/study_stm32/environment/gcc-arm-none-eabi-9-2019-q4-major-win32 (1)/bin/../lib/gcc/arm-none-eabi/9.2.1/../../../../arm-none-eabi/lib/thumb/v7e-m/nofp\libg.a(lib_a-mprec.o)
                0x08006c90                __lshift
 .text.__mcmp   0x08006d64       0x3c d:/study_stm32/environment/gcc-arm-none-eabi-9-2019-q4-major-win32 (1)/bin/../lib/gcc/arm-none-eabi/9.2.1/../../../../arm-none-eabi/lib/thumb/v7e-m/nofp\libg.a(lib_a-mprec.o)
                0x08006d64                __mcmp
 .text.__mdiff  0x08006da0      0x138 d:/study_stm32/environment/gcc-arm-none-eabi-9-2019-q4-major-win32 (1)/bin/../lib/gcc/arm-none-eabi/9.2.1/../../../../arm-none-eabi/lib/thumb/v7e-m/nofp\libg.a(lib_a-mprec.o)
                0x08006da0                __mdiff
 .text.__d2b    0x08006ed8       0xa8 d:/study_stm32/environment/gcc-arm-none-eabi-9-2019-q4-major-win32 (1)/bin/../lib/gcc/arm-none-eabi/9.2.1/../../../../arm-none-eabi/lib/thumb/v7e-m/nofp\libg.a(lib_a-mprec.o)
                0x08006ed8                __d2b
 .text.frexp    0x08006f80       0x70 d:/study_stm32/environment/gcc-arm-none-eabi-9-2019-q4-major-win32 (1)/bin/../lib/gcc/arm-none-eabi/9.2.1/../../../../arm-none-eabi/lib/thumb/v7e-m/nofp\libg.a(lib_a-s_frexp.o)
                0x08006f80                frexp
 .text._sbrk_r  0x08006ff0       0x24 d:/study_stm32/environment/gcc-arm-none-eabi-9-2019-q4-major-win32 (1)/bin/../lib/gcc/arm-none-eabi/9.2.1/../../../../arm-none-eabi/lib/thumb/v7e-m/nofp\libg.a(lib_a-sbrkr.o)
                0x08006ff0                _sbrk_r
 .text.__sread  0x08007014       0x24 d:/study_stm32/environment/gcc-arm-none-eabi-9-2019-q4-major-win32 (1)/bin/../lib/gcc/arm-none-eabi/9.2.1/../../../../arm-none-eabi/lib/thumb/v7e-m/nofp\libg.a(lib_a-stdio.o)
                0x08007014                __sread
 .text.__swrite
                0x08007038       0x40 d:/study_stm32/environment/gcc-arm-none-eabi-9-2019-q4-major-win32 (1)/bin/../lib/gcc/arm-none-eabi/9.2.1/../../../../arm-none-eabi/lib/thumb/v7e-m/nofp\libg.a(lib_a-stdio.o)
                0x08007038                __swrite
 .text.__sseek  0x08007078       0x20 d:/study_stm32/environment/gcc-arm-none-eabi-9-2019-q4-major-win32 (1)/bin/../lib/gcc/arm-none-eabi/9.2.1/../../../../arm-none-eabi/lib/thumb/v7e-m/nofp\libg.a(lib_a-stdio.o)
                0x08007078                __sseek
 .text.__sclose
                0x08007098        0x8 d:/study_stm32/environment/gcc-arm-none-eabi-9-2019-q4-major-win32 (1)/bin/../lib/gcc/arm-none-eabi/9.2.1/../../../../arm-none-eabi/lib/thumb/v7e-m/nofp\libg.a(lib_a-stdio.o)
                0x08007098                __sclose
 .text.strncpy  0x080070a0       0x68 d:/study_stm32/environment/gcc-arm-none-eabi-9-2019-q4-major-win32 (1)/bin/../lib/gcc/arm-none-eabi/9.2.1/../../../../arm-none-eabi/lib/thumb/v7e-m/nofp\libg.a(lib_a-strncpy.o)
                0x080070a0                strncpy
 .text.__sprint_r.part.0
                0x08007108       0x78 d:/study_stm32/environment/gcc-arm-none-eabi-9-2019-q4-major-win32 (1)/bin/../lib/gcc/arm-none-eabi/9.2.1/../../../../arm-none-eabi/lib/thumb/v7e-m/nofp\libg.a(lib_a-vfiprintf.o)
 .text.__sprint_r
                0x08007180       0x14 d:/study_stm32/environment/gcc-arm-none-eabi-9-2019-q4-major-win32 (1)/bin/../lib/gcc/arm-none-eabi/9.2.1/../../../../arm-none-eabi/lib/thumb/v7e-m/nofp\libg.a(lib_a-vfiprintf.o)
                0x08007180                __sprint_r
 .text._write_r
                0x08007194       0x2c d:/study_stm32/environment/gcc-arm-none-eabi-9-2019-q4-major-win32 (1)/bin/../lib/gcc/arm-none-eabi/9.2.1/../../../../arm-none-eabi/lib/thumb/v7e-m/nofp\libg.a(lib_a-writer.o)
                0x08007194                _write_r
 .text.__register_exitproc
                0x080071c0       0x8c d:/study_stm32/environment/gcc-arm-none-eabi-9-2019-q4-major-win32 (1)/bin/../lib/gcc/arm-none-eabi/9.2.1/../../../../arm-none-eabi/lib/thumb/v7e-m/nofp\libg.a(lib_a-__atexit.o)
                0x080071c0                __register_exitproc
 .text._calloc_r
                0x0800724c       0x60 d:/study_stm32/environment/gcc-arm-none-eabi-9-2019-q4-major-win32 (1)/bin/../lib/gcc/arm-none-eabi/9.2.1/../../../../arm-none-eabi/lib/thumb/v7e-m/nofp\libg.a(lib_a-callocr.o)
                0x0800724c                _calloc_r
 .text._close_r
                0x080072ac       0x24 d:/study_stm32/environment/gcc-arm-none-eabi-9-2019-q4-major-win32 (1)/bin/../lib/gcc/arm-none-eabi/9.2.1/../../../../arm-none-eabi/lib/thumb/v7e-m/nofp\libg.a(lib_a-closer.o)
                0x080072ac                _close_r
 .text._fclose_r
                0x080072d0       0xcc d:/study_stm32/environment/gcc-arm-none-eabi-9-2019-q4-major-win32 (1)/bin/../lib/gcc/arm-none-eabi/9.2.1/../../../../arm-none-eabi/lib/thumb/v7e-m/nofp\libg.a(lib_a-fclose.o)
                0x080072d0                _fclose_r
 .text.__fputwc
                0x0800739c       0xa8 d:/study_stm32/environment/gcc-arm-none-eabi-9-2019-q4-major-win32 (1)/bin/../lib/gcc/arm-none-eabi/9.2.1/../../../../arm-none-eabi/lib/thumb/v7e-m/nofp\libg.a(lib_a-fputwc.o)
                0x0800739c                __fputwc
 .text._fputwc_r
                0x08007444       0x68 d:/study_stm32/environment/gcc-arm-none-eabi-9-2019-q4-major-win32 (1)/bin/../lib/gcc/arm-none-eabi/9.2.1/../../../../arm-none-eabi/lib/thumb/v7e-m/nofp\libg.a(lib_a-fputwc.o)
                0x08007444                _fputwc_r
 .text._fstat_r
                0x080074ac       0x2c d:/study_stm32/environment/gcc-arm-none-eabi-9-2019-q4-major-win32 (1)/bin/../lib/gcc/arm-none-eabi/9.2.1/../../../../arm-none-eabi/lib/thumb/v7e-m/nofp\libg.a(lib_a-fstatr.o)
                0x080074ac                _fstat_r
 .text.__sfvwrite_r
                0x080074d8      0x2e0 d:/study_stm32/environment/gcc-arm-none-eabi-9-2019-q4-major-win32 (1)/bin/../lib/gcc/arm-none-eabi/9.2.1/../../../../arm-none-eabi/lib/thumb/v7e-m/nofp\libg.a(lib_a-fvwrite.o)
                0x080074d8                __sfvwrite_r
 .text._isatty_r
                0x080077b8       0x24 d:/study_stm32/environment/gcc-arm-none-eabi-9-2019-q4-major-win32 (1)/bin/../lib/gcc/arm-none-eabi/9.2.1/../../../../arm-none-eabi/lib/thumb/v7e-m/nofp\libg.a(lib_a-isattyr.o)
                0x080077b8                _isatty_r
 .text.__locale_mb_cur_max
                0x080077dc        0xc d:/study_stm32/environment/gcc-arm-none-eabi-9-2019-q4-major-win32 (1)/bin/../lib/gcc/arm-none-eabi/9.2.1/../../../../arm-none-eabi/lib/thumb/v7e-m/nofp\libg.a(lib_a-locale.o)
                0x080077dc                __locale_mb_cur_max
 .text._lseek_r
                0x080077e8       0x2c d:/study_stm32/environment/gcc-arm-none-eabi-9-2019-q4-major-win32 (1)/bin/../lib/gcc/arm-none-eabi/9.2.1/../../../../arm-none-eabi/lib/thumb/v7e-m/nofp\libg.a(lib_a-lseekr.o)
                0x080077e8                _lseek_r
 .text.__ascii_mbtowc
                0x08007814       0x2c d:/study_stm32/environment/gcc-arm-none-eabi-9-2019-q4-major-win32 (1)/bin/../lib/gcc/arm-none-eabi/9.2.1/../../../../arm-none-eabi/lib/thumb/v7e-m/nofp\libg.a(lib_a-mbtowc_r.o)
                0x08007814                __ascii_mbtowc
 .text.memmove  0x08007840       0xd8 d:/study_stm32/environment/gcc-arm-none-eabi-9-2019-q4-major-win32 (1)/bin/../lib/gcc/arm-none-eabi/9.2.1/../../../../arm-none-eabi/lib/thumb/v7e-m/nofp\libg.a(lib_a-memmove.o)
                0x08007840                memmove
 .text._read_r  0x08007918       0x2c d:/study_stm32/environment/gcc-arm-none-eabi-9-2019-q4-major-win32 (1)/bin/../lib/gcc/arm-none-eabi/9.2.1/../../../../arm-none-eabi/lib/thumb/v7e-m/nofp\libg.a(lib_a-readr.o)
                0x08007918                _read_r
 .text._realloc_r
                0x08007944      0x3e0 d:/study_stm32/environment/gcc-arm-none-eabi-9-2019-q4-major-win32 (1)/bin/../lib/gcc/arm-none-eabi/9.2.1/../../../../arm-none-eabi/lib/thumb/v7e-m/nofp\libg.a(lib_a-reallocr.o)
                0x08007944                _realloc_r
 .text.__swbuf_r
                0x08007d24       0xb0 d:/study_stm32/environment/gcc-arm-none-eabi-9-2019-q4-major-win32 (1)/bin/../lib/gcc/arm-none-eabi/9.2.1/../../../../arm-none-eabi/lib/thumb/v7e-m/nofp\libg.a(lib_a-wbuf.o)
                0x08007d24                __swbuf_r
 .text._wcrtomb_r
                0x08007dd4       0x3c d:/study_stm32/environment/gcc-arm-none-eabi-9-2019-q4-major-win32 (1)/bin/../lib/gcc/arm-none-eabi/9.2.1/../../../../arm-none-eabi/lib/thumb/v7e-m/nofp\libg.a(lib_a-wcrtomb.o)
                0x08007dd4                _wcrtomb_r
 .text.__ascii_wctomb
                0x08007e10       0x1c d:/study_stm32/environment/gcc-arm-none-eabi-9-2019-q4-major-win32 (1)/bin/../lib/gcc/arm-none-eabi/9.2.1/../../../../arm-none-eabi/lib/thumb/v7e-m/nofp\libg.a(lib_a-wctomb_r.o)
                0x08007e10                __ascii_wctomb
 *(.glue_7)
 .glue_7        0x08007e2c        0x0 linker stubs
 *(.glue_7t)
 .glue_7t       0x08007e2c        0x0 linker stubs
 *(.eh_frame)
 .eh_frame      0x08007e2c        0x0 d:/study_stm32/environment/gcc-arm-none-eabi-9-2019-q4-major-win32 (1)/bin/../lib/gcc/arm-none-eabi/9.2.1/thumb/v7e-m/nofp/crtbegin.o
 *(.init)
 .init          0x08007e2c        0x4 d:/study_stm32/environment/gcc-arm-none-eabi-9-2019-q4-major-win32 (1)/bin/../lib/gcc/arm-none-eabi/9.2.1/thumb/v7e-m/nofp/crti.o
                0x08007e2c                _init
 .init          0x08007e30        0x8 d:/study_stm32/environment/gcc-arm-none-eabi-9-2019-q4-major-win32 (1)/bin/../lib/gcc/arm-none-eabi/9.2.1/thumb/v7e-m/nofp/crtn.o
 *(.fini)
 .fini          0x08007e38        0x4 d:/study_stm32/environment/gcc-arm-none-eabi-9-2019-q4-major-win32 (1)/bin/../lib/gcc/arm-none-eabi/9.2.1/thumb/v7e-m/nofp/crti.o
                0x08007e38                _fini
 .fini          0x08007e3c        0x8 d:/study_stm32/environment/gcc-arm-none-eabi-9-2019-q4-major-win32 (1)/bin/../lib/gcc/arm-none-eabi/9.2.1/thumb/v7e-m/nofp/crtn.o
                0x08007e44                . = ALIGN (0x4)
                0x08007e44                _etext = .

.vfp11_veneer   0x08007e44        0x0
 .vfp11_veneer  0x08007e44        0x0 linker stubs

.v4_bx          0x08007e44        0x0
 .v4_bx         0x08007e44        0x0 linker stubs

.iplt           0x08007e44        0x0
 .iplt          0x08007e44        0x0 d:/study_stm32/environment/gcc-arm-none-eabi-9-2019-q4-major-win32 (1)/bin/../lib/gcc/arm-none-eabi/9.2.1/thumb/v7e-m/nofp/crtbegin.o

.rodata         0x08007e48      0x2b0
                0x08007e48                . = ALIGN (0x4)
 *(.rodata)
 *(.rodata*)
 .rodata.AHBPrescTable
                0x08007e48       0x10 CMakeFiles/demo8.elf.dir/Core/Src/system_stm32f4xx.c.obj
                0x08007e48                AHBPrescTable
 .rodata.APBPrescTable
                0x08007e58        0x8 CMakeFiles/demo8.elf.dir/Core/Src/system_stm32f4xx.c.obj
                0x08007e58                APBPrescTable
 .rodata.HAL_TIM_IC_CaptureCallback.str1.4
                0x08007e60        0xa CMakeFiles/demo8.elf.dir/Core/Src/tim.c.obj
 *fill*         0x08007e6a        0x2 
 .rodata._global_impure_ptr
                0x08007e6c        0x4 d:/study_stm32/environment/gcc-arm-none-eabi-9-2019-q4-major-win32 (1)/bin/../lib/gcc/arm-none-eabi/9.2.1/../../../../arm-none-eabi/lib/thumb/v7e-m/nofp\libg.a(lib_a-impure.o)
                0x08007e6c                _global_impure_ptr
 .rodata._vfprintf_r.str1.4
                0x08007e70       0x42 d:/study_stm32/environment/gcc-arm-none-eabi-9-2019-q4-major-win32 (1)/bin/../lib/gcc/arm-none-eabi/9.2.1/../../../../arm-none-eabi/lib/thumb/v7e-m/nofp\libg.a(lib_a-vfprintf.o)
 *fill*         0x08007eb2        0x2 
 .rodata.blanks.7360
                0x08007eb4       0x10 d:/study_stm32/environment/gcc-arm-none-eabi-9-2019-q4-major-win32 (1)/bin/../lib/gcc/arm-none-eabi/9.2.1/../../../../arm-none-eabi/lib/thumb/v7e-m/nofp\libg.a(lib_a-vfprintf.o)
 .rodata.zeroes.7361
                0x08007ec4       0x10 d:/study_stm32/environment/gcc-arm-none-eabi-9-2019-q4-major-win32 (1)/bin/../lib/gcc/arm-none-eabi/9.2.1/../../../../arm-none-eabi/lib/thumb/v7e-m/nofp\libg.a(lib_a-vfprintf.o)
 .rodata._dtoa_r.str1.4
                0x08007ed4        0xd d:/study_stm32/environment/gcc-arm-none-eabi-9-2019-q4-major-win32 (1)/bin/../lib/gcc/arm-none-eabi/9.2.1/../../../../arm-none-eabi/lib/thumb/v7e-m/nofp\libg.a(lib_a-dtoa.o)
                                 0x12 (size before relaxing)
 *fill*         0x08007ee1        0x7 
 .rodata.__mprec_bigtens
                0x08007ee8       0x28 d:/study_stm32/environment/gcc-arm-none-eabi-9-2019-q4-major-win32 (1)/bin/../lib/gcc/arm-none-eabi/9.2.1/../../../../arm-none-eabi/lib/thumb/v7e-m/nofp\libg.a(lib_a-mprec.o)
                0x08007ee8                __mprec_bigtens
 .rodata.__mprec_tens
                0x08007f10       0xc8 d:/study_stm32/environment/gcc-arm-none-eabi-9-2019-q4-major-win32 (1)/bin/../lib/gcc/arm-none-eabi/9.2.1/../../../../arm-none-eabi/lib/thumb/v7e-m/nofp\libg.a(lib_a-mprec.o)
                0x08007f10                __mprec_tens
 .rodata.p05.6115
                0x08007fd8        0xc d:/study_stm32/environment/gcc-arm-none-eabi-9-2019-q4-major-win32 (1)/bin/../lib/gcc/arm-none-eabi/9.2.1/../../../../arm-none-eabi/lib/thumb/v7e-m/nofp\libg.a(lib_a-mprec.o)
 .rodata._setlocale_r.str1.4
                0x08007fe4        0xa d:/study_stm32/environment/gcc-arm-none-eabi-9-2019-q4-major-win32 (1)/bin/../lib/gcc/arm-none-eabi/9.2.1/../../../../arm-none-eabi/lib/thumb/v7e-m/nofp\libg.a(lib_a-locale.o)
                                  0xd (size before relaxing)
 *fill*         0x08007fee        0x2 
 .rodata.str1.4
                0x08007ff0        0x2 d:/study_stm32/environment/gcc-arm-none-eabi-9-2019-q4-major-win32 (1)/bin/../lib/gcc/arm-none-eabi/9.2.1/../../../../arm-none-eabi/lib/thumb/v7e-m/nofp\libg.a(lib_a-locale.o)
 *fill*         0x08007ff2        0x2 
 .rodata._ctype_
                0x08007ff4      0x101 d:/study_stm32/environment/gcc-arm-none-eabi-9-2019-q4-major-win32 (1)/bin/../lib/gcc/arm-none-eabi/9.2.1/../../../../arm-none-eabi/lib/thumb/v7e-m/nofp\libg.a(lib_a-ctype_.o)
                0x08007ff4                _ctype_
                0x080080f8                . = ALIGN (0x4)
 *fill*         0x080080f5        0x3 

.ARM.extab
 *(.ARM.extab* .gnu.linkonce.armextab.*)

.ARM            0x080080f8        0x8
                0x080080f8                __exidx_start = .
 *(.ARM.exidx*)
 .ARM.exidx     0x080080f8        0x8 d:/study_stm32/environment/gcc-arm-none-eabi-9-2019-q4-major-win32 (1)/bin/../lib/gcc/arm-none-eabi/9.2.1/thumb/v7e-m/nofp\libgcc.a(_udivmoddi4.o)
                0x08008100                __exidx_end = .

.rel.dyn        0x08008100        0x0
 .rel.iplt      0x08008100        0x0 d:/study_stm32/environment/gcc-arm-none-eabi-9-2019-q4-major-win32 (1)/bin/../lib/gcc/arm-none-eabi/9.2.1/thumb/v7e-m/nofp/crtbegin.o

.preinit_array  0x08008100        0x0
                0x08008100                PROVIDE (__preinit_array_start = .)
 *(.preinit_array*)
                0x08008100                PROVIDE (__preinit_array_end = .)

.init_array     0x08008100        0x8
                0x08008100                PROVIDE (__init_array_start = .)
 *(SORT_BY_NAME(.init_array.*))
 .init_array.00000
                0x08008100        0x4 d:/study_stm32/environment/gcc-arm-none-eabi-9-2019-q4-major-win32 (1)/bin/../lib/gcc/arm-none-eabi/9.2.1/../../../../arm-none-eabi/lib/thumb/v7e-m/nofp\libg.a(lib_a-__call_atexit.o)
 *(.init_array*)
 .init_array    0x08008104        0x4 d:/study_stm32/environment/gcc-arm-none-eabi-9-2019-q4-major-win32 (1)/bin/../lib/gcc/arm-none-eabi/9.2.1/thumb/v7e-m/nofp/crtbegin.o
                0x08008108                PROVIDE (__init_array_end = .)

.fini_array     0x08008108        0x4
                0x08008108                PROVIDE (__fini_array_start = .)
 *(SORT_BY_NAME(.fini_array.*))
 *(.fini_array*)
 .fini_array    0x08008108        0x4 d:/study_stm32/environment/gcc-arm-none-eabi-9-2019-q4-major-win32 (1)/bin/../lib/gcc/arm-none-eabi/9.2.1/thumb/v7e-m/nofp/crtbegin.o
                0x0800810c                PROVIDE (__fini_array_end = .)
                0x0800810c                _sidata = LOADADDR (.data)

.data           0x20000000      0x9b8 load address 0x0800810c
                0x20000000                . = ALIGN (0x4)
                0x20000000                _sdata = .
 *(.data)
 *(.data*)
 .data.SystemCoreClock
                0x20000000        0x4 CMakeFiles/demo8.elf.dir/Core/Src/system_stm32f4xx.c.obj
                0x20000000                SystemCoreClock
 .data.uwTickFreq
                0x20000004        0x1 CMakeFiles/demo8.elf.dir/Drivers/STM32F4xx_HAL_Driver/Src/stm32f4xx_hal.c.obj
                0x20000004                uwTickFreq
 *fill*         0x20000005        0x3 
 .data.uwTickPrio
                0x20000008        0x4 CMakeFiles/demo8.elf.dir/Drivers/STM32F4xx_HAL_Driver/Src/stm32f4xx_hal.c.obj
                0x20000008                uwTickPrio
 .data._impure_ptr
                0x2000000c        0x4 d:/study_stm32/environment/gcc-arm-none-eabi-9-2019-q4-major-win32 (1)/bin/../lib/gcc/arm-none-eabi/9.2.1/../../../../arm-none-eabi/lib/thumb/v7e-m/nofp\libg.a(lib_a-impure.o)
                0x2000000c                _impure_ptr
 .data.impure_data
                0x20000010      0x428 d:/study_stm32/environment/gcc-arm-none-eabi-9-2019-q4-major-win32 (1)/bin/../lib/gcc/arm-none-eabi/9.2.1/../../../../arm-none-eabi/lib/thumb/v7e-m/nofp\libg.a(lib_a-impure.o)
 .data.__atexit_recursive_mutex
                0x20000438        0x4 d:/study_stm32/environment/gcc-arm-none-eabi-9-2019-q4-major-win32 (1)/bin/../lib/gcc/arm-none-eabi/9.2.1/../../../../arm-none-eabi/lib/thumb/v7e-m/nofp\libg.a(lib_a-__call_atexit.o)
                0x20000438                __atexit_recursive_mutex
 .data.__malloc_av_
                0x2000043c      0x408 d:/study_stm32/environment/gcc-arm-none-eabi-9-2019-q4-major-win32 (1)/bin/../lib/gcc/arm-none-eabi/9.2.1/../../../../arm-none-eabi/lib/thumb/v7e-m/nofp\libg.a(lib_a-mallocr.o)
                0x2000043c                __malloc_av_
 .data.__malloc_sbrk_base
                0x20000844        0x4 d:/study_stm32/environment/gcc-arm-none-eabi-9-2019-q4-major-win32 (1)/bin/../lib/gcc/arm-none-eabi/9.2.1/../../../../arm-none-eabi/lib/thumb/v7e-m/nofp\libg.a(lib_a-mallocr.o)
                0x20000844                __malloc_sbrk_base
 .data.__malloc_trim_threshold
                0x20000848        0x4 d:/study_stm32/environment/gcc-arm-none-eabi-9-2019-q4-major-win32 (1)/bin/../lib/gcc/arm-none-eabi/9.2.1/../../../../arm-none-eabi/lib/thumb/v7e-m/nofp\libg.a(lib_a-mallocr.o)
                0x20000848                __malloc_trim_threshold
 .data.__global_locale
                0x2000084c      0x16c d:/study_stm32/environment/gcc-arm-none-eabi-9-2019-q4-major-win32 (1)/bin/../lib/gcc/arm-none-eabi/9.2.1/../../../../arm-none-eabi/lib/thumb/v7e-m/nofp\libg.a(lib_a-locale.o)
                0x2000084c                __global_locale
                0x200009b8                . = ALIGN (0x4)
                0x200009b8                _edata = .
                0x08008ac4                _siccmram = LOADADDR (.ccmram)

.igot.plt       0x200009b8        0x0 load address 0x08008ac4
 .igot.plt      0x200009b8        0x0 d:/study_stm32/environment/gcc-arm-none-eabi-9-2019-q4-major-win32 (1)/bin/../lib/gcc/arm-none-eabi/9.2.1/thumb/v7e-m/nofp/crtbegin.o

.ccmram         0x10000000        0x0 load address 0x08008ac4
                0x10000000                . = ALIGN (0x4)
                0x10000000                _sccmram = .
 *(.ccmram)
 *(.ccmram*)
                0x10000000                . = ALIGN (0x4)
                0x10000000                _eccmram = .
                0x10000000                . = ALIGN (0x4)

.bss            0x200009b8      0x110
                0x200009b8                _sbss = .
                0x200009b8                __bss_start__ = _sbss
 *(.bss)
 .bss           0x200009b8       0x1c d:/study_stm32/environment/gcc-arm-none-eabi-9-2019-q4-major-win32 (1)/bin/../lib/gcc/arm-none-eabi/9.2.1/thumb/v7e-m/nofp/crtbegin.o
 *(.bss*)
 .bss.heap_end.6023
                0x200009d4        0x4 CMakeFiles/demo8.elf.dir/Core/Src/syscalls.c.obj
 .bss.htim5     0x200009d8       0x48 CMakeFiles/demo8.elf.dir/Core/Src/tim.c.obj
                0x200009d8                htim5
 .bss.huart1    0x20000a20       0x44 CMakeFiles/demo8.elf.dir/Core/Src/usart.c.obj
                0x20000a20                huart1
 .bss.res_buf   0x20000a64        0x1 CMakeFiles/demo8.elf.dir/Core/Src/usart.c.obj
                0x20000a64                res_buf
 *fill*         0x20000a65        0x3 
 .bss.uwTick    0x20000a68        0x4 CMakeFiles/demo8.elf.dir/Drivers/STM32F4xx_HAL_Driver/Src/stm32f4xx_hal.c.obj
                0x20000a68                uwTick
 .bss.__malloc_current_mallinfo
                0x20000a6c       0x28 d:/study_stm32/environment/gcc-arm-none-eabi-9-2019-q4-major-win32 (1)/bin/../lib/gcc/arm-none-eabi/9.2.1/../../../../arm-none-eabi/lib/thumb/v7e-m/nofp\libg.a(lib_a-mallocr.o)
                0x20000a6c                __malloc_current_mallinfo
 .bss.__malloc_max_sbrked_mem
                0x20000a94        0x4 d:/study_stm32/environment/gcc-arm-none-eabi-9-2019-q4-major-win32 (1)/bin/../lib/gcc/arm-none-eabi/9.2.1/../../../../arm-none-eabi/lib/thumb/v7e-m/nofp\libg.a(lib_a-mallocr.o)
                0x20000a94                __malloc_max_sbrked_mem
 .bss.__malloc_max_total_mem
                0x20000a98        0x4 d:/study_stm32/environment/gcc-arm-none-eabi-9-2019-q4-major-win32 (1)/bin/../lib/gcc/arm-none-eabi/9.2.1/../../../../arm-none-eabi/lib/thumb/v7e-m/nofp\libg.a(lib_a-mallocr.o)
                0x20000a98                __malloc_max_total_mem
 .bss.__malloc_top_pad
                0x20000a9c        0x4 d:/study_stm32/environment/gcc-arm-none-eabi-9-2019-q4-major-win32 (1)/bin/../lib/gcc/arm-none-eabi/9.2.1/../../../../arm-none-eabi/lib/thumb/v7e-m/nofp\libg.a(lib_a-mallocr.o)
                0x20000a9c                __malloc_top_pad
 *(COMMON)
 COMMON         0x20000aa0       0x21 d:/study_stm32/environment/gcc-arm-none-eabi-9-2019-q4-major-win32 (1)/bin/../lib/gcc/arm-none-eabi/9.2.1/../../../../arm-none-eabi/lib/thumb/v7e-m/nofp\libg.a(lib_a-lock.o)
                0x20000aa0                __lock___atexit_recursive_mutex
                0x20000aa4                __lock___arc4random_mutex
                0x20000aa8                __lock___env_recursive_mutex
                0x20000aac                __lock___sinit_recursive_mutex
                0x20000ab0                __lock___malloc_recursive_mutex
                0x20000ab4                __lock___at_quick_exit_mutex
                0x20000ab8                __lock___dd_hash_mutex
                0x20000abc                __lock___tz_mutex
                0x20000ac0                __lock___sfp_recursive_mutex
 *fill*         0x20000ac1        0x3 
 COMMON         0x20000ac4        0x4 d:/study_stm32/environment/gcc-arm-none-eabi-9-2019-q4-major-win32 (1)/bin/../lib/gcc/arm-none-eabi/9.2.1/../../../../arm-none-eabi/lib/thumb/v7e-m/nofp\libg.a(lib_a-reent.o)
                0x20000ac4                errno
                0x20000ac8                . = ALIGN (0x4)
                0x20000ac8                _ebss = .
                0x20000ac8                __bss_end__ = _ebss

._user_heap_stack
                0x20000ac8      0x600
                0x20000ac8                . = ALIGN (0x8)
                0x20000ac8                PROVIDE (end = .)
                [!provide]                PROVIDE (_end = .)
                0x20000cc8                . = (. + _Min_Heap_Size)
 *fill*         0x20000ac8      0x200 
                0x200010c8                . = (. + _Min_Stack_Size)
 *fill*         0x20000cc8      0x400 
                0x200010c8                . = ALIGN (0x8)

/DISCARD/
 libc.a(*)
 libm.a(*)
 libgcc.a(*)

.ARM.attributes
                0x00000000       0x2a
 *(.ARM.attributes)
 .ARM.attributes
                0x00000000       0x1e d:/study_stm32/environment/gcc-arm-none-eabi-9-2019-q4-major-win32 (1)/bin/../lib/gcc/arm-none-eabi/9.2.1/thumb/v7e-m/nofp/crti.o
 .ARM.attributes
                0x0000001e       0x2e d:/study_stm32/environment/gcc-arm-none-eabi-9-2019-q4-major-win32 (1)/bin/../lib/gcc/arm-none-eabi/9.2.1/thumb/v7e-m/nofp/crtbegin.o
 .ARM.attributes
                0x0000004c       0x2e CMakeFiles/demo8.elf.dir/Core/Src/gpio.c.obj
 .ARM.attributes
                0x0000007a       0x2e CMakeFiles/demo8.elf.dir/Core/Src/main.c.obj
 .ARM.attributes
                0x000000a8       0x2e CMakeFiles/demo8.elf.dir/Core/Src/stm32f4xx_hal_msp.c.obj
 .ARM.attributes
                0x000000d6       0x2e CMakeFiles/demo8.elf.dir/Core/Src/stm32f4xx_it.c.obj
 .ARM.attributes
                0x00000104       0x2e CMakeFiles/demo8.elf.dir/Core/Src/syscalls.c.obj
 .ARM.attributes
                0x00000132       0x2e CMakeFiles/demo8.elf.dir/Core/Src/system_stm32f4xx.c.obj
 .ARM.attributes
                0x00000160       0x2e CMakeFiles/demo8.elf.dir/Core/Src/tim.c.obj
 .ARM.attributes
                0x0000018e       0x2e CMakeFiles/demo8.elf.dir/Core/Src/usart.c.obj
 .ARM.attributes
                0x000001bc       0x2e CMakeFiles/demo8.elf.dir/Drivers/STM32F4xx_HAL_Driver/Src/stm32f4xx_hal.c.obj
 .ARM.attributes
                0x000001ea       0x2e CMakeFiles/demo8.elf.dir/Drivers/STM32F4xx_HAL_Driver/Src/stm32f4xx_hal_cortex.c.obj
 .ARM.attributes
                0x00000218       0x2e CMakeFiles/demo8.elf.dir/Drivers/STM32F4xx_HAL_Driver/Src/stm32f4xx_hal_dma.c.obj
 .ARM.attributes
                0x00000246       0x2e CMakeFiles/demo8.elf.dir/Drivers/STM32F4xx_HAL_Driver/Src/stm32f4xx_hal_gpio.c.obj
 .ARM.attributes
                0x00000274       0x2e CMakeFiles/demo8.elf.dir/Drivers/STM32F4xx_HAL_Driver/Src/stm32f4xx_hal_rcc.c.obj
 .ARM.attributes
                0x000002a2       0x2e CMakeFiles/demo8.elf.dir/Drivers/STM32F4xx_HAL_Driver/Src/stm32f4xx_hal_tim.c.obj
 .ARM.attributes
                0x000002d0       0x2e CMakeFiles/demo8.elf.dir/Drivers/STM32F4xx_HAL_Driver/Src/stm32f4xx_hal_tim_ex.c.obj
 .ARM.attributes
                0x000002fe       0x2e CMakeFiles/demo8.elf.dir/Drivers/STM32F4xx_HAL_Driver/Src/stm32f4xx_hal_uart.c.obj
 .ARM.attributes
                0x0000032c       0x21 CMakeFiles/demo8.elf.dir/startup/startup_stm32f407xx.s.obj
 .ARM.attributes
                0x0000034d       0x1e d:/study_stm32/environment/gcc-arm-none-eabi-9-2019-q4-major-win32 (1)/bin/../lib/gcc/arm-none-eabi/9.2.1/thumb/v7e-m/nofp\libgcc.a(_aeabi_uldivmod.o)
 .ARM.attributes
                0x0000036b       0x2e d:/study_stm32/environment/gcc-arm-none-eabi-9-2019-q4-major-win32 (1)/bin/../lib/gcc/arm-none-eabi/9.2.1/thumb/v7e-m/nofp\libgcc.a(_udivmoddi4.o)
 .ARM.attributes
                0x00000399       0x1e d:/study_stm32/environment/gcc-arm-none-eabi-9-2019-q4-major-win32 (1)/bin/../lib/gcc/arm-none-eabi/9.2.1/thumb/v7e-m/nofp\libgcc.a(_dvmd_tls.o)
 .ARM.attributes
                0x000003b7       0x2e d:/study_stm32/environment/gcc-arm-none-eabi-9-2019-q4-major-win32 (1)/bin/../lib/gcc/arm-none-eabi/9.2.1/../../../../arm-none-eabi/lib/thumb/v7e-m/nofp\libg.a(lib_a-errno.o)
 .ARM.attributes
                0x000003e5       0x2e d:/study_stm32/environment/gcc-arm-none-eabi-9-2019-q4-major-win32 (1)/bin/../lib/gcc/arm-none-eabi/9.2.1/../../../../arm-none-eabi/lib/thumb/v7e-m/nofp\libg.a(lib_a-impure.o)
 .ARM.attributes
                0x00000413       0x2e d:/study_stm32/environment/gcc-arm-none-eabi-9-2019-q4-major-win32 (1)/bin/../lib/gcc/arm-none-eabi/9.2.1/../../../../arm-none-eabi/lib/thumb/v7e-m/nofp\libg.a(lib_a-init.o)
 .ARM.attributes
                0x00000441       0x2e d:/study_stm32/environment/gcc-arm-none-eabi-9-2019-q4-major-win32 (1)/bin/../lib/gcc/arm-none-eabi/9.2.1/../../../../arm-none-eabi/lib/thumb/v7e-m/nofp\libg.a(lib_a-memset.o)
 .ARM.attributes
                0x0000046f       0x2e d:/study_stm32/environment/gcc-arm-none-eabi-9-2019-q4-major-win32 (1)/bin/../lib/gcc/arm-none-eabi/9.2.1/../../../../arm-none-eabi/lib/thumb/v7e-m/nofp\libg.a(lib_a-printf.o)
 .ARM.attributes
                0x0000049d       0x2e d:/study_stm32/environment/gcc-arm-none-eabi-9-2019-q4-major-win32 (1)/bin/../lib/gcc/arm-none-eabi/9.2.1/../../../../arm-none-eabi/lib/thumb/v7e-m/nofp\libg.a(lib_a-vfprintf.o)
 .ARM.attributes
                0x000004cb       0x2e d:/study_stm32/environment/gcc-arm-none-eabi-9-2019-q4-major-win32 (1)/bin/../lib/gcc/arm-none-eabi/9.2.1/../../../../arm-none-eabi/lib/thumb/v7e-m/nofp\libg.a(lib_a-wsetup.o)
 .ARM.attributes
                0x000004f9       0x2e d:/study_stm32/environment/gcc-arm-none-eabi-9-2019-q4-major-win32 (1)/bin/../lib/gcc/arm-none-eabi/9.2.1/../../../../arm-none-eabi/lib/thumb/v7e-m/nofp\libg.a(lib_a-__call_atexit.o)
 .ARM.attributes
                0x00000527       0x2e d:/study_stm32/environment/gcc-arm-none-eabi-9-2019-q4-major-win32 (1)/bin/../lib/gcc/arm-none-eabi/9.2.1/../../../../arm-none-eabi/lib/thumb/v7e-m/nofp\libg.a(lib_a-atexit.o)
 .ARM.attributes
                0x00000555       0x2e d:/study_stm32/environment/gcc-arm-none-eabi-9-2019-q4-major-win32 (1)/bin/../lib/gcc/arm-none-eabi/9.2.1/../../../../arm-none-eabi/lib/thumb/v7e-m/nofp\libg.a(lib_a-dtoa.o)
 .ARM.attributes
                0x00000583       0x2e d:/study_stm32/environment/gcc-arm-none-eabi-9-2019-q4-major-win32 (1)/bin/../lib/gcc/arm-none-eabi/9.2.1/../../../../arm-none-eabi/lib/thumb/v7e-m/nofp\libg.a(lib_a-fflush.o)
 .ARM.attributes
                0x000005b1       0x2e d:/study_stm32/environment/gcc-arm-none-eabi-9-2019-q4-major-win32 (1)/bin/../lib/gcc/arm-none-eabi/9.2.1/../../../../arm-none-eabi/lib/thumb/v7e-m/nofp\libg.a(lib_a-findfp.o)
 .ARM.attributes
                0x000005df       0x2e d:/study_stm32/environment/gcc-arm-none-eabi-9-2019-q4-major-win32 (1)/bin/../lib/gcc/arm-none-eabi/9.2.1/../../../../arm-none-eabi/lib/thumb/v7e-m/nofp\libg.a(lib_a-fini.o)
 .ARM.attributes
                0x0000060d       0x2e d:/study_stm32/environment/gcc-arm-none-eabi-9-2019-q4-major-win32 (1)/bin/../lib/gcc/arm-none-eabi/9.2.1/../../../../arm-none-eabi/lib/thumb/v7e-m/nofp\libg.a(lib_a-freer.o)
 .ARM.attributes
                0x0000063b       0x2e d:/study_stm32/environment/gcc-arm-none-eabi-9-2019-q4-major-win32 (1)/bin/../lib/gcc/arm-none-eabi/9.2.1/../../../../arm-none-eabi/lib/thumb/v7e-m/nofp\libg.a(lib_a-fwalk.o)
 .ARM.attributes
                0x00000669       0x2e d:/study_stm32/environment/gcc-arm-none-eabi-9-2019-q4-major-win32 (1)/bin/../lib/gcc/arm-none-eabi/9.2.1/../../../../arm-none-eabi/lib/thumb/v7e-m/nofp\libg.a(lib_a-localeconv.o)
 .ARM.attributes
                0x00000697       0x2e d:/study_stm32/environment/gcc-arm-none-eabi-9-2019-q4-major-win32 (1)/bin/../lib/gcc/arm-none-eabi/9.2.1/../../../../arm-none-eabi/lib/thumb/v7e-m/nofp\libg.a(lib_a-lock.o)
 .ARM.attributes
                0x000006c5       0x2e d:/study_stm32/environment/gcc-arm-none-eabi-9-2019-q4-major-win32 (1)/bin/../lib/gcc/arm-none-eabi/9.2.1/../../../../arm-none-eabi/lib/thumb/v7e-m/nofp\libg.a(lib_a-makebuf.o)
 .ARM.attributes
                0x000006f3       0x2e d:/study_stm32/environment/gcc-arm-none-eabi-9-2019-q4-major-win32 (1)/bin/../lib/gcc/arm-none-eabi/9.2.1/../../../../arm-none-eabi/lib/thumb/v7e-m/nofp\libg.a(lib_a-mallocr.o)
 .ARM.attributes
                0x00000721       0x1c d:/study_stm32/environment/gcc-arm-none-eabi-9-2019-q4-major-win32 (1)/bin/../lib/gcc/arm-none-eabi/9.2.1/../../../../arm-none-eabi/lib/thumb/v7e-m/nofp\libg.a(lib_a-memchr.o)
 .ARM.attributes
                0x0000073d       0x1c d:/study_stm32/environment/gcc-arm-none-eabi-9-2019-q4-major-win32 (1)/bin/../lib/gcc/arm-none-eabi/9.2.1/../../../../arm-none-eabi/lib/thumb/v7e-m/nofp\libg.a(lib_a-memcpy.o)
 .ARM.attributes
                0x00000759       0x2e d:/study_stm32/environment/gcc-arm-none-eabi-9-2019-q4-major-win32 (1)/bin/../lib/gcc/arm-none-eabi/9.2.1/../../../../arm-none-eabi/lib/thumb/v7e-m/nofp\libg.a(lib_a-mlock.o)
 .ARM.attributes
                0x00000787       0x2e d:/study_stm32/environment/gcc-arm-none-eabi-9-2019-q4-major-win32 (1)/bin/../lib/gcc/arm-none-eabi/9.2.1/../../../../arm-none-eabi/lib/thumb/v7e-m/nofp\libg.a(lib_a-mprec.o)
 .ARM.attributes
                0x000007b5       0x2e d:/study_stm32/environment/gcc-arm-none-eabi-9-2019-q4-major-win32 (1)/bin/../lib/gcc/arm-none-eabi/9.2.1/../../../../arm-none-eabi/lib/thumb/v7e-m/nofp\libg.a(lib_a-s_frexp.o)
 .ARM.attributes
                0x000007e3       0x2e d:/study_stm32/environment/gcc-arm-none-eabi-9-2019-q4-major-win32 (1)/bin/../lib/gcc/arm-none-eabi/9.2.1/../../../../arm-none-eabi/lib/thumb/v7e-m/nofp\libg.a(lib_a-sbrkr.o)
 .ARM.attributes
                0x00000811       0x2e d:/study_stm32/environment/gcc-arm-none-eabi-9-2019-q4-major-win32 (1)/bin/../lib/gcc/arm-none-eabi/9.2.1/../../../../arm-none-eabi/lib/thumb/v7e-m/nofp\libg.a(lib_a-stdio.o)
 .ARM.attributes
                0x0000083f       0x1c d:/study_stm32/environment/gcc-arm-none-eabi-9-2019-q4-major-win32 (1)/bin/../lib/gcc/arm-none-eabi/9.2.1/../../../../arm-none-eabi/lib/thumb/v7e-m/nofp\libg.a(lib_a-strlen.o)
 .ARM.attributes
                0x0000085b       0x2e d:/study_stm32/environment/gcc-arm-none-eabi-9-2019-q4-major-win32 (1)/bin/../lib/gcc/arm-none-eabi/9.2.1/../../../../arm-none-eabi/lib/thumb/v7e-m/nofp\libg.a(lib_a-strncpy.o)
 .ARM.attributes
                0x00000889       0x2e d:/study_stm32/environment/gcc-arm-none-eabi-9-2019-q4-major-win32 (1)/bin/../lib/gcc/arm-none-eabi/9.2.1/../../../../arm-none-eabi/lib/thumb/v7e-m/nofp\libg.a(lib_a-vfiprintf.o)
 .ARM.attributes
                0x000008b7       0x2e d:/study_stm32/environment/gcc-arm-none-eabi-9-2019-q4-major-win32 (1)/bin/../lib/gcc/arm-none-eabi/9.2.1/../../../../arm-none-eabi/lib/thumb/v7e-m/nofp\libg.a(lib_a-writer.o)
 .ARM.attributes
                0x000008e5       0x2e d:/study_stm32/environment/gcc-arm-none-eabi-9-2019-q4-major-win32 (1)/bin/../lib/gcc/arm-none-eabi/9.2.1/../../../../arm-none-eabi/lib/thumb/v7e-m/nofp\libg.a(lib_a-__atexit.o)
 .ARM.attributes
                0x00000913       0x2e d:/study_stm32/environment/gcc-arm-none-eabi-9-2019-q4-major-win32 (1)/bin/../lib/gcc/arm-none-eabi/9.2.1/../../../../arm-none-eabi/lib/thumb/v7e-m/nofp\libg.a(lib_a-callocr.o)
 .ARM.attributes
                0x00000941       0x2e d:/study_stm32/environment/gcc-arm-none-eabi-9-2019-q4-major-win32 (1)/bin/../lib/gcc/arm-none-eabi/9.2.1/../../../../arm-none-eabi/lib/thumb/v7e-m/nofp\libg.a(lib_a-closer.o)
 .ARM.attributes
                0x0000096f       0x2e d:/study_stm32/environment/gcc-arm-none-eabi-9-2019-q4-major-win32 (1)/bin/../lib/gcc/arm-none-eabi/9.2.1/../../../../arm-none-eabi/lib/thumb/v7e-m/nofp\libg.a(lib_a-fclose.o)
 .ARM.attributes
                0x0000099d       0x2e d:/study_stm32/environment/gcc-arm-none-eabi-9-2019-q4-major-win32 (1)/bin/../lib/gcc/arm-none-eabi/9.2.1/../../../../arm-none-eabi/lib/thumb/v7e-m/nofp\libg.a(lib_a-fputwc.o)
 .ARM.attributes
                0x000009cb       0x2e d:/study_stm32/environment/gcc-arm-none-eabi-9-2019-q4-major-win32 (1)/bin/../lib/gcc/arm-none-eabi/9.2.1/../../../../arm-none-eabi/lib/thumb/v7e-m/nofp\libg.a(lib_a-fstatr.o)
 .ARM.attributes
                0x000009f9       0x2e d:/study_stm32/environment/gcc-arm-none-eabi-9-2019-q4-major-win32 (1)/bin/../lib/gcc/arm-none-eabi/9.2.1/../../../../arm-none-eabi/lib/thumb/v7e-m/nofp\libg.a(lib_a-fvwrite.o)
 .ARM.attributes
                0x00000a27       0x2e d:/study_stm32/environment/gcc-arm-none-eabi-9-2019-q4-major-win32 (1)/bin/../lib/gcc/arm-none-eabi/9.2.1/../../../../arm-none-eabi/lib/thumb/v7e-m/nofp\libg.a(lib_a-isattyr.o)
 .ARM.attributes
                0x00000a55       0x2e d:/study_stm32/environment/gcc-arm-none-eabi-9-2019-q4-major-win32 (1)/bin/../lib/gcc/arm-none-eabi/9.2.1/../../../../arm-none-eabi/lib/thumb/v7e-m/nofp\libg.a(lib_a-locale.o)
 .ARM.attributes
                0x00000a83       0x2e d:/study_stm32/environment/gcc-arm-none-eabi-9-2019-q4-major-win32 (1)/bin/../lib/gcc/arm-none-eabi/9.2.1/../../../../arm-none-eabi/lib/thumb/v7e-m/nofp\libg.a(lib_a-lseekr.o)
 .ARM.attributes
                0x00000ab1       0x2e d:/study_stm32/environment/gcc-arm-none-eabi-9-2019-q4-major-win32 (1)/bin/../lib/gcc/arm-none-eabi/9.2.1/../../../../arm-none-eabi/lib/thumb/v7e-m/nofp\libg.a(lib_a-mbtowc_r.o)
 .ARM.attributes
                0x00000adf       0x2e d:/study_stm32/environment/gcc-arm-none-eabi-9-2019-q4-major-win32 (1)/bin/../lib/gcc/arm-none-eabi/9.2.1/../../../../arm-none-eabi/lib/thumb/v7e-m/nofp\libg.a(lib_a-memmove.o)
 .ARM.attributes
                0x00000b0d       0x2e d:/study_stm32/environment/gcc-arm-none-eabi-9-2019-q4-major-win32 (1)/bin/../lib/gcc/arm-none-eabi/9.2.1/../../../../arm-none-eabi/lib/thumb/v7e-m/nofp\libg.a(lib_a-readr.o)
 .ARM.attributes
                0x00000b3b       0x2e d:/study_stm32/environment/gcc-arm-none-eabi-9-2019-q4-major-win32 (1)/bin/../lib/gcc/arm-none-eabi/9.2.1/../../../../arm-none-eabi/lib/thumb/v7e-m/nofp\libg.a(lib_a-reallocr.o)
 .ARM.attributes
                0x00000b69       0x2e d:/study_stm32/environment/gcc-arm-none-eabi-9-2019-q4-major-win32 (1)/bin/../lib/gcc/arm-none-eabi/9.2.1/../../../../arm-none-eabi/lib/thumb/v7e-m/nofp\libg.a(lib_a-reent.o)
 .ARM.attributes
                0x00000b97       0x2e d:/study_stm32/environment/gcc-arm-none-eabi-9-2019-q4-major-win32 (1)/bin/../lib/gcc/arm-none-eabi/9.2.1/../../../../arm-none-eabi/lib/thumb/v7e-m/nofp\libg.a(lib_a-wbuf.o)
 .ARM.attributes
                0x00000bc5       0x2e d:/study_stm32/environment/gcc-arm-none-eabi-9-2019-q4-major-win32 (1)/bin/../lib/gcc/arm-none-eabi/9.2.1/../../../../arm-none-eabi/lib/thumb/v7e-m/nofp\libg.a(lib_a-wcrtomb.o)
 .ARM.attributes
                0x00000bf3       0x2e d:/study_stm32/environment/gcc-arm-none-eabi-9-2019-q4-major-win32 (1)/bin/../lib/gcc/arm-none-eabi/9.2.1/../../../../arm-none-eabi/lib/thumb/v7e-m/nofp\libg.a(lib_a-wctomb_r.o)
 .ARM.attributes
                0x00000c21       0x2e d:/study_stm32/environment/gcc-arm-none-eabi-9-2019-q4-major-win32 (1)/bin/../lib/gcc/arm-none-eabi/9.2.1/../../../../arm-none-eabi/lib/thumb/v7e-m/nofp\libg.a(lib_a-ctype_.o)
 .ARM.attributes
                0x00000c4f       0x1e d:/study_stm32/environment/gcc-arm-none-eabi-9-2019-q4-major-win32 (1)/bin/../lib/gcc/arm-none-eabi/9.2.1/thumb/v7e-m/nofp\libgcc.a(_arm_addsubdf3.o)
 .ARM.attributes
                0x00000c6d       0x1e d:/study_stm32/environment/gcc-arm-none-eabi-9-2019-q4-major-win32 (1)/bin/../lib/gcc/arm-none-eabi/9.2.1/thumb/v7e-m/nofp\libgcc.a(_arm_muldivdf3.o)
 .ARM.attributes
                0x00000c8b       0x1e d:/study_stm32/environment/gcc-arm-none-eabi-9-2019-q4-major-win32 (1)/bin/../lib/gcc/arm-none-eabi/9.2.1/thumb/v7e-m/nofp\libgcc.a(_arm_cmpdf2.o)
 .ARM.attributes
                0x00000ca9       0x1e d:/study_stm32/environment/gcc-arm-none-eabi-9-2019-q4-major-win32 (1)/bin/../lib/gcc/arm-none-eabi/9.2.1/thumb/v7e-m/nofp\libgcc.a(_arm_unorddf2.o)
 .ARM.attributes
                0x00000cc7       0x1e d:/study_stm32/environment/gcc-arm-none-eabi-9-2019-q4-major-win32 (1)/bin/../lib/gcc/arm-none-eabi/9.2.1/thumb/v7e-m/nofp\libgcc.a(_arm_fixdfsi.o)
 .ARM.attributes
                0x00000ce5       0x1e d:/study_stm32/environment/gcc-arm-none-eabi-9-2019-q4-major-win32 (1)/bin/../lib/gcc/arm-none-eabi/9.2.1/thumb/v7e-m/nofp/crtn.o
OUTPUT(demo8.elf elf32-littlearm)

.debug_info     0x00000000    0x1646f
 .debug_info    0x00000000      0xe24 CMakeFiles/demo8.elf.dir/Core/Src/gpio.c.obj
 .debug_info    0x00000e24     0x190a CMakeFiles/demo8.elf.dir/Core/Src/main.c.obj
 .debug_info    0x0000272e      0xc56 CMakeFiles/demo8.elf.dir/Core/Src/stm32f4xx_hal_msp.c.obj
 .debug_info    0x00003384     0x138f CMakeFiles/demo8.elf.dir/Core/Src/stm32f4xx_it.c.obj
 .debug_info    0x00004713     0x112a CMakeFiles/demo8.elf.dir/Core/Src/syscalls.c.obj
 .debug_info    0x0000583d      0x3fe CMakeFiles/demo8.elf.dir/Core/Src/system_stm32f4xx.c.obj
 .debug_info    0x00005c3b     0x186c CMakeFiles/demo8.elf.dir/Core/Src/tim.c.obj
 .debug_info    0x000074a7     0x171b CMakeFiles/demo8.elf.dir/Core/Src/usart.c.obj
 .debug_info    0x00008bc2      0xa79 CMakeFiles/demo8.elf.dir/Drivers/STM32F4xx_HAL_Driver/Src/stm32f4xx_hal.c.obj
 .debug_info    0x0000963b     0x1154 CMakeFiles/demo8.elf.dir/Drivers/STM32F4xx_HAL_Driver/Src/stm32f4xx_hal_cortex.c.obj
 .debug_info    0x0000a78f      0xbed CMakeFiles/demo8.elf.dir/Drivers/STM32F4xx_HAL_Driver/Src/stm32f4xx_hal_dma.c.obj
 .debug_info    0x0000b37c      0x884 CMakeFiles/demo8.elf.dir/Drivers/STM32F4xx_HAL_Driver/Src/stm32f4xx_hal_gpio.c.obj
 .debug_info    0x0000bc00      0xb5d CMakeFiles/demo8.elf.dir/Drivers/STM32F4xx_HAL_Driver/Src/stm32f4xx_hal_rcc.c.obj
 .debug_info    0x0000c75d     0x3e3c CMakeFiles/demo8.elf.dir/Drivers/STM32F4xx_HAL_Driver/Src/stm32f4xx_hal_tim.c.obj
 .debug_info    0x00010599     0x1bc8 CMakeFiles/demo8.elf.dir/Drivers/STM32F4xx_HAL_Driver/Src/stm32f4xx_hal_tim_ex.c.obj
 .debug_info    0x00012161     0x42ec CMakeFiles/demo8.elf.dir/Drivers/STM32F4xx_HAL_Driver/Src/stm32f4xx_hal_uart.c.obj
 .debug_info    0x0001644d       0x22 CMakeFiles/demo8.elf.dir/startup/startup_stm32f407xx.s.obj

.debug_abbrev   0x00000000     0x296e
 .debug_abbrev  0x00000000      0x258 CMakeFiles/demo8.elf.dir/Core/Src/gpio.c.obj
 .debug_abbrev  0x00000258      0x2f3 CMakeFiles/demo8.elf.dir/Core/Src/main.c.obj
 .debug_abbrev  0x0000054b      0x24b CMakeFiles/demo8.elf.dir/Core/Src/stm32f4xx_hal_msp.c.obj
 .debug_abbrev  0x00000796      0x263 CMakeFiles/demo8.elf.dir/Core/Src/stm32f4xx_it.c.obj
 .debug_abbrev  0x000009f9      0x31e CMakeFiles/demo8.elf.dir/Core/Src/syscalls.c.obj
 .debug_abbrev  0x00000d17      0x148 CMakeFiles/demo8.elf.dir/Core/Src/system_stm32f4xx.c.obj
 .debug_abbrev  0x00000e5f      0x2c6 CMakeFiles/demo8.elf.dir/Core/Src/tim.c.obj
 .debug_abbrev  0x00001125      0x2e7 CMakeFiles/demo8.elf.dir/Core/Src/usart.c.obj
 .debug_abbrev  0x0000140c      0x219 CMakeFiles/demo8.elf.dir/Drivers/STM32F4xx_HAL_Driver/Src/stm32f4xx_hal.c.obj
 .debug_abbrev  0x00001625      0x390 CMakeFiles/demo8.elf.dir/Drivers/STM32F4xx_HAL_Driver/Src/stm32f4xx_hal_cortex.c.obj
 .debug_abbrev  0x000019b5      0x2d5 CMakeFiles/demo8.elf.dir/Drivers/STM32F4xx_HAL_Driver/Src/stm32f4xx_hal_dma.c.obj
 .debug_abbrev  0x00001c8a      0x21c CMakeFiles/demo8.elf.dir/Drivers/STM32F4xx_HAL_Driver/Src/stm32f4xx_hal_gpio.c.obj
 .debug_abbrev  0x00001ea6      0x2ae CMakeFiles/demo8.elf.dir/Drivers/STM32F4xx_HAL_Driver/Src/stm32f4xx_hal_rcc.c.obj
 .debug_abbrev  0x00002154      0x258 CMakeFiles/demo8.elf.dir/Drivers/STM32F4xx_HAL_Driver/Src/stm32f4xx_hal_tim.c.obj
 .debug_abbrev  0x000023ac      0x26e CMakeFiles/demo8.elf.dir/Drivers/STM32F4xx_HAL_Driver/Src/stm32f4xx_hal_tim_ex.c.obj
 .debug_abbrev  0x0000261a      0x342 CMakeFiles/demo8.elf.dir/Drivers/STM32F4xx_HAL_Driver/Src/stm32f4xx_hal_uart.c.obj
 .debug_abbrev  0x0000295c       0x12 CMakeFiles/demo8.elf.dir/startup/startup_stm32f407xx.s.obj

.debug_aranges  0x00000000      0xca8
 .debug_aranges
                0x00000000       0x20 CMakeFiles/demo8.elf.dir/Core/Src/gpio.c.obj
 .debug_aranges
                0x00000020       0x38 CMakeFiles/demo8.elf.dir/Core/Src/main.c.obj
 .debug_aranges
                0x00000058       0x20 CMakeFiles/demo8.elf.dir/Core/Src/stm32f4xx_hal_msp.c.obj
 .debug_aranges
                0x00000078       0x70 CMakeFiles/demo8.elf.dir/Core/Src/stm32f4xx_it.c.obj
 .debug_aranges
                0x000000e8       0xb0 CMakeFiles/demo8.elf.dir/Core/Src/syscalls.c.obj
 .debug_aranges
                0x00000198       0x28 CMakeFiles/demo8.elf.dir/Core/Src/system_stm32f4xx.c.obj
 .debug_aranges
                0x000001c0       0x40 CMakeFiles/demo8.elf.dir/Core/Src/tim.c.obj
 .debug_aranges
                0x00000200       0x40 CMakeFiles/demo8.elf.dir/Core/Src/usart.c.obj
 .debug_aranges
                0x00000240       0xf0 CMakeFiles/demo8.elf.dir/Drivers/STM32F4xx_HAL_Driver/Src/stm32f4xx_hal.c.obj
 .debug_aranges
                0x00000330       0xa8 CMakeFiles/demo8.elf.dir/Drivers/STM32F4xx_HAL_Driver/Src/stm32f4xx_hal_cortex.c.obj
 .debug_aranges
                0x000003d8       0x90 CMakeFiles/demo8.elf.dir/Drivers/STM32F4xx_HAL_Driver/Src/stm32f4xx_hal_dma.c.obj
 .debug_aranges
                0x00000468       0x58 CMakeFiles/demo8.elf.dir/Drivers/STM32F4xx_HAL_Driver/Src/stm32f4xx_hal_gpio.c.obj
 .debug_aranges
                0x000004c0       0x88 CMakeFiles/demo8.elf.dir/Drivers/STM32F4xx_HAL_Driver/Src/stm32f4xx_hal_rcc.c.obj
 .debug_aranges
                0x00000548      0x3d0 CMakeFiles/demo8.elf.dir/Drivers/STM32F4xx_HAL_Driver/Src/stm32f4xx_hal_tim.c.obj
 .debug_aranges
                0x00000918      0x168 CMakeFiles/demo8.elf.dir/Drivers/STM32F4xx_HAL_Driver/Src/stm32f4xx_hal_tim_ex.c.obj
 .debug_aranges
                0x00000a80      0x200 CMakeFiles/demo8.elf.dir/Drivers/STM32F4xx_HAL_Driver/Src/stm32f4xx_hal_uart.c.obj
 .debug_aranges
                0x00000c80       0x28 CMakeFiles/demo8.elf.dir/startup/startup_stm32f407xx.s.obj

.debug_ranges   0x00000000      0xc30
 .debug_ranges  0x00000000       0x10 CMakeFiles/demo8.elf.dir/Core/Src/gpio.c.obj
 .debug_ranges  0x00000010       0x28 CMakeFiles/demo8.elf.dir/Core/Src/main.c.obj
 .debug_ranges  0x00000038       0x10 CMakeFiles/demo8.elf.dir/Core/Src/stm32f4xx_hal_msp.c.obj
 .debug_ranges  0x00000048       0x60 CMakeFiles/demo8.elf.dir/Core/Src/stm32f4xx_it.c.obj
 .debug_ranges  0x000000a8       0xa0 CMakeFiles/demo8.elf.dir/Core/Src/syscalls.c.obj
 .debug_ranges  0x00000148       0x18 CMakeFiles/demo8.elf.dir/Core/Src/system_stm32f4xx.c.obj
 .debug_ranges  0x00000160       0x30 CMakeFiles/demo8.elf.dir/Core/Src/tim.c.obj
 .debug_ranges  0x00000190       0x30 CMakeFiles/demo8.elf.dir/Core/Src/usart.c.obj
 .debug_ranges  0x000001c0       0xe0 CMakeFiles/demo8.elf.dir/Drivers/STM32F4xx_HAL_Driver/Src/stm32f4xx_hal.c.obj
 .debug_ranges  0x000002a0       0xf8 CMakeFiles/demo8.elf.dir/Drivers/STM32F4xx_HAL_Driver/Src/stm32f4xx_hal_cortex.c.obj
 .debug_ranges  0x00000398       0x80 CMakeFiles/demo8.elf.dir/Drivers/STM32F4xx_HAL_Driver/Src/stm32f4xx_hal_dma.c.obj
 .debug_ranges  0x00000418       0x48 CMakeFiles/demo8.elf.dir/Drivers/STM32F4xx_HAL_Driver/Src/stm32f4xx_hal_gpio.c.obj
 .debug_ranges  0x00000460       0x90 CMakeFiles/demo8.elf.dir/Drivers/STM32F4xx_HAL_Driver/Src/stm32f4xx_hal_rcc.c.obj
 .debug_ranges  0x000004f0      0x3c0 CMakeFiles/demo8.elf.dir/Drivers/STM32F4xx_HAL_Driver/Src/stm32f4xx_hal_tim.c.obj
 .debug_ranges  0x000008b0      0x158 CMakeFiles/demo8.elf.dir/Drivers/STM32F4xx_HAL_Driver/Src/stm32f4xx_hal_tim_ex.c.obj
 .debug_ranges  0x00000a08      0x208 CMakeFiles/demo8.elf.dir/Drivers/STM32F4xx_HAL_Driver/Src/stm32f4xx_hal_uart.c.obj
 .debug_ranges  0x00000c10       0x20 CMakeFiles/demo8.elf.dir/startup/startup_stm32f407xx.s.obj

.debug_line     0x00000000    0x107cd
 .debug_line    0x00000000      0x382 CMakeFiles/demo8.elf.dir/Core/Src/gpio.c.obj
 .debug_line    0x00000382      0x54b CMakeFiles/demo8.elf.dir/Core/Src/main.c.obj
 .debug_line    0x000008cd      0x344 CMakeFiles/demo8.elf.dir/Core/Src/stm32f4xx_hal_msp.c.obj
 .debug_line    0x00000c11      0x501 CMakeFiles/demo8.elf.dir/Core/Src/stm32f4xx_it.c.obj
 .debug_line    0x00001112      0x591 CMakeFiles/demo8.elf.dir/Core/Src/syscalls.c.obj
 .debug_line    0x000016a3      0x345 CMakeFiles/demo8.elf.dir/Core/Src/system_stm32f4xx.c.obj
 .debug_line    0x000019e8      0x5b8 CMakeFiles/demo8.elf.dir/Core/Src/tim.c.obj
 .debug_line    0x00001fa0      0x571 CMakeFiles/demo8.elf.dir/Core/Src/usart.c.obj
 .debug_line    0x00002511      0x62d CMakeFiles/demo8.elf.dir/Drivers/STM32F4xx_HAL_Driver/Src/stm32f4xx_hal.c.obj
 .debug_line    0x00002b3e      0x86a CMakeFiles/demo8.elf.dir/Drivers/STM32F4xx_HAL_Driver/Src/stm32f4xx_hal_cortex.c.obj
 .debug_line    0x000033a8      0xf19 CMakeFiles/demo8.elf.dir/Drivers/STM32F4xx_HAL_Driver/Src/stm32f4xx_hal_dma.c.obj
 .debug_line    0x000042c1      0x7f7 CMakeFiles/demo8.elf.dir/Drivers/STM32F4xx_HAL_Driver/Src/stm32f4xx_hal_gpio.c.obj
 .debug_line    0x00004ab8      0xbfe CMakeFiles/demo8.elf.dir/Drivers/STM32F4xx_HAL_Driver/Src/stm32f4xx_hal_rcc.c.obj
 .debug_line    0x000056b6     0x4bc5 CMakeFiles/demo8.elf.dir/Drivers/STM32F4xx_HAL_Driver/Src/stm32f4xx_hal_tim.c.obj
 .debug_line    0x0000a27b     0x1de6 CMakeFiles/demo8.elf.dir/Drivers/STM32F4xx_HAL_Driver/Src/stm32f4xx_hal_tim_ex.c.obj
 .debug_line    0x0000c061     0x46c6 CMakeFiles/demo8.elf.dir/Drivers/STM32F4xx_HAL_Driver/Src/stm32f4xx_hal_uart.c.obj
 .debug_line    0x00010727       0xa6 CMakeFiles/demo8.elf.dir/startup/startup_stm32f407xx.s.obj

.debug_str      0x00000000     0x4431
 .debug_str     0x00000000      0x7e9 CMakeFiles/demo8.elf.dir/Core/Src/gpio.c.obj
                                0x889 (size before relaxing)
 .debug_str     0x000007e9      0x8da CMakeFiles/demo8.elf.dir/Core/Src/main.c.obj
                               0x1162 (size before relaxing)
 .debug_str     0x000010c3       0x6e CMakeFiles/demo8.elf.dir/Core/Src/stm32f4xx_hal_msp.c.obj
                                0x7f5 (size before relaxing)
 .debug_str     0x00001131      0x141 CMakeFiles/demo8.elf.dir/Core/Src/stm32f4xx_it.c.obj
                                0xedc (size before relaxing)
 .debug_str     0x00001272      0x267 CMakeFiles/demo8.elf.dir/Core/Src/syscalls.c.obj
                                0x892 (size before relaxing)
 .debug_str     0x000014d9       0x80 CMakeFiles/demo8.elf.dir/Core/Src/system_stm32f4xx.c.obj
                                0x41f (size before relaxing)
 .debug_str     0x00001559      0x6c1 CMakeFiles/demo8.elf.dir/Core/Src/tim.c.obj
                               0x145a (size before relaxing)
 .debug_str     0x00001c1a       0xb6 CMakeFiles/demo8.elf.dir/Core/Src/usart.c.obj
                               0x1291 (size before relaxing)
 .debug_str     0x00001cd0      0x2d9 CMakeFiles/demo8.elf.dir/Drivers/STM32F4xx_HAL_Driver/Src/stm32f4xx_hal.c.obj
                                0xc05 (size before relaxing)
 .debug_str     0x00001fa9      0x4a6 CMakeFiles/demo8.elf.dir/Drivers/STM32F4xx_HAL_Driver/Src/stm32f4xx_hal_cortex.c.obj
                                0xd44 (size before relaxing)
 .debug_str     0x0000244f      0x333 CMakeFiles/demo8.elf.dir/Drivers/STM32F4xx_HAL_Driver/Src/stm32f4xx_hal_dma.c.obj
                                0x890 (size before relaxing)
 .debug_str     0x00002782      0x13c CMakeFiles/demo8.elf.dir/Drivers/STM32F4xx_HAL_Driver/Src/stm32f4xx_hal_gpio.c.obj
                                0x60a (size before relaxing)
 .debug_str     0x000028be      0x1b8 CMakeFiles/demo8.elf.dir/Drivers/STM32F4xx_HAL_Driver/Src/stm32f4xx_hal_rcc.c.obj
                                0x7e8 (size before relaxing)
 .debug_str     0x00002a76      0xe55 CMakeFiles/demo8.elf.dir/Drivers/STM32F4xx_HAL_Driver/Src/stm32f4xx_hal_tim.c.obj
                               0x17f5 (size before relaxing)
 .debug_str     0x000038cb      0x549 CMakeFiles/demo8.elf.dir/Drivers/STM32F4xx_HAL_Driver/Src/stm32f4xx_hal_tim_ex.c.obj
                                0xff6 (size before relaxing)
 .debug_str     0x00003e14      0x5c9 CMakeFiles/demo8.elf.dir/Drivers/STM32F4xx_HAL_Driver/Src/stm32f4xx_hal_uart.c.obj
                                0xe72 (size before relaxing)
 .debug_str     0x000043dd       0x54 CMakeFiles/demo8.elf.dir/startup/startup_stm32f407xx.s.obj
                                 0x8e (size before relaxing)

.comment        0x00000000       0x79
 .comment       0x00000000       0x79 CMakeFiles/demo8.elf.dir/Core/Src/gpio.c.obj
                                 0x7a (size before relaxing)
 .comment       0x00000079       0x7a CMakeFiles/demo8.elf.dir/Core/Src/main.c.obj
 .comment       0x00000079       0x7a CMakeFiles/demo8.elf.dir/Core/Src/stm32f4xx_hal_msp.c.obj
 .comment       0x00000079       0x7a CMakeFiles/demo8.elf.dir/Core/Src/stm32f4xx_it.c.obj
 .comment       0x00000079       0x7a CMakeFiles/demo8.elf.dir/Core/Src/syscalls.c.obj
 .comment       0x00000079       0x7a CMakeFiles/demo8.elf.dir/Core/Src/system_stm32f4xx.c.obj
 .comment       0x00000079       0x7a CMakeFiles/demo8.elf.dir/Core/Src/tim.c.obj
 .comment       0x00000079       0x7a CMakeFiles/demo8.elf.dir/Core/Src/usart.c.obj
 .comment       0x00000079       0x7a CMakeFiles/demo8.elf.dir/Drivers/STM32F4xx_HAL_Driver/Src/stm32f4xx_hal.c.obj